Archive member included to satisfy reference by file (symbol)

/home/joyal/Documents/MCUXpresso_11.1.1_3241/workspace/lpc_board_nxp_lpcxpresso_1769/Debug/liblpc_board_nxp_lpcxpresso_1769.a(board.o)
                              ./freertos/src/FreeRTOSCommonHooks.o (Board_UARTPutSTR)
/home/joyal/Documents/MCUXpresso_11.1.1_3241/workspace/lpc_board_nxp_lpcxpresso_1769/Debug/liblpc_board_nxp_lpcxpresso_1769.a(board_sysinit.o)
                              ./source/src/sysinit.o (Board_SystemInit)
/home/joyal/Documents/MCUXpresso_11.1.1_3241/workspace/lpc_chip_175x_6x/Debug/liblpc_chip_175x_6x.a(chip_17xx_40xx.o)
                              ./freertos/src/port.o (SystemCoreClock)
/home/joyal/Documents/MCUXpresso_11.1.1_3241/workspace/lpc_chip_175x_6x/Debug/liblpc_chip_175x_6x.a(clock_17xx_40xx.o)
                              /home/joyal/Documents/MCUXpresso_11.1.1_3241/workspace/lpc_chip_175x_6x/Debug/liblpc_chip_175x_6x.a(chip_17xx_40xx.o) (Chip_Clock_EnablePLL)
/home/joyal/Documents/MCUXpresso_11.1.1_3241/workspace/lpc_chip_175x_6x/Debug/liblpc_chip_175x_6x.a(i2s_17xx_40xx.o)
                              /home/joyal/Documents/MCUXpresso_11.1.1_3241/workspace/lpc_board_nxp_lpcxpresso_1769/Debug/liblpc_board_nxp_lpcxpresso_1769.a(board.o) (Chip_I2S_Init)
/home/joyal/Documents/MCUXpresso_11.1.1_3241/workspace/lpc_chip_175x_6x/Debug/liblpc_chip_175x_6x.a(iocon_17xx_40xx.o)
                              /home/joyal/Documents/MCUXpresso_11.1.1_3241/workspace/lpc_board_nxp_lpcxpresso_1769/Debug/liblpc_board_nxp_lpcxpresso_1769.a(board.o) (Chip_IOCON_PinMux)
/home/joyal/Documents/MCUXpresso_11.1.1_3241/workspace/lpc_chip_175x_6x/Debug/liblpc_chip_175x_6x.a(sysinit_17xx_40xx.o)
                              /home/joyal/Documents/MCUXpresso_11.1.1_3241/workspace/lpc_board_nxp_lpcxpresso_1769/Debug/liblpc_board_nxp_lpcxpresso_1769.a(board_sysinit.o) (Chip_SetupXtalClocking)
/home/joyal/Documents/MCUXpresso_11.1.1_3241/workspace/lpc_chip_175x_6x/Debug/liblpc_chip_175x_6x.a(uart_17xx_40xx.o)
                              /home/joyal/Documents/MCUXpresso_11.1.1_3241/workspace/lpc_board_nxp_lpcxpresso_1769/Debug/liblpc_board_nxp_lpcxpresso_1769.a(board.o) (Chip_UART_Init)
/home/joyal/Documents/MCUXpresso_11.1.1_3241/workspace/lpc_chip_175x_6x/Debug/liblpc_chip_175x_6x.a(ring_buffer.o)
                              /home/joyal/Documents/MCUXpresso_11.1.1_3241/workspace/lpc_chip_175x_6x/Debug/liblpc_chip_175x_6x.a(uart_17xx_40xx.o) (RingBuffer_Insert)
/usr/local/mcuxpressoide-11.1.1_3241/ide/plugins/com.nxp.mcuxpresso.tools.linux_11.1.0.202001081728/tools/bin/../lib/gcc/arm-none-eabi/8.3.1/../../../../arm-none-eabi/lib/thumb/v7-m/nofp/libcr_nohost.a(_cr__main.o)
                              ./source/src/cr_startup_lpc175x_6x.o (__main)
/usr/local/mcuxpressoide-11.1.1_3241/ide/plugins/com.nxp.mcuxpresso.tools.linux_11.1.0.202001081728/tools/bin/../lib/gcc/arm-none-eabi/8.3.1/../../../../arm-none-eabi/lib/thumb/v7-m/nofp/libcr_c.a(memcpy.o)
                              ./freertos/src/queue.o (memcpy)
/usr/local/mcuxpressoide-11.1.1_3241/ide/plugins/com.nxp.mcuxpresso.tools.linux_11.1.0.202001081728/tools/bin/../lib/gcc/arm-none-eabi/8.3.1/../../../../arm-none-eabi/lib/thumb/v7-m/nofp/libcr_c.a(memset.o)
                              ./freertos/src/tasks.o (memset)
/usr/local/mcuxpressoide-11.1.1_3241/ide/plugins/com.nxp.mcuxpresso.tools.linux_11.1.0.202001081728/tools/bin/../lib/gcc/arm-none-eabi/8.3.1/../../../../arm-none-eabi/lib/thumb/v7-m/nofp/libcr_c.a(alloc.o)
                              ./freertos/src/heap_3.o (malloc)
/usr/local/mcuxpressoide-11.1.1_3241/ide/plugins/com.nxp.mcuxpresso.tools.linux_11.1.0.202001081728/tools/bin/../lib/gcc/arm-none-eabi/8.3.1/../../../../arm-none-eabi/lib/thumb/v7-m/nofp/libcr_c.a(fpprintf.o)
                              ./freertos/src/FreeRTOSCommonHooks.o (printf)
/usr/local/mcuxpressoide-11.1.1_3241/ide/plugins/com.nxp.mcuxpresso.tools.linux_11.1.0.202001081728/tools/bin/../lib/gcc/arm-none-eabi/8.3.1/../../../../arm-none-eabi/lib/thumb/v7-m/nofp/libcr_c.a(initio.o)
                              /usr/local/mcuxpressoide-11.1.1_3241/ide/plugins/com.nxp.mcuxpresso.tools.linux_11.1.0.202001081728/tools/bin/../lib/gcc/arm-none-eabi/8.3.1/../../../../arm-none-eabi/lib/thumb/v7-m/nofp/libcr_nohost.a(_cr__main.o) (_initio)
/usr/local/mcuxpressoide-11.1.1_3241/ide/plugins/com.nxp.mcuxpresso.tools.linux_11.1.0.202001081728/tools/bin/../lib/gcc/arm-none-eabi/8.3.1/../../../../arm-none-eabi/lib/thumb/v7-m/nofp/libcr_c.a(printf.o)
                              /usr/local/mcuxpressoide-11.1.1_3241/ide/plugins/com.nxp.mcuxpresso.tools.linux_11.1.0.202001081728/tools/bin/../lib/gcc/arm-none-eabi/8.3.1/../../../../arm-none-eabi/lib/thumb/v7-m/nofp/libcr_c.a(fpprintf.o) (__vfprintf)
/usr/local/mcuxpressoide-11.1.1_3241/ide/plugins/com.nxp.mcuxpresso.tools.linux_11.1.0.202001081728/tools/bin/../lib/gcc/arm-none-eabi/8.3.1/../../../../arm-none-eabi/lib/thumb/v7-m/nofp/libcr_c.a(setvbuf.o)
[...]
Memory Configuration

Name             Origin             Length             Attributes
MFlash512        0x0000000000000000 0x0000000000080000 xr
RamLoc32         0x0000000010000000 0x0000000000008000 xrw
RamAHB32         0x000000002007c000 0x0000000000008000 xrw
*default*        0x0000000000000000 0xffffffffffffffff

Linker script and memory map

LOAD ./source/src/cr_startup_lpc175x_6x.o
LOAD ./source/src/onetaskproj.o
LOAD ./source/src/sysinit.o
LOAD ./freertos/src/FreeRTOSCommonHooks.o
LOAD ./freertos/src/heap_3.o
LOAD ./freertos/src/list.o
LOAD ./freertos/src/port.o
LOAD ./freertos/src/queue.o
LOAD ./freertos/src/tasks.o
LOAD /home/joyal/Documents/MCUXpresso_11.1.1_3241/workspace/lpc_board_nxp_lpcxpresso_1769/Debug/liblpc_board_nxp_lpcxpresso_1769.a
LOAD /home/joyal/Documents/MCUXpresso_11.1.1_3241/workspace/lpc_chip_175x_6x/Debug/liblpc_chip_175x_6x.a
START GROUP
LOAD /usr/local/mcuxpressoide-11.1.1_3241/ide/plugins/com.nxp.mcuxpresso.tools.linux_11.1.0.202001081728/tools/bin/../lib/gcc/arm-none-eabi/8.3.1/../../../../arm-none-eabi/lib/thumb/v7-m/nofp/libcr_nohost.a
LOAD /usr/local/mcuxpressoide-11.1.1_3241/ide/plugins/com.nxp.mcuxpresso.tools.linux_11.1.0.202001081728/tools/bin/../lib/gcc/arm-none-eabi/8.3.1/../../../../arm-none-eabi/lib/thumb/v7-m/nofp/libcr_c.a
LOAD /usr/local/mcuxpressoide-11.1.1_3241/ide/plugins/com.nxp.mcuxpresso.tools.linux_11.1.0.202001081728/tools/bin/../lib/gcc/arm-none-eabi/8.3.1/thumb/v7-m/nofp/libcr_eabihelpers.a
LOAD /usr/local/mcuxpressoide-11.1.1_3241/ide/plugins/com.nxp.mcuxpresso.tools.linux_11.1.0.202001081728/tools/bin/../lib/gcc/arm-none-eabi/8.3.1/thumb/v7-m/nofp/libgcc.a
END GROUP
                0x0000000000000000                __base_MFlash512 = 0x0
                0x0000000000000000                __base_Flash = 0x0
                0x0000000000080000                __top_MFlash512 = 0x80000
                0x0000000000080000                __top_Flash = 0x80000
                0x0000000010000000                __base_RamLoc32 = 0x10000000
                0x0000000010000000                __base_RAM = 0x10000000
                0x0000000010008000                __top_RamLoc32 = 0x10008000
                0x0000000010008000                __top_RAM = 0x10008000
                0x000000002007c000                __base_RamAHB32 = 0x2007c000
                0x000000002007c000                __base_RAM2 = 0x2007c000
                0x0000000020084000                __top_RamAHB32 = 0x20084000
                0x0000000020084000                __top_RAM2 = 0x20084000

.text           0x0000000000000000     0x26c0
 FILL mask 0xff
                0x0000000000000000                __vectors_start__ = ABSOLUTE (.)
 *(.isr_vector)
 .isr_vector    0x0000000000000000       0xcc ./source/src/cr_startup_lpc175x_6x.o
                0x0000000000000000                g_pfnVectors
                0x00000000000000cc                . = ALIGN (0x4)
                0x00000000000000cc                __section_table_start = .
                0x00000000000000cc                __data_section_table = .
                0x00000000000000cc        0x4 LONG 0x26c0 LOADADDR (.data)
                0x00000000000000d0        0x4 LONG 0x10000000 ADDR (.data)
                0x00000000000000d4        0x4 LONG 0x8 SIZEOF (.data)
                0x00000000000000d8        0x4 LONG 0x26c0 LOADADDR (.data_RAM2)
                0x00000000000000dc        0x4 LONG 0x2007c000 ADDR (.data_RAM2)
                0x00000000000000e0        0x4 LONG 0x0 SIZEOF (.data_RAM2)
                0x00000000000000e4                __data_section_table_end = .
                0x00000000000000e4                __bss_section_table = .
                0x00000000000000e4        0x4 LONG 0x10000008 ADDR (.bss)
                0x00000000000000e8        0x4 LONG 0x334 SIZEOF (.bss)
                0x00000000000000ec        0x4 LONG 0x2007c000 ADDR (.bss_RAM2)
                0x00000000000000f0        0x4 LONG 0x0 SIZEOF (.bss_RAM2)
                0x00000000000000f4                __bss_section_table_end = .
                0x00000000000000f4                __section_table_end = .
 *(.after_vectors*)
 .after_vectors
                0x00000000000000f4      0x12c ./source/src/cr_startup_lpc175x_6x.o
                0x00000000000000f4                data_init
                0x0000000000000136                bss_init
                0x000000000000016c                ResetISR
                0x00000000000001e4                NMI_Handler
                0x00000000000001ea                HardFault_Handler
                0x00000000000001f0                MemManage_Handler
                0x00000000000001f6                BusFault_Handler
                0x00000000000001fc                UsageFault_Handler
                0x0000000000000208                DebugMon_Handler
                0x000000000000021a                TIMER2_IRQHandler
                0x000000000000021a                RIT_IRQHandler
                0x000000000000021a                I2C0_IRQHandler
                0x000000000000021a                USBActivity_IRQHandler
                0x000000000000021a                PWM1_IRQHandler
                0x000000000000021a                I2C1_IRQHandler
                0x000000000000021a                EINT2_IRQHandler
                0x000000000000021a                UART1_IRQHandler
                0x000000000000021a                EINT3_IRQHandler
                0x000000000000021a                CANActivity_IRQHandler
                0x000000000000021a                TIMER3_IRQHandler
                0x000000000000021a                UART0_IRQHandler
                0x000000000000021a                IntDefaultHandler
                0x000000000000021a                PLL0_IRQHandler
                0x000000000000021a                CAN_IRQHandler
                0x000000000000021a                PLL1_IRQHandler
                0x000000000000021a                SSP0_IRQHandler
                0x000000000000021a                I2S_IRQHandler
                0x000000000000021a                I2C2_IRQHandler
                0x000000000000021a                RTC_IRQHandler
                0x000000000000021a                TIMER0_IRQHandler
                0x000000000000021a                SPI_IRQHandler
                0x000000000000021a                EINT1_IRQHandler
                0x000000000000021a                TIMER1_IRQHandler
                0x000000000000021a                UART2_IRQHandler
                0x000000000000021a                ADC_IRQHandler
                0x000000000000021a                SSP1_IRQHandler
                0x000000000000021a                USB_IRQHandler
                0x000000000000021a                BOD_IRQHandler
                0x000000000000021a                WDT_IRQHandler
                0x000000000000021a                QEI_IRQHandler
                0x000000000000021a                EINT0_IRQHandler
                0x000000000000021a                ETH_IRQHandler
                0x000000000000021a                DMA_IRQHandler
                0x000000000000021a                UART3_IRQHandler
                0x000000000000021a                MCPWM_IRQHandler
 *(.text*)
 .text.NVIC_EnableIRQ
                0x0000000000000220       0x30 ./source/src/onetaskproj.o
 .text.NVIC_ClearPendingIRQ
                0x0000000000000250       0x34 ./source/src/onetaskproj.o
 .text.Chip_GPIOINT_SetIntFalling
                0x0000000000000284       0x2c ./source/src/onetaskproj.o
 .text.Chip_GPIOINT_ClearIntStatus
                0x00000000000002b0       0x2c ./source/src/onetaskproj.o
 .text.prvSetupHardware
                0x00000000000002dc       0x48 ./source/src/onetaskproj.o
 .text.vLEDTask1
                0x0000000000000324       0x74 ./source/src/onetaskproj.o
 .text.main     0x0000000000000398       0x74 ./source/src/onetaskproj.o
                0x0000000000000398                main
 .text.SystemInit
                0x000000000000040c       0x24 ./source/src/sysinit.o
                0x000000000000040c                SystemInit
 .text.vApplicationIdleHook
                0x0000000000000430        0xe ./freertos/src/FreeRTOSCommonHooks.o
                0x0000000000000430                vApplicationIdleHook
 .text.pvPortMalloc
                0x000000000000043e       0x22 ./freertos/src/heap_3.o
                0x000000000000043e                pvPortMalloc
 .text.vPortFree
                0x0000000000000460       0x24 ./freertos/src/heap_3.o
                0x0000000000000460                vPortFree
 .text.vListInitialise
                0x0000000000000484       0x3e ./freertos/src/list.o
                0x0000000000000484                vListInitialise
 .text.vListInitialiseItem
                0x00000000000004c2       0x18 ./freertos/src/list.o
                0x00000000000004c2                vListInitialiseItem
 .text.vListInsertEnd
                0x00000000000004da       0x46 ./freertos/src/list.o
                0x00000000000004da                vListInsertEnd
 .text.vListInsert
                0x0000000000000520       0x70 ./freertos/src/list.o
                0x0000000000000520                vListInsert
 .text.uxListRemove
                0x0000000000000590       0x52 ./freertos/src/list.o
                0x0000000000000590                uxListRemove
 *fill*         0x00000000000005e2        0x2 ff
 .text.pxPortInitialiseStack
                0x00000000000005e4       0x54 ./freertos/src/port.o
                0x00000000000005e4                pxPortInitialiseStack
 .text.prvTaskExitError
                0x0000000000000638        0xa ./freertos/src/port.o
 *fill*         0x0000000000000642        0x2 ff
 .text.SVC_Handler
                0x0000000000000644       0x24 ./freertos/src/port.o
                0x0000000000000644                SVC_Handler
 .text.prvPortStartFirstTask
                0x0000000000000668       0x18 ./freertos/src/port.o
 .text.xPortStartScheduler
                0x0000000000000680       0x38 ./freertos/src/port.o
                0x0000000000000680                xPortStartScheduler
 .text.vPortYield
                0x00000000000006b8       0x20 ./freertos/src/port.o
                0x00000000000006b8                vPortYield
 .text.vPortEnterCritical
                0x00000000000006d8       0x24 ./freertos/src/port.o
                0x00000000000006d8                vPortEnterCritical
 .text.vPortExitCritical
                0x00000000000006fc       0x24 ./freertos/src/port.o
                0x00000000000006fc                vPortExitCritical
 .text.ulPortSetInterruptMask
                0x0000000000000720       0x12 ./freertos/src/port.o
                0x0000000000000720                ulPortSetInterruptMask
 .text.vPortClearInterruptMask
                0x0000000000000732        0x8 ./freertos/src/port.o
                0x0000000000000732                vPortClearInterruptMask
 *fill*         0x000000000000073a        0x2 ff
 .text.PendSV_Handler
                0x000000000000073c       0x40 ./freertos/src/port.o
                0x000000000000073c                PendSV_Handler
 .text.SysTick_Handler
                0x000000000000077c       0x28 ./freertos/src/port.o
                0x000000000000077c                SysTick_Handler
 .text.vPortSuppressTicksAndSleep
                0x00000000000007a4      0x15c ./freertos/src/port.o
                0x00000000000007a4                vPortSuppressTicksAndSleep
 .text.vPortSetupTimerInterrupt
                0x0000000000000900       0x68 ./freertos/src/port.o
                0x0000000000000900                vPortSetupTimerInterrupt
 .text.xTaskGenericCreate
                0x0000000000000968      0x140 ./freertos/src/tasks.o
                0x0000000000000968                xTaskGenericCreate
 .text.vTaskDelayUntil
                0x0000000000000aa8       0x98 ./freertos/src/tasks.o
                0x0000000000000aa8                vTaskDelayUntil
 .text.vTaskStartScheduler
                0x0000000000000b40       0x58 ./freertos/src/tasks.o
                0x0000000000000b40                vTaskStartScheduler
 .text.vTaskSuspendAll
                0x0000000000000b98       0x1c ./freertos/src/tasks.o
                0x0000000000000b98                vTaskSuspendAll
 .text.prvGetExpectedIdleTime
                0x0000000000000bb4       0x4c ./freertos/src/tasks.o
 .text.xTaskResumeAll
                0x0000000000000c00       0xfc ./freertos/src/tasks.o
                0x0000000000000c00                xTaskResumeAll
 .text.xTaskGetTickCount
                0x0000000000000cfc       0x24 ./freertos/src/tasks.o
                0x0000000000000cfc                xTaskGetTickCount
 .text.vTaskStepTick
                0x0000000000000d20       0x24 ./freertos/src/tasks.o
                0x0000000000000d20                vTaskStepTick
 .text.xTaskIncrementTick
                0x0000000000000d44      0x18c ./freertos/src/tasks.o
                0x0000000000000d44                xTaskIncrementTick
 .text.vTaskSwitchContext
                0x0000000000000ed0       0x98 ./freertos/src/tasks.o
                0x0000000000000ed0                vTaskSwitchContext
 .text.prvIdleTask
                0x0000000000000f68       0x48 ./freertos/src/tasks.o
 .text.eTaskConfirmSleepModeStatus
                0x0000000000000fb0       0x5c ./freertos/src/tasks.o
                0x0000000000000fb0                eTaskConfirmSleepModeStatus
 .text.prvInitialiseTCBVariables
                0x000000000000100c       0x98 ./freertos/src/tasks.o
 .text.prvInitialiseTaskLists
                0x00000000000010a4       0x80 ./freertos/src/tasks.o
 .text.prvCheckTasksWaitingTermination
                0x0000000000001124       0x78 ./freertos/src/tasks.o
 .text.prvAddCurrentTaskToDelayedList
                0x000000000000119c       0x6c ./freertos/src/tasks.o
 .text.prvAllocateTCBAndStack
                0x0000000000001208       0x62 ./freertos/src/tasks.o
 .text.prvDeleteTCB
                0x000000000000126a       0x20 ./freertos/src/tasks.o
 .text.Chip_IOCON_Init
                0x000000000000128a       0x16 /home/joyal/Documents/MCUXpresso_11.1.1_3241/workspace/lpc_board_nxp_lpcxpresso_1769/Debug/liblpc_board_nxp_lpcxpresso_1769.a(board.o)
 .text.Chip_GPIO_Init
                0x00000000000012a0       0x16 /home/joyal/Documents/MCUXpresso_11.1.1_3241/workspace/lpc_board_nxp_lpcxpresso_1769/Debug/liblpc_board_nxp_lpcxpresso_1769.a(board.o)
 .text.Chip_GPIO_SetPinState
                0x00000000000012b6       0x64 /home/joyal/Documents/MCUXpresso_11.1.1_3241/workspace/lpc_board_nxp_lpcxpresso_1769/Debug/liblpc_board_nxp_lpcxpresso_1769.a(board.o)
 .text.Chip_GPIO_WritePortBit
                0x000000000000131a       0x2c /home/joyal/Documents/MCUXpresso_11.1.1_3241/workspace/lpc_board_nxp_lpcxpresso_1769/Debug/liblpc_board_nxp_lpcxpresso_1769.a(board.o)
 .text.Chip_GPIO_GetPinState
                0x0000000000001346       0x38 /home/joyal/Documents/MCUXpresso_11.1.1_3241/workspace/lpc_board_nxp_lpcxpresso_1769/Debug/liblpc_board_nxp_lpcxpresso_1769.a(board.o)
 .text.Chip_GPIO_ReadPortBit
                0x000000000000137e       0x26 /home/joyal/Documents/MCUXpresso_11.1.1_3241/workspace/lpc_board_nxp_lpcxpresso_1769/Debug/liblpc_board_nxp_lpcxpresso_1769.a(board.o)
 .text.Chip_GPIO_SetPinDIROutput
                0x00000000000013a4       0x36 /home/joyal/Documents/MCUXpresso_11.1.1_3241/workspace/lpc_board_nxp_lpcxpresso_1769/Debug/liblpc_board_nxp_lpcxpresso_1769.a(board.o)
 .text.Chip_GPIO_SetPinDIRInput
                0x00000000000013da       0x3a /home/joyal/Documents/MCUXpresso_11.1.1_3241/workspace/lpc_board_nxp_lpcxpresso_1769/Debug/liblpc_board_nxp_lpcxpresso_1769.a(board.o)
 .text.Chip_GPIO_SetPinDIR
                0x0000000000001414       0x42 /home/joyal/Documents/MCUXpresso_11.1.1_3241/workspace/lpc_board_nxp_lpcxpresso_1769/Debug/liblpc_board_nxp_lpcxpresso_1769.a(board.o)
 .text.Chip_GPIO_WriteDirBit
                0x0000000000001456       0x2e /home/joyal/Documents/MCUXpresso_11.1.1_3241/workspace/lpc_board_nxp_lpcxpresso_1769/Debug/liblpc_board_nxp_lpcxpresso_1769.a(board.o)
 .text.Chip_UART_SendByte
                0x0000000000001484       0x1c /home/joyal/Documents/MCUXpresso_11.1.1_3241/workspace/lpc_board_nxp_lpcxpresso_1769/Debug/liblpc_board_nxp_lpcxpresso_1769.a(board.o)
 .text.Chip_UART_ConfigData
                0x00000000000014a0       0x1a /home/joyal/Documents/MCUXpresso_11.1.1_3241/workspace/lpc_board_nxp_lpcxpresso_1769/Debug/liblpc_board_nxp_lpcxpresso_1769.a(board.o)
 .text.Chip_UART_ReadLineStatus
                0x00000000000014ba       0x16 /home/joyal/Documents/MCUXpresso_11.1.1_3241/workspace/lpc_board_nxp_lpcxpresso_1769/Debug/liblpc_board_nxp_lpcxpresso_1769.a(board.o)
 .text.__sys_write
                0x00000000000014d0       0x38 /home/joyal/Documents/MCUXpresso_11.1.1_3241/workspace/lpc_board_nxp_lpcxpresso_1769/Debug/liblpc_board_nxp_lpcxpresso_1769.a(board.o)
                0x00000000000014d0                __sys_write
 .text.Board_LED_Init
                0x0000000000001508       0x30 /home/joyal/Documents/MCUXpresso_11.1.1_3241/workspace/lpc_board_nxp_lpcxpresso_1769/Debug/liblpc_board_nxp_lpcxpresso_1769.a(board.o)
 .text.Board_UART_Init
                0x0000000000001538       0x12 /home/joyal/Documents/MCUXpresso_11.1.1_3241/workspace/lpc_board_nxp_lpcxpresso_1769/Debug/liblpc_board_nxp_lpcxpresso_1769.a(board.o)
                0x0000000000001538                Board_UART_Init
 *fill*         0x000000000000154a        0x2 ff
 .text.Board_Debug_Init
                0x000000000000154c       0x30 /home/joyal/Documents/MCUXpresso_11.1.1_3241/workspace/lpc_board_nxp_lpcxpresso_1769/Debug/liblpc_board_nxp_lpcxpresso_1769.a(board.o)
                0x000000000000154c                Board_Debug_Init
 .text.Board_UARTPutChar
                0x000000000000157c       0x34 /home/joyal/Documents/MCUXpresso_11.1.1_3241/workspace/lpc_board_nxp_lpcxpresso_1769/Debug/liblpc_board_nxp_lpcxpresso_1769.a(board.o)
                0x000000000000157c                Board_UARTPutChar
 .text.Board_LED_Set
                0x00000000000015b0       0x58 /home/joyal/Documents/MCUXpresso_11.1.1_3241/workspace/lpc_board_nxp_lpcxpresso_1769/Debug/liblpc_board_nxp_lpcxpresso_1769.a(board.o)
                0x00000000000015b0                Board_LED_Set
 .text.Board_Init
                0x0000000000001608       0x24 /home/joyal/Documents/MCUXpresso_11.1.1_3241/workspace/lpc_board_nxp_lpcxpresso_1769/Debug/liblpc_board_nxp_lpcxpresso_1769.a(board.o)
                0x0000000000001608                Board_Init
 .text.Board_MyButtons_Test
                0x000000000000162c       0x48 /home/joyal/Documents/MCUXpresso_11.1.1_3241/workspace/lpc_board_nxp_lpcxpresso_1769/Debug/liblpc_board_nxp_lpcxpresso_1769.a(board.o)
                0x000000000000162c                Board_MyButtons_Test
 .text.Board_Buttons_Init
                0x0000000000001674       0x24 /home/joyal/Documents/MCUXpresso_11.1.1_3241/workspace/lpc_board_nxp_lpcxpresso_1769/Debug/liblpc_board_nxp_lpcxpresso_1769.a(board.o)
                0x0000000000001674                Board_Buttons_Init
 .text.Chip_SYSCTL_SetFLASHAccess
                0x0000000000001698       0x30 /home/joyal/Documents/MCUXpresso_11.1.1_3241/workspace/lpc_board_nxp_lpcxpresso_1769/Debug/liblpc_board_nxp_lpcxpresso_1769.a(board_sysinit.o)
 .text.Board_SetupMuxing
                0x00000000000016c8       0x1c /home/joyal/Documents/MCUXpresso_11.1.1_3241/workspace/lpc_board_nxp_lpcxpresso_1769/Debug/liblpc_board_nxp_lpcxpresso_1769.a(board_sysinit.o)
                0x00000000000016c8                Board_SetupMuxing
 .text.Board_SetupClocking
                0x00000000000016e4       0x12 /home/joyal/Documents/MCUXpresso_11.1.1_3241/workspace/lpc_board_nxp_lpcxpresso_1769/Debug/liblpc_board_nxp_lpcxpresso_1769.a(board_sysinit.o)
                0x00000000000016e4                Board_SetupClocking
 .text.Board_SystemInit
                0x00000000000016f6       0x10 /home/joyal/Documents/MCUXpresso_11.1.1_3241/workspace/lpc_board_nxp_lpcxpresso_1769/Debug/liblpc_board_nxp_lpcxpresso_1769.a(board_sysinit.o)
                0x00000000000016f6                Board_SystemInit
 *fill*         0x0000000000001706        0x2 ff
 .text.SystemCoreClockUpdate
                0x0000000000001708       0x18 /home/joyal/Documents/MCUXpresso_11.1.1_3241/workspace/lpc_chip_175x_6x/Debug/liblpc_chip_175x_6x.a(chip_17xx_40xx.o)
                0x0000000000001708                SystemCoreClockUpdate
 .text.Chip_Clock_IsMainPLLEnabled
                0x0000000000001720       0x24 /home/joyal/Documents/MCUXpresso_11.1.1_3241/workspace/lpc_chip_175x_6x/Debug/liblpc_chip_175x_6x.a(clock_17xx_40xx.o)
 .text.Chip_Clock_IsMainPLLConnected
                0x0000000000001744       0x24 /home/joyal/Documents/MCUXpresso_11.1.1_3241/workspace/lpc_chip_175x_6x/Debug/liblpc_chip_175x_6x.a(clock_17xx_40xx.o)
 .text.Chip_Clock_FeedPLL
                0x0000000000001768       0x34 /home/joyal/Documents/MCUXpresso_11.1.1_3241/workspace/lpc_chip_175x_6x/Debug/liblpc_chip_175x_6x.a(clock_17xx_40xx.o)
 .text.Chip_Clock_GetMainPLLSource
                0x000000000000179c       0x20 /home/joyal/Documents/MCUXpresso_11.1.1_3241/workspace/lpc_chip_175x_6x/Debug/liblpc_chip_175x_6x.a(clock_17xx_40xx.o)
 .text.Chip_Clock_GetMainOscRate
                0x00000000000017bc       0x14 /home/joyal/Documents/MCUXpresso_11.1.1_3241/workspace/lpc_chip_175x_6x/Debug/liblpc_chip_175x_6x.a(clock_17xx_40xx.o)
 .text.Chip_Clock_GetIntOscRate
                0x00000000000017d0       0x14 /home/joyal/Documents/MCUXpresso_11.1.1_3241/workspace/lpc_chip_175x_6x/Debug/liblpc_chip_175x_6x.a(clock_17xx_40xx.o)
 .text.Chip_Clock_GetRTCOscRate
                0x00000000000017e4       0x14 /home/joyal/Documents/MCUXpresso_11.1.1_3241/workspace/lpc_chip_175x_6x/Debug/liblpc_chip_175x_6x.a(clock_17xx_40xx.o)
 .text.Chip_Clock_GetMainPLLInClockRate
                0x00000000000017f8        0xe /home/joyal/Documents/MCUXpresso_11.1.1_3241/workspace/lpc_chip_175x_6x/Debug/liblpc_chip_175x_6x.a(clock_17xx_40xx.o)
 *fill*         0x0000000000001806        0x2 ff
 .text.Chip_Clock_EnablePLL
                0x0000000000001808       0x44 /home/joyal/Documents/MCUXpresso_11.1.1_3241/workspace/lpc_chip_175x_6x/Debug/liblpc_chip_175x_6x.a(clock_17xx_40xx.o)
                0x0000000000001808                Chip_Clock_EnablePLL
 .text.Chip_Clock_DisablePLL
                0x000000000000184c       0x48 /home/joyal/Documents/MCUXpresso_11.1.1_3241/workspace/lpc_chip_175x_6x/Debug/liblpc_chip_175x_6x.a(clock_17xx_40xx.o)
                0x000000000000184c                Chip_Clock_DisablePLL
 .text.Chip_Clock_SetupPLL
                0x0000000000001894       0x5c /home/joyal/Documents/MCUXpresso_11.1.1_3241/workspace/lpc_chip_175x_6x/Debug/liblpc_chip_175x_6x.a(clock_17xx_40xx.o)
                0x0000000000001894                Chip_Clock_SetupPLL
 .text.Chip_Clock_EnablePeriphClock
                0x00000000000018f0       0x34 /home/joyal/Documents/MCUXpresso_11.1.1_3241/workspace/lpc_chip_175x_6x/Debug/liblpc_chip_175x_6x.a(clock_17xx_40xx.o)
                0x00000000000018f0                Chip_Clock_EnablePeriphClock
 .text.Chip_Clock_GetCPUClockSource
                0x0000000000001924       0x24 /home/joyal/Documents/MCUXpresso_11.1.1_3241/workspace/lpc_chip_175x_6x/Debug/liblpc_chip_175x_6x.a(clock_17xx_40xx.o)
                0x0000000000001924                Chip_Clock_GetCPUClockSource
 .text.Chip_Clock_SetCPUClockDiv
                0x0000000000001948       0x20 /home/joyal/Documents/MCUXpresso_11.1.1_3241/workspace/lpc_chip_175x_6x/Debug/liblpc_chip_175x_6x.a(clock_17xx_40xx.o)
                0x0000000000001948                Chip_Clock_SetCPUClockDiv
 .text.Chip_Clock_GetCPUClockDiv
                0x0000000000001968       0x1c /home/joyal/Documents/MCUXpresso_11.1.1_3241/workspace/lpc_chip_175x_6x/Debug/liblpc_chip_175x_6x.a(clock_17xx_40xx.o)
                0x0000000000001968                Chip_Clock_GetCPUClockDiv
 .text.Chip_Clock_GetPCLKDiv
                0x0000000000001984       0x8c /home/joyal/Documents/MCUXpresso_11.1.1_3241/workspace/lpc_chip_175x_6x/Debug/liblpc_chip_175x_6x.a(clock_17xx_40xx.o)
                0x0000000000001984                Chip_Clock_GetPCLKDiv
 .text.Chip_Clock_GetSYSCLKRate
                0x0000000000001a10       0x34 /home/joyal/Documents/MCUXpresso_11.1.1_3241/workspace/lpc_chip_175x_6x/Debug/liblpc_chip_175x_6x.a(clock_17xx_40xx.o)
                0x0000000000001a10                Chip_Clock_GetSYSCLKRate
 .text.Chip_Clock_GetMainPLLOutClockRate
                0x0000000000001a44       0x54 /home/joyal/Documents/MCUXpresso_11.1.1_3241/workspace/lpc_chip_175x_6x/Debug/liblpc_chip_175x_6x.a(clock_17xx_40xx.o)
                0x0000000000001a44                Chip_Clock_GetMainPLLOutClockRate
 .text.Chip_Clock_GetMainClockRate
                0x0000000000001a98       0x28 /home/joyal/Documents/MCUXpresso_11.1.1_3241/workspace/lpc_chip_175x_6x/Debug/liblpc_chip_175x_6x.a(clock_17xx_40xx.o)
                0x0000000000001a98                Chip_Clock_GetMainClockRate
 .text.Chip_Clock_GetSystemClockRate
                0x0000000000001ac0       0x18 /home/joyal/Documents/MCUXpresso_11.1.1_3241/workspace/lpc_chip_175x_6x/Debug/liblpc_chip_175x_6x.a(clock_17xx_40xx.o)
                0x0000000000001ac0                Chip_Clock_GetSystemClockRate
 .text.Chip_Clock_GetPeripheralClockRate
                0x0000000000001ad8       0x26 /home/joyal/Documents/MCUXpresso_11.1.1_3241/workspace/lpc_chip_175x_6x/Debug/liblpc_chip_175x_6x.a(clock_17xx_40xx.o)
                0x0000000000001ad8                Chip_Clock_GetPeripheralClockRate
 .text.Chip_IOCON_PinMuxSet
                0x0000000000001afe       0x36 /home/joyal/Documents/MCUXpresso_11.1.1_3241/workspace/lpc_chip_175x_6x/Debug/liblpc_chip_175x_6x.a(iocon_17xx_40xx.o)
                0x0000000000001afe                Chip_IOCON_PinMuxSet
 .text.Chip_IOCON_PinMux
                0x0000000000001b34       0x94 /home/joyal/Documents/MCUXpresso_11.1.1_3241/workspace/lpc_chip_175x_6x/Debug/liblpc_chip_175x_6x.a(iocon_17xx_40xx.o)
                0x0000000000001b34                Chip_IOCON_PinMux
 .text.Chip_IOCON_SetPinMuxing
                0x0000000000001bc8       0x62 /home/joyal/Documents/MCUXpresso_11.1.1_3241/workspace/lpc_chip_175x_6x/Debug/liblpc_chip_175x_6x.a(iocon_17xx_40xx.o)
                0x0000000000001bc8                Chip_IOCON_SetPinMuxing
 *fill*         0x0000000000001c2a        0x2 ff
 .text.Chip_Clock_IsMainPLLEnabled
                0x0000000000001c2c       0x24 /home/joyal/Documents/MCUXpresso_11.1.1_3241/workspace/lpc_chip_175x_6x/Debug/liblpc_chip_175x_6x.a(sysinit_17xx_40xx.o)
 .text.Chip_Clock_IsMainPLLLocked
                0x0000000000001c50       0x24 /home/joyal/Documents/MCUXpresso_11.1.1_3241/workspace/lpc_chip_175x_6x/Debug/liblpc_chip_175x_6x.a(sysinit_17xx_40xx.o)
 .text.Chip_Clock_IsMainPLLConnected
                0x0000000000001c74       0x24 /home/joyal/Documents/MCUXpresso_11.1.1_3241/workspace/lpc_chip_175x_6x/Debug/liblpc_chip_175x_6x.a(sysinit_17xx_40xx.o)
 .text.Chip_Clock_EnableCrystal
                0x0000000000001c98       0x20 /home/joyal/Documents/MCUXpresso_11.1.1_3241/workspace/lpc_chip_175x_6x/Debug/liblpc_chip_175x_6x.a(sysinit_17xx_40xx.o)
 .text.Chip_Clock_IsCrystalEnabled
                0x0000000000001cb8       0x24 /home/joyal/Documents/MCUXpresso_11.1.1_3241/workspace/lpc_chip_175x_6x/Debug/liblpc_chip_175x_6x.a(sysinit_17xx_40xx.o)
 .text.Chip_Clock_SetMainPLLSource
                0x0000000000001cdc       0x20 /home/joyal/Documents/MCUXpresso_11.1.1_3241/workspace/lpc_chip_175x_6x/Debug/liblpc_chip_175x_6x.a(sysinit_17xx_40xx.o)
 .text.Chip_SetupXtalClocking
                0x0000000000001cfc       0x90 /home/joyal/Documents/MCUXpresso_11.1.1_3241/workspace/lpc_chip_175x_6x/Debug/liblpc_chip_175x_6x.a(sysinit_17xx_40xx.o)
                0x0000000000001cfc                Chip_SetupXtalClocking
 .text.Chip_UART_SetupFIFOS
                0x0000000000001d8c       0x1a /home/joyal/Documents/MCUXpresso_11.1.1_3241/workspace/lpc_chip_175x_6x/Debug/liblpc_chip_175x_6x.a(uart_17xx_40xx.o)
 .text.Chip_UART_ConfigData
                0x0000000000001da6       0x1a /home/joyal/Documents/MCUXpresso_11.1.1_3241/workspace/lpc_chip_175x_6x/Debug/liblpc_chip_175x_6x.a(uart_17xx_40xx.o)
 .text.Chip_UART_EnableDivisorAccess
                0x0000000000001dc0       0x1e /home/joyal/Documents/MCUXpresso_11.1.1_3241/workspace/lpc_chip_175x_6x/Debug/liblpc_chip_175x_6x.a(uart_17xx_40xx.o)
 .text.Chip_UART_DisableDivisorAccess
                0x0000000000001dde       0x1e /home/joyal/Documents/MCUXpresso_11.1.1_3241/workspace/lpc_chip_175x_6x/Debug/liblpc_chip_175x_6x.a(uart_17xx_40xx.o)
 .text.Chip_UART_SetDivisorLatches
                0x0000000000001dfc       0x26 /home/joyal/Documents/MCUXpresso_11.1.1_3241/workspace/lpc_chip_175x_6x/Debug/liblpc_chip_175x_6x.a(uart_17xx_40xx.o)
 *fill*         0x0000000000001e22        0x2 ff
 .text.Chip_UART_GetClockIndex
                0x0000000000001e24       0x50 /home/joyal/Documents/MCUXpresso_11.1.1_3241/workspace/lpc_chip_175x_6x/Debug/liblpc_chip_175x_6x.a(uart_17xx_40xx.o)
 .text.Chip_UART_GetClkIndex
                0x0000000000001e74       0x50 /home/joyal/Documents/MCUXpresso_11.1.1_3241/workspace/lpc_chip_175x_6x/Debug/liblpc_chip_175x_6x.a(uart_17xx_40xx.o)
 .text.Chip_UART_Init
                0x0000000000001ec4       0x78 /home/joyal/Documents/MCUXpresso_11.1.1_3241/workspace/lpc_chip_175x_6x/Debug/liblpc_chip_175x_6x.a(uart_17xx_40xx.o)
                0x0000000000001ec4                Chip_UART_Init
 .text.Chip_UART_TXEnable
                0x0000000000001f3c       0x18 /home/joyal/Documents/MCUXpresso_11.1.1_3241/workspace/lpc_chip_175x_6x/Debug/liblpc_chip_175x_6x.a(uart_17xx_40xx.o)
                0x0000000000001f3c                Chip_UART_TXEnable
 .text.Chip_UART_TXDisable
                0x0000000000001f54       0x18 /home/joyal/Documents/MCUXpresso_11.1.1_3241/workspace/lpc_chip_175x_6x/Debug/liblpc_chip_175x_6x.a(uart_17xx_40xx.o)
                0x0000000000001f54                Chip_UART_TXDisable
 .text.Chip_UART_SetBaud
                0x0000000000001f6c       0x62 /home/joyal/Documents/MCUXpresso_11.1.1_3241/workspace/lpc_chip_175x_6x/Debug/liblpc_chip_175x_6x.a(uart_17xx_40xx.o)
                0x0000000000001f6c                Chip_UART_SetBaud
 .text.__main   0x0000000000001fce        0xe /usr/local/mcuxpressoide-11.1.1_3241/ide/plugins/com.nxp.mcuxpresso.tools.linux_11.1.0.202001081728/tools/bin/../lib/gcc/arm-none-eabi/8.3.1/../../../../arm-none-eabi/lib/thumb/v7-m/nofp/libcr_nohost.a(_cr__main.o)
                0x0000000000001fce                __main
 .text.memset   0x0000000000001fdc        0x4 /usr/local/mcuxpressoide-11.1.1_3241/ide/plugins/com.nxp.mcuxpresso.tools.linux_11.1.0.202001081728/tools/bin/../lib/gcc/arm-none-eabi/8.3.1/../../../../arm-none-eabi/lib/thumb/v7-m/nofp/libcr_c.a(memset.o)
                0x0000000000001fdc                memset
 .text.malloc   0x0000000000001fe0       0xc8 /usr/local/mcuxpressoide-11.1.1_3241/ide/plugins/com.nxp.mcuxpresso.tools.linux_11.1.0.202001081728/tools/bin/../lib/gcc/arm-none-eabi/8.3.1/../../../../arm-none-eabi/lib/thumb/v7-m/nofp/libcr_c.a(alloc.o)
                0x0000000000001fe0                malloc
 .text.free     0x00000000000020a8       0x30 /usr/local/mcuxpressoide-11.1.1_3241/ide/plugins/com.nxp.mcuxpresso.tools.linux_11.1.0.202001081728/tools/bin/../lib/gcc/arm-none-eabi/8.3.1/../../../../arm-none-eabi/lib/thumb/v7-m/nofp/libcr_c.a(alloc.o)
                0x00000000000020a8                free
 .text._initio  0x00000000000020d8       0x78 /usr/local/mcuxpressoide-11.1.1_3241/ide/plugins/com.nxp.mcuxpresso.tools.linux_11.1.0.202001081728/tools/bin/../lib/gcc/arm-none-eabi/8.3.1/../../../../arm-none-eabi/lib/thumb/v7-m/nofp/libcr_c.a(initio.o)
                0x00000000000020d8                _initio
 .text.setvbuf  0x0000000000002150       0x40 /usr/local/mcuxpressoide-11.1.1_3241/ide/plugins/com.nxp.mcuxpresso.tools.linux_11.1.0.202001081728/tools/bin/../lib/gcc/arm-none-eabi/8.3.1/../../../../arm-none-eabi/lib/thumb/v7-m/nofp/libcr_c.a(setvbuf.o)
                0x0000000000002150                setvbuf
 .text.strlen   0x0000000000002190       0x4c /usr/local/mcuxpressoide-11.1.1_3241/ide/plugins/com.nxp.mcuxpresso.tools.linux_11.1.0.202001081728/tools/bin/../lib/gcc/arm-none-eabi/8.3.1/../../../../arm-none-eabi/lib/thumb/v7-m/nofp/libcr_c.a(strlen.o)
                0x0000000000002190                strlen
 .text._sbrk    0x00000000000021dc       0x3c /usr/local/mcuxpressoide-11.1.1_3241/ide/plugins/com.nxp.mcuxpresso.tools.linux_11.1.0.202001081728/tools/bin/../lib/gcc/arm-none-eabi/8.3.1/../../../../arm-none-eabi/lib/thumb/v7-m/nofp/libcr_c.a(_cr_sbrk.o)
                0x00000000000021dc                _sbrk
 .text._deferredlazyseek
                0x0000000000002218       0x40 /usr/local/mcuxpressoide-11.1.1_3241/ide/plugins/com.nxp.mcuxpresso.tools.linux_11.1.0.202001081728/tools/bin/../lib/gcc/arm-none-eabi/8.3.1/../../../../arm-none-eabi/lib/thumb/v7-m/nofp/libcr_c.a(_deferredlazyseek.o)
                0x0000000000002218                _deferredlazyseek
 .text._fdopen  0x0000000000002258       0x68 /usr/local/mcuxpressoide-11.1.1_3241/ide/plugins/com.nxp.mcuxpresso.tools.linux_11.1.0.202001081728/tools/bin/../lib/gcc/arm-none-eabi/8.3.1/../../../../arm-none-eabi/lib/thumb/v7-m/nofp/libcr_c.a(_fdopen.o)
                0x0000000000002258                _fdopen
 .text._fflush  0x00000000000022c0       0x52 /usr/local/mcuxpressoide-11.1.1_3241/ide/plugins/com.nxp.mcuxpresso.tools.linux_11.1.0.202001081728/tools/bin/../lib/gcc/arm-none-eabi/8.3.1/../../../../arm-none-eabi/lib/thumb/v7-m/nofp/libcr_c.a(_fflush.o)
                0x00000000000022c0                _fflush
 *fill*         0x0000000000002312        0x2 ff
 .text._Cwritebuf
                0x0000000000002314       0x6c /usr/local/mcuxpressoide-11.1.1_3241/ide/plugins/com.nxp.mcuxpresso.tools.linux_11.1.0.202001081728/tools/bin/../lib/gcc/arm-none-eabi/8.3.1/../../../../arm-none-eabi/lib/thumb/v7-m/nofp/libcr_c.a(_writebuf.o)
                0x0000000000002314                _Cwritebuf
 .text.fclose   0x0000000000002380       0x58 /usr/local/mcuxpressoide-11.1.1_3241/ide/plugins/com.nxp.mcuxpresso.tools.linux_11.1.0.202001081728/tools/bin/../lib/gcc/arm-none-eabi/8.3.1/../../../../arm-none-eabi/lib/thumb/v7-m/nofp/libcr_c.a(fclose.o)
                0x0000000000002380                fclose
 .text.fflush   0x00000000000023d8       0x44 /usr/local/mcuxpressoide-11.1.1_3241/ide/plugins/com.nxp.mcuxpresso.tools.linux_11.1.0.202001081728/tools/bin/../lib/gcc/arm-none-eabi/8.3.1/../../../../arm-none-eabi/lib/thumb/v7-m/nofp/libcr_c.a(fflush.o)
                0x00000000000023d8                fflush
 .text.fseek    0x000000000000241c      0x100 /usr/local/mcuxpressoide-11.1.1_3241/ide/plugins/com.nxp.mcuxpresso.tools.linux_11.1.0.202001081728/tools/bin/../lib/gcc/arm-none-eabi/8.3.1/../../../../arm-none-eabi/lib/thumb/v7-m/nofp/libcr_c.a(fseek.o)
                0x000000000000241c                fseek
 .text.ftell    0x000000000000251c       0x48 /usr/local/mcuxpressoide-11.1.1_3241/ide/plugins/com.nxp.mcuxpresso.tools.linux_11.1.0.202001081728/tools/bin/../lib/gcc/arm-none-eabi/8.3.1/../../../../arm-none-eabi/lib/thumb/v7-m/nofp/libcr_c.a(ftell.o)
                0x000000000000251c                ftell
 .text.remove   0x0000000000002564       0x14 /usr/local/mcuxpressoide-11.1.1_3241/ide/plugins/com.nxp.mcuxpresso.tools.linux_11.1.0.202001081728/tools/bin/../lib/gcc/arm-none-eabi/8.3.1/../../../../arm-none-eabi/lib/thumb/v7-m/nofp/libcr_c.a(remove.o)
                0x0000000000002564                remove
 .text.__check_heap_overflow
                0x0000000000002578       0x18 /usr/local/mcuxpressoide-11.1.1_3241/ide/plugins/com.nxp.mcuxpresso.tools.linux_11.1.0.202001081728/tools/bin/../lib/gcc/arm-none-eabi/8.3.1/../../../../arm-none-eabi/lib/thumb/v7-m/nofp/libcr_c.a(_cr_check_heap.o)
                0x0000000000002578                __check_heap_overflow
 .text._do_fflush
                0x0000000000002590       0x40 /usr/local/mcuxpressoide-11.1.1_3241/ide/plugins/com.nxp.mcuxpresso.tools.linux_11.1.0.202001081728/tools/bin/../lib/gcc/arm-none-eabi/8.3.1/../../../../arm-none-eabi/lib/thumb/v7-m/nofp/libcr_c.a(_do_fflush.o)
                0x0000000000002590                _do_fflush
 .text.__aeabi_memset_lowlevel
                0x00000000000025d0       0x32 /usr/local/mcuxpressoide-11.1.1_3241/ide/plugins/com.nxp.mcuxpresso.tools.linux_11.1.0.202001081728/tools/bin/../lib/gcc/arm-none-eabi/8.3.1/thumb/v7-m/nofp/libcr_eabihelpers.a(memcpy.o)
                0x00000000000025d0                __aeabi_lowlevel_memset
 .text.__sys_close
                0x0000000000002602        0x6 /usr/local/mcuxpressoide-11.1.1_3241/ide/plugins/com.nxp.mcuxpresso.tools.linux_11.1.0.202001081728/tools/bin/../lib/gcc/arm-none-eabi/8.3.1/../../../../arm-none-eabi/lib/thumb/v7-m/nofp/libcr_nohost.a(__sys_close.o)
                0x0000000000002602                __sys_close
 .text.__sys_flen
                0x0000000000002608        0x6 /usr/local/mcuxpressoide-11.1.1_3241/ide/plugins/com.nxp.mcuxpresso.tools.linux_11.1.0.202001081728/tools/bin/../lib/gcc/arm-none-eabi/8.3.1/../../../../arm-none-eabi/lib/thumb/v7-m/nofp/libcr_nohost.a(__sys_flen.o)
                0x0000000000002608                __sys_flen
 .text.__sys_istty
                0x000000000000260e        0x6 /usr/local/mcuxpressoide-11.1.1_3241/ide/plugins/com.nxp.mcuxpresso.tools.linux_11.1.0.202001081728/tools/bin/../lib/gcc/arm-none-eabi/8.3.1/../../../../arm-none-eabi/lib/thumb/v7-m/nofp/libcr_nohost.a(__sys_istty.o)
                0x000000000000260e                __sys_istty
 .text.__sys_remove
                0x0000000000002614        0x6 /usr/local/mcuxpressoide-11.1.1_3241/ide/plugins/com.nxp.mcuxpresso.tools.linux_11.1.0.202001081728/tools/bin/../lib/gcc/arm-none-eabi/8.3.1/../../../../arm-none-eabi/lib/thumb/v7-m/nofp/libcr_nohost.a(__sys_remove.o)
                0x0000000000002614                __sys_remove
 .text.__sys_seek
                0x000000000000261a        0x6 /usr/local/mcuxpressoide-11.1.1_3241/ide/plugins/com.nxp.mcuxpresso.tools.linux_11.1.0.202001081728/tools/bin/../lib/gcc/arm-none-eabi/8.3.1/../../../../arm-none-eabi/lib/thumb/v7-m/nofp/libcr_nohost.a(__sys_seek.o)
                0x000000000000261a                __sys_seek
 .text.__sys_tmpnam
                0x0000000000002620        0x6 /usr/local/mcuxpressoide-11.1.1_3241/ide/plugins/com.nxp.mcuxpresso.tools.linux_11.1.0.202001081728/tools/bin/../lib/gcc/arm-none-eabi/8.3.1/../../../../arm-none-eabi/lib/thumb/v7-m/nofp/libcr_nohost.a(__sys_tmpnam.o)
                0x0000000000002620                __sys_tmpnam
 *(.rodata .rodata.* .constdata .constdata.*)
 *fill*         0x0000000000002626        0x2 ff
 .rodata.main.str1.4
                0x0000000000002628       0x22 ./source/src/onetaskproj.o
 *fill*         0x000000000000264a        0x2 ff
 .rodata.vTaskStartScheduler.str1.4
                0x000000000000264c        0x8 ./freertos/src/tasks.o
                                          0x5 (size before relaxing)
 .rodata.OscRateIn
                0x0000000000002654        0x4 /home/joyal/Documents/MCUXpresso_11.1.1_3241/workspace/lpc_board_nxp_lpcxpresso_1769/Debug/liblpc_board_nxp_lpcxpresso_1769.a(board.o)
                0x0000000000002654                OscRateIn
 .rodata.RTCOscRateIn
                0x0000000000002658        0x4 /home/joyal/Documents/MCUXpresso_11.1.1_3241/workspace/lpc_board_nxp_lpcxpresso_1769/Debug/liblpc_board_nxp_lpcxpresso_1769.a(board.o)
                0x0000000000002658                RTCOscRateIn
 .rodata.pinmuxing
                0x000000000000265c       0x5c /home/joyal/Documents/MCUXpresso_11.1.1_3241/workspace/lpc_board_nxp_lpcxpresso_1769/Debug/liblpc_board_nxp_lpcxpresso_1769.a(board_sysinit.o)
 .rodata._initio.str1.1
                0x00000000000026b8        0x4 /usr/local/mcuxpressoide-11.1.1_3241/ide/plugins/com.nxp.mcuxpresso.tools.linux_11.1.0.202001081728/tools/bin/../lib/gcc/arm-none-eabi/8.3.1/../../../../arm-none-eabi/lib/thumb/v7-m/nofp/libcr_c.a(initio.o)
 .rodata.__num_Ciob_streams
                0x00000000000026bc        0x4 /usr/local/mcuxpressoide-11.1.1_3241/ide/plugins/com.nxp.mcuxpresso.tools.linux_11.1.0.202001081728/tools/bin/../lib/gcc/arm-none-eabi/8.3.1/../../../../arm-none-eabi/lib/thumb/v7-m/nofp/libcr_nohost.a(__ciob.o)
                0x00000000000026bc                __num_Ciob_streams
                0x00000000000026c0                . = ALIGN (0x4)

.glue_7         0x00000000000026c0        0x0
 .glue_7        0x00000000000026c0        0x0 linker stubs

.glue_7t        0x00000000000026c0        0x0
 .glue_7t       0x00000000000026c0        0x0 linker stubs

.vfp11_veneer   0x00000000000026c0        0x0
 .vfp11_veneer  0x00000000000026c0        0x0 linker stubs

.v4_bx          0x00000000000026c0        0x0
 .v4_bx         0x00000000000026c0        0x0 linker stubs

.iplt           0x00000000000026c0        0x0
 .iplt          0x00000000000026c0        0x0 ./source/src/cr_startup_lpc175x_6x.o

.rel.dyn        0x00000000000026c0        0x0
 .rel.iplt      0x00000000000026c0        0x0 ./source/src/cr_startup_lpc175x_6x.o

.ARM.extab
 *(.ARM.extab* .gnu.linkonce.armextab.*)

.ARM.exidx      0x00000000000026c0        0x0
                0x00000000000026c0                __exidx_start = .
 *(.ARM.exidx* .gnu.linkonce.armexidx.*)
                0x00000000000026c0                __exidx_end = .
                0x00000000000026c0                _etext = .

.data_RAM2      0x000000002007c000        0x0 load address 0x00000000000026c0
 FILL mask 0xff
                [!provide]                        PROVIDE (__start_data_RAM2 = .)
                [!provide]                        PROVIDE (__start_data_RamAHB32 = .)
 *(.ramfunc.$RAM2)
 *(.ramfunc.$RamAHB32)
 *(.data.$RAM2)
 *(.data.$RamAHB32)
 *(.data.$RAM2.*)
 *(.data.$RamAHB32.*)
                0x000000002007c000                . = ALIGN (0x4)
                [!provide]                        PROVIDE (__end_data_RAM2 = .)
                [!provide]                        PROVIDE (__end_data_RamAHB32 = .)

.uninit_RESERVED
                0x0000000010000000        0x0
                0x0000000010000000                _start_uninit_RESERVED = .
 *(.bss.$RESERVED*)
                0x0000000010000000                . = ALIGN (0x4)
                0x0000000010000000                _end_uninit_RESERVED = .

.data           0x0000000010000000        0x8 load address 0x00000000000026c0
 FILL mask 0xff
                0x0000000010000000                _data = .
                [!provide]                        PROVIDE (__start_data_RAM = .)
                [!provide]                        PROVIDE (__start_data_RamLoc32 = .)
 *(vtable)
 *(.ramfunc*)
 *(CodeQuickAccess)
 *(DataQuickAccess)
 *(RamFunction)
 *(.data*)
 .data.uxCriticalNesting
                0x0000000010000000        0x4 ./freertos/src/port.o
 .data.xNextTaskUnblockTime
                0x0000000010000004        0x4 ./freertos/src/tasks.o
                0x0000000010000008                . = ALIGN (0x4)
                0x0000000010000008                _edata = .
                [!provide]                        PROVIDE (__end_data_RAM = .)
                [!provide]                        PROVIDE (__end_data_RamLoc32 = .)

.igot.plt       0x0000000010000008        0x0 load address 0x00000000000026c8
 .igot.plt      0x0000000010000008        0x0 ./source/src/cr_startup_lpc175x_6x.o

.bss_RAM2       0x000000002007c000        0x0
                [!provide]                        PROVIDE (__start_bss_RAM2 = .)
                [!provide]                        PROVIDE (__start_bss_RamAHB32 = .)
 *(.bss.$RAM2)
 *(.bss.$RamAHB32)
 *(.bss.$RAM2.*)
 *(.bss.$RamAHB32.*)
                0x000000002007c000                . = ALIGN ((. != 0x0)?0x4:0x1)
                [!provide]                        PROVIDE (__end_bss_RAM2 = .)
                [!provide]                        PROVIDE (__end_bss_RamAHB32 = .)

.bss            0x0000000010000008      0x334
                0x0000000010000008                _bss = .
                [!provide]                        PROVIDE (__start_bss_RAM = .)
                [!provide]                        PROVIDE (__start_bss_RamLoc32 = .)
 *(.bss*)
 .bss.ulTimerCountsForOneTick
                0x0000000010000008        0x4 ./freertos/src/port.o
 .bss.xMaximumPossibleSuppressedTicks
                0x000000001000000c        0x4 ./freertos/src/port.o
 .bss.ulStoppedTimerCompensation
                0x0000000010000010        0x4 ./freertos/src/port.o
 .bss.pxCurrentTCB
                0x0000000010000014        0x4 ./freertos/src/tasks.o
                0x0000000010000014                pxCurrentTCB
 .bss.pxReadyTasksLists
                0x0000000010000018       0xa0 ./freertos/src/tasks.o
 .bss.xDelayedTaskList1
                0x00000000100000b8       0x14 ./freertos/src/tasks.o
 .bss.xDelayedTaskList2
                0x00000000100000cc       0x14 ./freertos/src/tasks.o
 .bss.pxDelayedTaskList
                0x00000000100000e0        0x4 ./freertos/src/tasks.o
 .bss.pxOverflowDelayedTaskList
                0x00000000100000e4        0x4 ./freertos/src/tasks.o
 .bss.xPendingReadyList
                0x00000000100000e8       0x14 ./freertos/src/tasks.o
 .bss.xTasksWaitingTermination
                0x00000000100000fc       0x14 ./freertos/src/tasks.o
 .bss.uxTasksDeleted
                0x0000000010000110        0x4 ./freertos/src/tasks.o
 .bss.xSuspendedTaskList
                0x0000000010000114       0x14 ./freertos/src/tasks.o
 .bss.uxCurrentNumberOfTasks
                0x0000000010000128        0x4 ./freertos/src/tasks.o
 .bss.xTickCount
                0x000000001000012c        0x4 ./freertos/src/tasks.o
 .bss.uxTopReadyPriority
                0x0000000010000130        0x4 ./freertos/src/tasks.o
 .bss.xSchedulerRunning
                0x0000000010000134        0x4 ./freertos/src/tasks.o
 .bss.uxSchedulerSuspended
                0x0000000010000138        0x4 ./freertos/src/tasks.o
 .bss.uxPendedTicks
                0x000000001000013c        0x4 ./freertos/src/tasks.o
 .bss.xYieldPending
                0x0000000010000140        0x4 ./freertos/src/tasks.o
 .bss.xNumOfOverflows
                0x0000000010000144        0x4 ./freertos/src/tasks.o
 .bss.uxTaskNumber
                0x0000000010000148        0x4 ./freertos/src/tasks.o
 .bss.__end_of_heap
                0x000000001000014c        0x4 /usr/local/mcuxpressoide-11.1.1_3241/ide/plugins/com.nxp.mcuxpresso.tools.linux_11.1.0.202001081728/tools/bin/../lib/gcc/arm-none-eabi/8.3.1/../../../../arm-none-eabi/lib/thumb/v7-m/nofp/libcr_c.a(__init_alloc.o)
                0x000000001000014c                __end_of_heap
 .bss.__heaps   0x0000000010000150        0x4 /usr/local/mcuxpressoide-11.1.1_3241/ide/plugins/com.nxp.mcuxpresso.tools.linux_11.1.0.202001081728/tools/bin/../lib/gcc/arm-none-eabi/8.3.1/../../../../arm-none-eabi/lib/thumb/v7-m/nofp/libcr_c.a(__init_alloc.o)
                0x0000000010000150                __heaps
 .bss.errno     0x0000000010000154        0x4 /usr/local/mcuxpressoide-11.1.1_3241/ide/plugins/com.nxp.mcuxpresso.tools.linux_11.1.0.202001081728/tools/bin/../lib/gcc/arm-none-eabi/8.3.1/../../../../arm-none-eabi/lib/thumb/v7-m/nofp/libcr_c.a(errno.o)
                0x0000000010000154                errno
 .bss.__Ciob    0x0000000010000158      0x1e0 /usr/local/mcuxpressoide-11.1.1_3241/ide/plugins/com.nxp.mcuxpresso.tools.linux_11.1.0.202001081728/tools/bin/../lib/gcc/arm-none-eabi/8.3.1/../../../../arm-none-eabi/lib/thumb/v7-m/nofp/libcr_nohost.a(__ciob.o)
                0x0000000010000158                __Ciob
 *(COMMON)
 COMMON         0x0000000010000338        0x4 /home/joyal/Documents/MCUXpresso_11.1.1_3241/workspace/lpc_chip_175x_6x/Debug/liblpc_chip_175x_6x.a(chip_17xx_40xx.o)
                0x0000000010000338                SystemCoreClock
                0x000000001000033c                . = ALIGN (0x4)
                0x000000001000033c                _ebss = .
                [!provide]                        PROVIDE (__end_bss_RAM = .)
                [!provide]                        PROVIDE (__end_bss_RamLoc32 = .)
                [!provide]                        PROVIDE (end = .)

.noinit_RAM2    0x000000002007c000        0x0
                [!provide]                        PROVIDE (__start_noinit_RAM2 = .)
                [!provide]                        PROVIDE (__start_noinit_RamAHB32 = .)
 *(.noinit.$RAM2)
 *(.noinit.$RamAHB32)
 *(.noinit.$RAM2.*)
 *(.noinit.$RamAHB32.*)
                0x000000002007c000                . = ALIGN (0x4)
                [!provide]                        PROVIDE (__end_noinit_RAM2 = .)
                [!provide]                        PROVIDE (__end_noinit_RamAHB32 = .)

.noinit         0x000000001000033c        0x0
                0x000000001000033c                _noinit = .
                [!provide]                        PROVIDE (__start_noinit_RAM = .)
                [!provide]                        PROVIDE (__start_noinit_RamLoc32 = .)
 *(.noinit*)
                0x000000001000033c                . = ALIGN (0x4)
                0x000000001000033c                _end_noinit = .
                [!provide]                        PROVIDE (__end_noinit_RAM = .)
                [!provide]                        PROVIDE (__end_noinit_RamLoc32 = .)
                0x000000001000033c                PROVIDE (_pvHeapStart = DEFINED (__user_heap_base)?__user_heap_base:.)
                0x0000000010008000                PROVIDE (_vStackTop = DEFINED (__user_stack_top)?__user_stack_top:(__top_RamLoc32 - 0x0))
                [!provide]                        PROVIDE (__valid_user_code_checksum = (0x0 - ((((((_vStackTop + (ResetISR + 0x1)) + (NMI_Handler + 0x1)) + (HardFault_Handler + 0x1)) + (DEFINED (MemManage_Handler)?MemManage_Handler:0x0 + 0x1)) + (DEFINED (BusFault_Handler)?BusFault_Handler:0x0 + 0x1)) + (DEFINED (UsageFault_Handler)?UsageFault_Handler:0x0 + 0x1))))
                0x0000000000000000                _image_start = LOADADDR (.text)
                0x00000000000026c8                _image_end = (LOADADDR (.data) + SIZEOF (.data))
                0x00000000000026c8                _image_size = (_image_end - _image_start)
OUTPUT(onetask_blinky.axf elf32-littlearm)

.debug_info     0x0000000000000000     0x76c8
 .debug_info    0x0000000000000000      0x272 ./source/src/cr_startup_lpc175x_6x.o
 .debug_info    0x0000000000000272      0x718 ./source/src/onetaskproj.o
 .debug_info    0x000000000000098a      0x250 ./source/src/sysinit.o
 .debug_info    0x0000000000000bda      0x2f8 ./freertos/src/FreeRTOSCommonHooks.o
 .debug_info    0x0000000000000ed2      0x282 ./freertos/src/heap_3.o
 .debug_info    0x0000000000001154      0x439 ./freertos/src/list.o
 .debug_info    0x000000000000158d      0x53e ./freertos/src/port.o
 .debug_info    0x0000000000001acb     0x1436 ./freertos/src/tasks.o
 .debug_info    0x0000000000002f01     0x171e /home/joyal/Documents/MCUXpresso_11.1.1_3241/workspace/lpc_board_nxp_lpcxpresso_1769/Debug/liblpc_board_nxp_lpcxpresso_1769.a(board.o)
 .debug_info    0x000000000000461f      0x71d /home/joyal/Documents/MCUXpresso_11.1.1_3241/workspace/lpc_board_nxp_lpcxpresso_1769/Debug/liblpc_board_nxp_lpcxpresso_1769.a(board_sysinit.o)
 .debug_info    0x0000000000004d3c      0x591 /home/joyal/Documents/MCUXpresso_11.1.1_3241/workspace/lpc_chip_175x_6x/Debug/liblpc_chip_175x_6x.a(chip_17xx_40xx.o)
 .debug_info    0x00000000000052cd      0xc2a /home/joyal/Documents/MCUXpresso_11.1.1_3241/workspace/lpc_chip_175x_6x/Debug/liblpc_chip_175x_6x.a(clock_17xx_40xx.o)
 .debug_info    0x0000000000005ef7      0x347 /home/joyal/Documents/MCUXpresso_11.1.1_3241/workspace/lpc_chip_175x_6x/Debug/liblpc_chip_175x_6x.a(iocon_17xx_40xx.o)
 .debug_info    0x000000000000623e      0x4b0 /home/joyal/Documents/MCUXpresso_11.1.1_3241/workspace/lpc_chip_175x_6x/Debug/liblpc_chip_175x_6x.a(sysinit_17xx_40xx.o)
 .debug_info    0x00000000000066ee      0xfda /home/joyal/Documents/MCUXpresso_11.1.1_3241/workspace/lpc_chip_175x_6x/Debug/liblpc_chip_175x_6x.a(uart_17xx_40xx.o)

.debug_abbrev   0x0000000000000000     0x1de1
 .debug_abbrev  0x0000000000000000      0x117 ./source/src/cr_startup_lpc175x_6x.o
 .debug_abbrev  0x0000000000000117      0x252 ./source/src/onetaskproj.o
 .debug_abbrev  0x0000000000000369       0xeb ./source/src/sysinit.o
 .debug_abbrev  0x0000000000000454      0x181 ./freertos/src/FreeRTOSCommonHooks.o
 .debug_abbrev  0x00000000000005d5      0x12b ./freertos/src/heap_3.o
 .debug_abbrev  0x0000000000000700      0x136 ./freertos/src/list.o
 .debug_abbrev  0x0000000000000836      0x243 ./freertos/src/port.o
 .debug_abbrev  0x0000000000000a79      0x291 ./freertos/src/tasks.o
 .debug_abbrev  0x0000000000000d0a      0x413 /home/joyal/Documents/MCUXpresso_11.1.1_3241/workspace/lpc_board_nxp_lpcxpresso_1769/Debug/liblpc_board_nxp_lpcxpresso_1769.a(board.o)
 .debug_abbrev  0x000000000000111d      0x1a2 /home/joyal/Documents/MCUXpresso_11.1.1_3241/workspace/lpc_board_nxp_lpcxpresso_1769/Debug/liblpc_board_nxp_lpcxpresso_1769.a(board_sysinit.o)
 .debug_abbrev  0x00000000000012bf      0x16d /home/joyal/Documents/MCUXpresso_11.1.1_3241/workspace/lpc_chip_175x_6x/Debug/liblpc_chip_175x_6x.a(chip_17xx_40xx.o)
 .debug_abbrev  0x000000000000142c      0x34d /home/joyal/Documents/MCUXpresso_11.1.1_3241/workspace/lpc_chip_175x_6x/Debug/liblpc_chip_175x_6x.a(clock_17xx_40xx.o)
 .debug_abbrev  0x0000000000001779      0x164 /home/joyal/Documents/MCUXpresso_11.1.1_3241/workspace/lpc_chip_175x_6x/Debug/liblpc_chip_175x_6x.a(iocon_17xx_40xx.o)
 .debug_abbrev  0x00000000000018dd      0x1b0 /home/joyal/Documents/MCUXpresso_11.1.1_3241/workspace/lpc_chip_175x_6x/Debug/liblpc_chip_175x_6x.a(sysinit_17xx_40xx.o)
 .debug_abbrev  0x0000000000001a8d      0x354 /home/joyal/Documents/MCUXpresso_11.1.1_3241/workspace/lpc_chip_175x_6x/Debug/liblpc_chip_175x_6x.a(uart_17xx_40xx.o)

.debug_aranges  0x0000000000000000      0x858
 .debug_aranges
                0x0000000000000000       0x80 ./source/src/cr_startup_lpc175x_6x.o
 .debug_aranges
                0x0000000000000080       0x50 ./source/src/onetaskproj.o
 .debug_aranges
                0x00000000000000d0       0x20 ./source/src/sysinit.o
 .debug_aranges
                0x00000000000000f0       0x40 ./freertos/src/FreeRTOSCommonHooks.o
 .debug_aranges
                0x0000000000000130       0x28 ./freertos/src/heap_3.o
 .debug_aranges
                0x0000000000000158       0x40 ./freertos/src/list.o
 .debug_aranges
                0x0000000000000198       0x90 ./freertos/src/port.o
 .debug_aranges
                0x0000000000000228      0x170 ./freertos/src/tasks.o
 .debug_aranges
                0x0000000000000398      0x178 /home/joyal/Documents/MCUXpresso_11.1.1_3241/workspace/lpc_board_nxp_lpcxpresso_1769/Debug/liblpc_board_nxp_lpcxpresso_1769.a(board.o)
 .debug_aranges
                0x0000000000000510       0x38 /home/joyal/Documents/MCUXpresso_11.1.1_3241/workspace/lpc_board_nxp_lpcxpresso_1769/Debug/liblpc_board_nxp_lpcxpresso_1769.a(board_sysinit.o)
 .debug_aranges
                0x0000000000000548       0x38 /home/joyal/Documents/MCUXpresso_11.1.1_3241/workspace/lpc_chip_175x_6x/Debug/liblpc_chip_175x_6x.a(chip_17xx_40xx.o)
 .debug_aranges
                0x0000000000000580      0x120 /home/joyal/Documents/MCUXpresso_11.1.1_3241/workspace/lpc_chip_175x_6x/Debug/liblpc_chip_175x_6x.a(clock_17xx_40xx.o)
 .debug_aranges
                0x00000000000006a0       0x30 /home/joyal/Documents/MCUXpresso_11.1.1_3241/workspace/lpc_chip_175x_6x/Debug/liblpc_chip_175x_6x.a(iocon_17xx_40xx.o)
 .debug_aranges
                0x00000000000006d0       0x60 /home/joyal/Documents/MCUXpresso_11.1.1_3241/workspace/lpc_chip_175x_6x/Debug/liblpc_chip_175x_6x.a(sysinit_17xx_40xx.o)
 .debug_aranges
                0x0000000000000730      0x128 /home/joyal/Documents/MCUXpresso_11.1.1_3241/workspace/lpc_chip_175x_6x/Debug/liblpc_chip_175x_6x.a(uart_17xx_40xx.o)

.debug_ranges   0x0000000000000000      0x768
 .debug_ranges  0x0000000000000000       0x70 ./source/src/cr_startup_lpc175x_6x.o
 .debug_ranges  0x0000000000000070       0x40 ./source/src/onetaskproj.o
 .debug_ranges  0x00000000000000b0       0x10 ./source/src/sysinit.o
 .debug_ranges  0x00000000000000c0       0x30 ./freertos/src/FreeRTOSCommonHooks.o
 .debug_ranges  0x00000000000000f0       0x18 ./freertos/src/heap_3.o
 .debug_ranges  0x0000000000000108       0x30 ./freertos/src/list.o
 .debug_ranges  0x0000000000000138       0x80 ./freertos/src/port.o
 .debug_ranges  0x00000000000001b8      0x160 ./freertos/src/tasks.o
 .debug_ranges  0x0000000000000318      0x168 /home/joyal/Documents/MCUXpresso_11.1.1_3241/workspace/lpc_board_nxp_lpcxpresso_1769/Debug/liblpc_board_nxp_lpcxpresso_1769.a(board.o)
 .debug_ranges  0x0000000000000480       0x28 /home/joyal/Documents/MCUXpresso_11.1.1_3241/workspace/lpc_board_nxp_lpcxpresso_1769/Debug/liblpc_board_nxp_lpcxpresso_1769.a(board_sysinit.o)
 .debug_ranges  0x00000000000004a8       0x28 /home/joyal/Documents/MCUXpresso_11.1.1_3241/workspace/lpc_chip_175x_6x/Debug/liblpc_chip_175x_6x.a(chip_17xx_40xx.o)
 .debug_ranges  0x00000000000004d0      0x110 /home/joyal/Documents/MCUXpresso_11.1.1_3241/workspace/lpc_chip_175x_6x/Debug/liblpc_chip_175x_6x.a(clock_17xx_40xx.o)
 .debug_ranges  0x00000000000005e0       0x20 /home/joyal/Documents/MCUXpresso_11.1.1_3241/workspace/lpc_chip_175x_6x/Debug/liblpc_chip_175x_6x.a(iocon_17xx_40xx.o)
 .debug_ranges  0x0000000000000600       0x50 /home/joyal/Documents/MCUXpresso_11.1.1_3241/workspace/lpc_chip_175x_6x/Debug/liblpc_chip_175x_6x.a(sysinit_17xx_40xx.o)
 .debug_ranges  0x0000000000000650      0x118 /home/joyal/Documents/MCUXpresso_11.1.1_3241/workspace/lpc_chip_175x_6x/Debug/liblpc_chip_175x_6x.a(uart_17xx_40xx.o)

.debug_macro    0x0000000000000000     0x6309
 .debug_macro   0x0000000000000000       0x1d ./source/src/cr_startup_lpc175x_6x.o
 .debug_macro   0x000000000000001d      0xa9c ./source/src/cr_startup_lpc175x_6x.o
 .debug_macro   0x0000000000000ab9      0x2bc ./source/src/onetaskproj.o
 .debug_macro   0x0000000000000d75       0x10 ./source/src/onetaskproj.o
 .debug_macro   0x0000000000000d85      0x12e ./source/src/onetaskproj.o
 .debug_macro   0x0000000000000eb3      0x5b3 ./source/src/onetaskproj.o
 .debug_macro   0x0000000000001466       0x22 ./source/src/onetaskproj.o
 .debug_macro   0x0000000000001488       0x7b ./source/src/onetaskproj.o
 .debug_macro   0x0000000000001503       0x10 ./source/src/onetaskproj.o
 .debug_macro   0x0000000000001513       0x2d ./source/src/onetaskproj.o
 .debug_macro   0x0000000000001540       0x3a ./source/src/onetaskproj.o
 .debug_macro   0x000000000000157a       0x2d ./source/src/onetaskproj.o
 .debug_macro   0x00000000000015a7      0xbb1 ./source/src/onetaskproj.o
 .debug_macro   0x0000000000002158      0x22c ./source/src/onetaskproj.o
 .debug_macro   0x0000000000002384       0x42 ./source/src/onetaskproj.o
 .debug_macro   0x00000000000023c6       0x52 ./source/src/onetaskproj.o
 .debug_macro   0x0000000000002418       0x78 ./source/src/onetaskproj.o
 .debug_macro   0x0000000000002490       0x82 ./source/src/onetaskproj.o
 .debug_macro   0x0000000000002512      0x48c ./source/src/onetaskproj.o
 .debug_macro   0x000000000000299e       0x34 ./source/src/onetaskproj.o
 .debug_macro   0x00000000000029d2      0x4c5 ./source/src/onetaskproj.o
 .debug_macro   0x0000000000002e97      0x1b7 ./source/src/onetaskproj.o
 .debug_macro   0x000000000000304e       0x10 ./source/src/onetaskproj.o
 .debug_macro   0x000000000000305e      0x21b ./source/src/onetaskproj.o
 .debug_macro   0x0000000000003279      0x1b9 ./source/src/onetaskproj.o
 .debug_macro   0x0000000000003432       0x40 ./source/src/onetaskproj.o
 .debug_macro   0x0000000000003472       0x22 ./source/src/onetaskproj.o
 .debug_macro   0x0000000000003494      0x162 ./source/src/onetaskproj.o
 .debug_macro   0x00000000000035f6       0x94 ./source/src/onetaskproj.o
 .debug_macro   0x000000000000368a       0xb8 ./source/src/onetaskproj.o
 .debug_macro   0x0000000000003742       0x4c ./source/src/onetaskproj.o
 .debug_macro   0x000000000000378e       0x16 ./source/src/onetaskproj.o
 .debug_macro   0x00000000000037a4      0x328 ./source/src/onetaskproj.o
 .debug_macro   0x0000000000003acc       0x49 ./source/src/onetaskproj.o
 .debug_macro   0x0000000000003b15       0x16 ./source/src/onetaskproj.o
 .debug_macro   0x0000000000003b2b       0xca ./source/src/onetaskproj.o
 .debug_macro   0x0000000000003bf5       0x18 ./source/src/onetaskproj.o
 .debug_macro   0x0000000000003c0d       0x8e ./source/src/onetaskproj.o
 .debug_macro   0x0000000000003c9b       0x9a ./source/src/onetaskproj.o
 .debug_macro   0x0000000000003d35       0x20 ./source/src/onetaskproj.o
 .debug_macro   0x0000000000003d55       0x28 ./source/src/onetaskproj.o
 .debug_macro   0x0000000000003d7d       0x10 ./source/src/onetaskproj.o
 .debug_macro   0x0000000000003d8d       0x46 ./source/src/onetaskproj.o
 .debug_macro   0x0000000000003dd3       0xf4 ./source/src/onetaskproj.o
 .debug_macro   0x0000000000003ec7       0xab ./source/src/onetaskproj.o
 .debug_macro   0x0000000000003f72       0x12 ./source/src/onetaskproj.o
 .debug_macro   0x0000000000003f84       0x1f ./source/src/onetaskproj.o
 .debug_macro   0x0000000000003fa3      0x257 ./source/src/onetaskproj.o
 .debug_macro   0x00000000000041fa       0x64 ./source/src/onetaskproj.o
 .debug_macro   0x000000000000425e       0x57 ./source/src/onetaskproj.o
 .debug_macro   0x00000000000042b5      0x217 ./source/src/sysinit.o
 .debug_macro   0x00000000000044cc      0x29c ./freertos/src/FreeRTOSCommonHooks.o
 .debug_macro   0x0000000000004768       0x16 ./freertos/src/FreeRTOSCommonHooks.o
 .debug_macro   0x000000000000477e       0x74 ./freertos/src/FreeRTOSCommonHooks.o
 .debug_macro   0x00000000000047f2       0x11 ./freertos/src/FreeRTOSCommonHooks.o
 .debug_macro   0x0000000000004803       0xee ./freertos/src/FreeRTOSCommonHooks.o
 .debug_macro   0x00000000000048f1      0x2b2 ./freertos/src/heap_3.o
 .debug_macro   0x0000000000004ba3       0x28 ./freertos/src/heap_3.o
 .debug_macro   0x0000000000004bcb      0x297 ./freertos/src/list.o
 .debug_macro   0x0000000000004e62      0x329 ./freertos/src/port.o
 .debug_macro   0x000000000000518b      0x336 ./freertos/src/tasks.o
 .debug_macro   0x00000000000054c1       0x5b ./freertos/src/tasks.o
 .debug_macro   0x000000000000551c       0x16 ./freertos/src/tasks.o
 .debug_macro   0x0000000000005532      0x2ad /home/joyal/Documents/MCUXpresso_11.1.1_3241/workspace/lpc_board_nxp_lpcxpresso_1769/Debug/liblpc_board_nxp_lpcxpresso_1769.a(board.o)
 .debug_macro   0x00000000000057df       0x12 /home/joyal/Documents/MCUXpresso_11.1.1_3241/workspace/lpc_board_nxp_lpcxpresso_1769/Debug/liblpc_board_nxp_lpcxpresso_1769.a(board.o)
 .debug_macro   0x00000000000057f1      0x217 /home/joyal/Documents/MCUXpresso_11.1.1_3241/workspace/lpc_board_nxp_lpcxpresso_1769/Debug/liblpc_board_nxp_lpcxpresso_1769.a(board_sysinit.o)
 .debug_macro   0x0000000000005a08      0x1cd /home/joyal/Documents/MCUXpresso_11.1.1_3241/workspace/lpc_chip_175x_6x/Debug/liblpc_chip_175x_6x.a(chip_17xx_40xx.o)
 .debug_macro   0x0000000000005bd5      0x1cd /home/joyal/Documents/MCUXpresso_11.1.1_3241/workspace/lpc_chip_175x_6x/Debug/liblpc_chip_175x_6x.a(clock_17xx_40xx.o)
 .debug_macro   0x0000000000005da2      0x1cd /home/joyal/Documents/MCUXpresso_11.1.1_3241/workspace/lpc_chip_175x_6x/Debug/liblpc_chip_175x_6x.a(iocon_17xx_40xx.o)
 .debug_macro   0x0000000000005f6f      0x1cd /home/joyal/Documents/MCUXpresso_11.1.1_3241/workspace/lpc_chip_175x_6x/Debug/liblpc_chip_175x_6x.a(sysinit_17xx_40xx.o)
 .debug_macro   0x000000000000613c      0x1cd /home/joyal/Documents/MCUXpresso_11.1.1_3241/workspace/lpc_chip_175x_6x/Debug/liblpc_chip_175x_6x.a(uart_17xx_40xx.o)

.debug_line     0x0000000000000000     0x73d7
 .debug_line    0x0000000000000000      0x167 ./source/src/cr_startup_lpc175x_6x.o
 .debug_line    0x0000000000000167      0x753 ./source/src/onetaskproj.o
 .debug_line    0x00000000000008ba      0x521 ./source/src/sysinit.o
 .debug_line    0x0000000000000ddb      0x6e2 ./freertos/src/FreeRTOSCommonHooks.o
 .debug_line    0x00000000000014bd      0x684 ./freertos/src/heap_3.o
 .debug_line    0x0000000000001b41      0x74d ./freertos/src/list.o
 .debug_line    0x000000000000228e      0x915 ./freertos/src/port.o
 .debug_line    0x0000000000002ba3     0x1330 ./freertos/src/tasks.o
 .debug_line    0x0000000000003ed3      0xb45 /home/joyal/Documents/MCUXpresso_11.1.1_3241/workspace/lpc_board_nxp_lpcxpresso_1769/Debug/liblpc_board_nxp_lpcxpresso_1769.a(board.o)
 .debug_line    0x0000000000004a18      0x573 /home/joyal/Documents/MCUXpresso_11.1.1_3241/workspace/lpc_board_nxp_lpcxpresso_1769/Debug/liblpc_board_nxp_lpcxpresso_1769.a(board_sysinit.o)
 .debug_line    0x0000000000004f8b      0x523 /home/joyal/Documents/MCUXpresso_11.1.1_3241/workspace/lpc_chip_175x_6x/Debug/liblpc_chip_175x_6x.a(chip_17xx_40xx.o)
 .debug_line    0x00000000000054ae      0x98a /home/joyal/Documents/MCUXpresso_11.1.1_3241/workspace/lpc_chip_175x_6x/Debug/liblpc_chip_175x_6x.a(clock_17xx_40xx.o)
 .debug_line    0x0000000000005e38      0x53f /home/joyal/Documents/MCUXpresso_11.1.1_3241/workspace/lpc_chip_175x_6x/Debug/liblpc_chip_175x_6x.a(iocon_17xx_40xx.o)
 .debug_line    0x0000000000006377      0x5fc /home/joyal/Documents/MCUXpresso_11.1.1_3241/workspace/lpc_chip_175x_6x/Debug/liblpc_chip_175x_6x.a(sysinit_17xx_40xx.o)
 .debug_line    0x0000000000006973      0xa64 /home/joyal/Documents/MCUXpresso_11.1.1_3241/workspace/lpc_chip_175x_6x/Debug/liblpc_chip_175x_6x.a(uart_17xx_40xx.o)

.debug_str      0x0000000000000000    0x17a44
 .debug_str     0x0000000000000000     0x2f6b ./source/src/cr_startup_lpc175x_6x.o
                                       0x2fa9 (size before relaxing)
 .debug_str     0x0000000000002f6b    0x10b38 ./source/src/onetaskproj.o
                                      0x139d9 (size before relaxing)
 .debug_str     0x0000000000013aa3       0x22 ./source/src/sysinit.o
                                      0x113f1 (size before relaxing)
 .debug_str     0x0000000000013ac5       0xe7 ./freertos/src/FreeRTOSCommonHooks.o
                                      0x135a8 (size before relaxing)
 .debug_str     0x0000000000013bac      0x103 ./freertos/src/heap_3.o
                                      0x135bc (size before relaxing)
 .debug_str     0x0000000000013caf      0x12e ./freertos/src/list.o
                                      0x13301 (size before relaxing)
 .debug_str     0x0000000000013ddd      0x8e9 ./freertos/src/port.o
                                      0x13df8 (size before relaxing)
 .debug_str     0x00000000000146c6     0x153a ./freertos/src/tasks.o
                                      0x14dc3 (size before relaxing)
 .debug_str     0x0000000000015c00      0xe02 /home/joyal/Documents/MCUXpresso_11.1.1_3241/workspace/lpc_board_nxp_lpcxpresso_1769/Debug/liblpc_board_nxp_lpcxpresso_1769.a(board.o)
                                      0x123f2 (size before relaxing)
 .debug_str     0x0000000000016a02      0x22d /home/joyal/Documents/MCUXpresso_11.1.1_3241/workspace/lpc_board_nxp_lpcxpresso_1769/Debug/liblpc_board_nxp_lpcxpresso_1769.a(board_sysinit.o)
                                      0x11801 (size before relaxing)
 .debug_str     0x0000000000016c2f       0xc1 /home/joyal/Documents/MCUXpresso_11.1.1_3241/workspace/lpc_chip_175x_6x/Debug/liblpc_chip_175x_6x.a(chip_17xx_40xx.o)
                                      0x113e5 (size before relaxing)
 .debug_str     0x0000000000016cf0      0x857 /home/joyal/Documents/MCUXpresso_11.1.1_3241/workspace/lpc_chip_175x_6x/Debug/liblpc_chip_175x_6x.a(clock_17xx_40xx.o)
                                      0x11a63 (size before relaxing)
 .debug_str     0x0000000000017547       0x79 /home/joyal/Documents/MCUXpresso_11.1.1_3241/workspace/lpc_chip_175x_6x/Debug/liblpc_chip_175x_6x.a(iocon_17xx_40xx.o)
                                      0x10ee0 (size before relaxing)
 .debug_str     0x00000000000175c0       0xc4 /home/joyal/Documents/MCUXpresso_11.1.1_3241/workspace/lpc_chip_175x_6x/Debug/liblpc_chip_175x_6x.a(sysinit_17xx_40xx.o)
                                      0x110c8 (size before relaxing)
 .debug_str     0x0000000000017684      0x3c0 /home/joyal/Documents/MCUXpresso_11.1.1_3241/workspace/lpc_chip_175x_6x/Debug/liblpc_chip_175x_6x.a(uart_17xx_40xx.o)
                                      0x11938 (size before relaxing)

.comment        0x0000000000000000       0x76
 .comment       0x0000000000000000       0x76 ./source/src/cr_startup_lpc175x_6x.o
                                         0x77 (size before relaxing)
 .comment       0x0000000000000076       0x77 ./source/src/onetaskproj.o
 .comment       0x0000000000000076       0x77 ./source/src/sysinit.o
 .comment       0x0000000000000076       0x77 ./freertos/src/FreeRTOSCommonHooks.o
 .comment       0x0000000000000076       0x77 ./freertos/src/heap_3.o
 .comment       0x0000000000000076       0x77 ./freertos/src/list.o
 .comment       0x0000000000000076       0x77 ./freertos/src/port.o
 .comment       0x0000000000000076       0x77 ./freertos/src/tasks.o
 .comment       0x0000000000000076       0x77 /home/joyal/Documents/MCUXpresso_11.1.1_3241/workspace/lpc_board_nxp_lpcxpresso_1769/Debug/liblpc_board_nxp_lpcxpresso_1769.a(board.o)
 .comment       0x0000000000000076       0x77 /home/joyal/Documents/MCUXpresso_11.1.1_3241/workspace/lpc_board_nxp_lpcxpresso_1769/Debug/liblpc_board_nxp_lpcxpresso_1769.a(board_sysinit.o)
 .comment       0x0000000000000076       0x77 /home/joyal/Documents/MCUXpresso_11.1.1_3241/workspace/lpc_chip_175x_6x/Debug/liblpc_chip_175x_6x.a(chip_17xx_40xx.o)
 .comment       0x0000000000000076       0x77 /home/joyal/Documents/MCUXpresso_11.1.1_3241/workspace/lpc_chip_175x_6x/Debug/liblpc_chip_175x_6x.a(clock_17xx_40xx.o)
 .comment       0x0000000000000076       0x77 /home/joyal/Documents/MCUXpresso_11.1.1_3241/workspace/lpc_chip_175x_6x/Debug/liblpc_chip_175x_6x.a(iocon_17xx_40xx.o)
 .comment       0x0000000000000076       0x77 /home/joyal/Documents/MCUXpresso_11.1.1_3241/workspace/lpc_chip_175x_6x/Debug/liblpc_chip_175x_6x.a(sysinit_17xx_40xx.o)
 .comment       0x0000000000000076       0x77 /home/joyal/Documents/MCUXpresso_11.1.1_3241/workspace/lpc_chip_175x_6x/Debug/liblpc_chip_175x_6x.a(uart_17xx_40xx.o)
 .comment       0x0000000000000076       0x77 /usr/local/mcuxpressoide-11.1.1_3241/ide/plugins/com.nxp.mcuxpresso.tools.linux_11.1.0.202001081728/tools/bin/../lib/gcc/arm-none-eabi/8.3.1/../../../../arm-none-eabi/lib/thumb/v7-m/nofp/libcr_nohost.a(_cr__main.o)
 .comment       0x0000000000000076       0x77 /usr/local/mcuxpressoide-11.1.1_3241/ide/plugins/com.nxp.mcuxpresso.tools.linux_11.1.0.202001081728/tools/bin/../lib/gcc/arm-none-eabi/8.3.1/../../../../arm-none-eabi/lib/thumb/v7-m/nofp/libcr_c.a(memset.o)
 .comment       0x0000000000000076       0x77 /usr/local/mcuxpressoide-11.1.1_3241/ide/plugins/com.nxp.mcuxpresso.tools.linux_11.1.0.202001081728/tools/bin/../lib/gcc/arm-none-eabi/8.3.1/../../../../arm-none-eabi/lib/thumb/v7-m/nofp/libcr_c.a(alloc.o)
 .comment       0x0000000000000076       0x77 /usr/local/mcuxpressoide-11.1.1_3241/ide/plugins/com.nxp.mcuxpresso.tools.linux_11.1.0.202001081728/tools/bin/../lib/gcc/arm-none-eabi/8.3.1/../../../../arm-none-eabi/lib/thumb/v7-m/nofp/libcr_c.a(initio.o)
 .comment       0x0000000000000076       0x77 /usr/local/mcuxpressoide-11.1.1_3241/ide/plugins/com.nxp.mcuxpresso.tools.linux_11.1.0.202001081728/tools/bin/../lib/gcc/arm-none-eabi/8.3.1/../../../../arm-none-eabi/lib/thumb/v7-m/nofp/libcr_c.a(setvbuf.o)
 .comment       0x0000000000000076       0x77 /usr/local/mcuxpressoide-11.1.1_3241/ide/plugins/com.nxp.mcuxpresso.tools.linux_11.1.0.202001081728/tools/bin/../lib/gcc/arm-none-eabi/8.3.1/../../../../arm-none-eabi/lib/thumb/v7-m/nofp/libcr_c.a(strlen.o)
 .comment       0x0000000000000076       0x77 /usr/local/mcuxpressoide-11.1.1_3241/ide/plugins/com.nxp.mcuxpresso.tools.linux_11.1.0.202001081728/tools/bin/../lib/gcc/arm-none-eabi/8.3.1/../../../../arm-none-eabi/lib/thumb/v7-m/nofp/libcr_c.a(__init_alloc.o)
 .comment       0x0000000000000076       0x77 /usr/local/mcuxpressoide-11.1.1_3241/ide/plugins/com.nxp.mcuxpresso.tools.linux_11.1.0.202001081728/tools/bin/../lib/gcc/arm-none-eabi/8.3.1/../../../../arm-none-eabi/lib/thumb/v7-m/nofp/libcr_c.a(_cr_sbrk.o)
 .comment       0x0000000000000076       0x77 /usr/local/mcuxpressoide-11.1.1_3241/ide/plugins/com.nxp.mcuxpresso.tools.linux_11.1.0.202001081728/tools/bin/../lib/gcc/arm-none-eabi/8.3.1/../../../../arm-none-eabi/lib/thumb/v7-m/nofp/libcr_c.a(_deferredlazyseek.o)
 .comment       0x0000000000000076       0x77 /usr/local/mcuxpressoide-11.1.1_3241/ide/plugins/com.nxp.mcuxpresso.tools.linux_11.1.0.202001081728/tools/bin/../lib/gcc/arm-none-eabi/8.3.1/../../../../arm-none-eabi/lib/thumb/v7-m/nofp/libcr_c.a(_fdopen.o)
 .comment       0x0000000000000076       0x77 /usr/local/mcuxpressoide-11.1.1_3241/ide/plugins/com.nxp.mcuxpresso.tools.linux_11.1.0.202001081728/tools/bin/../lib/gcc/arm-none-eabi/8.3.1/../../../../arm-none-eabi/lib/thumb/v7-m/nofp/libcr_c.a(_fflush.o)
 .comment       0x0000000000000076       0x77 /usr/local/mcuxpressoide-11.1.1_3241/ide/plugins/com.nxp.mcuxpresso.tools.linux_11.1.0.202001081728/tools/bin/../lib/gcc/arm-none-eabi/8.3.1/../../../../arm-none-eabi/lib/thumb/v7-m/nofp/libcr_c.a(_writebuf.o)
 .comment       0x0000000000000076       0x77 /usr/local/mcuxpressoide-11.1.1_3241/ide/plugins/com.nxp.mcuxpresso.tools.linux_11.1.0.202001081728/tools/bin/../lib/gcc/arm-none-eabi/8.3.1/../../../../arm-none-eabi/lib/thumb/v7-m/nofp/libcr_c.a(errno.o)
 .comment       0x0000000000000076       0x77 /usr/local/mcuxpressoide-11.1.1_3241/ide/plugins/com.nxp.mcuxpresso.tools.linux_11.1.0.202001081728/tools/bin/../lib/gcc/arm-none-eabi/8.3.1/../../../../arm-none-eabi/lib/thumb/v7-m/nofp/libcr_c.a(fclose.o)
 .comment       0x0000000000000076       0x77 /usr/local/mcuxpressoide-11.1.1_3241/ide/plugins/com.nxp.mcuxpresso.tools.linux_11.1.0.202001081728/tools/bin/../lib/gcc/arm-none-eabi/8.3.1/../../../../arm-none-eabi/lib/thumb/v7-m/nofp/libcr_c.a(fflush.o)
 .comment       0x0000000000000076       0x77 /usr/local/mcuxpressoide-11.1.1_3241/ide/plugins/com.nxp.mcuxpresso.tools.linux_11.1.0.202001081728/tools/bin/../lib/gcc/arm-none-eabi/8.3.1/../../../../arm-none-eabi/lib/thumb/v7-m/nofp/libcr_c.a(fseek.o)
 .comment       0x0000000000000076       0x77 /usr/local/mcuxpressoide-11.1.1_3241/ide/plugins/com.nxp.mcuxpresso.tools.linux_11.1.0.202001081728/tools/bin/../lib/gcc/arm-none-eabi/8.3.1/../../../../arm-none-eabi/lib/thumb/v7-m/nofp/libcr_c.a(ftell.o)
 .comment       0x0000000000000076       0x77 /usr/local/mcuxpressoide-11.1.1_3241/ide/plugins/com.nxp.mcuxpresso.tools.linux_11.1.0.202001081728/tools/bin/../lib/gcc/arm-none-eabi/8.3.1/../../../../arm-none-eabi/lib/thumb/v7-m/nofp/libcr_c.a(remove.o)
 .comment       0x0000000000000076       0x77 /usr/local/mcuxpressoide-11.1.1_3241/ide/plugins/com.nxp.mcuxpresso.tools.linux_11.1.0.202001081728/tools/bin/../lib/gcc/arm-none-eabi/8.3.1/../../../../arm-none-eabi/lib/thumb/v7-m/nofp/libcr_c.a(_cr_check_heap.o)
 .comment       0x0000000000000076       0x77 /usr/local/mcuxpressoide-11.1.1_3241/ide/plugins/com.nxp.mcuxpresso.tools.linux_11.1.0.202001081728/tools/bin/../lib/gcc/arm-none-eabi/8.3.1/../../../../arm-none-eabi/lib/thumb/v7-m/nofp/libcr_c.a(_do_fflush.o)
 .comment       0x0000000000000076       0x77 /usr/local/mcuxpressoide-11.1.1_3241/ide/plugins/com.nxp.mcuxpresso.tools.linux_11.1.0.202001081728/tools/bin/../lib/gcc/arm-none-eabi/8.3.1/../../../../arm-none-eabi/lib/thumb/v7-m/nofp/libcr_nohost.a(__ciob.o)
 .comment       0x0000000000000076       0x77 /usr/local/mcuxpressoide-11.1.1_3241/ide/plugins/com.nxp.mcuxpresso.tools.linux_11.1.0.202001081728/tools/bin/../lib/gcc/arm-none-eabi/8.3.1/../../../../arm-none-eabi/lib/thumb/v7-m/nofp/libcr_nohost.a(__sys_close.o)
 .comment       0x0000000000000076       0x77 /usr/local/mcuxpressoide-11.1.1_3241/ide/plugins/com.nxp.mcuxpresso.tools.linux_11.1.0.202001081728/tools/bin/../lib/gcc/arm-none-eabi/8.3.1/../../../../arm-none-eabi/lib/thumb/v7-m/nofp/libcr_nohost.a(__sys_flen.o)
 .comment       0x0000000000000076       0x77 /usr/local/mcuxpressoide-11.1.1_3241/ide/plugins/com.nxp.mcuxpresso.tools.linux_11.1.0.202001081728/tools/bin/../lib/gcc/arm-none-eabi/8.3.1/../../../../arm-none-eabi/lib/thumb/v7-m/nofp/libcr_nohost.a(__sys_istty.o)
 .comment       0x0000000000000076       0x77 /usr/local/mcuxpressoide-11.1.1_3241/ide/plugins/com.nxp.mcuxpresso.tools.linux_11.1.0.202001081728/tools/bin/../lib/gcc/arm-none-eabi/8.3.1/../../../../arm-none-eabi/lib/thumb/v7-m/nofp/libcr_nohost.a(__sys_remove.o)
 .comment       0x0000000000000076       0x77 /usr/local/mcuxpressoide-11.1.1_3241/ide/plugins/com.nxp.mcuxpresso.tools.linux_11.1.0.202001081728/tools/bin/../lib/gcc/arm-none-eabi/8.3.1/../../../../arm-none-eabi/lib/thumb/v7-m/nofp/libcr_nohost.a(__sys_seek.o)
 .comment       0x0000000000000076       0x77 /usr/local/mcuxpressoide-11.1.1_3241/ide/plugins/com.nxp.mcuxpresso.tools.linux_11.1.0.202001081728/tools/bin/../lib/gcc/arm-none-eabi/8.3.1/../../../../arm-none-eabi/lib/thumb/v7-m/nofp/libcr_nohost.a(__sys_tmpnam.o)

.ARM.attributes
                0x0000000000000000       0x2b
 .ARM.attributes
                0x0000000000000000       0x2d ./source/src/cr_startup_lpc175x_6x.o
 .ARM.attributes
                0x000000000000002d       0x2d ./source/src/onetaskproj.o
 .ARM.attributes
                0x000000000000005a       0x2d ./source/src/sysinit.o
 .ARM.attributes
                0x0000000000000087       0x2d ./freertos/src/FreeRTOSCommonHooks.o
 .ARM.attributes
                0x00000000000000b4       0x2d ./freertos/src/heap_3.o
 .ARM.attributes
                0x00000000000000e1       0x2d ./freertos/src/list.o
 .ARM.attributes
                0x000000000000010e       0x2d ./freertos/src/port.o
 .ARM.attributes
                0x000000000000013b       0x2d ./freertos/src/tasks.o
 .ARM.attributes
                0x0000000000000168       0x2d /home/joyal/Documents/MCUXpresso_11.1.1_3241/workspace/lpc_board_nxp_lpcxpresso_1769/Debug/liblpc_board_nxp_lpcxpresso_1769.a(board.o)
 .ARM.attributes
                0x0000000000000195       0x2d /home/joyal/Documents/MCUXpresso_11.1.1_3241/workspace/lpc_board_nxp_lpcxpresso_1769/Debug/liblpc_board_nxp_lpcxpresso_1769.a(board_sysinit.o)
 .ARM.attributes
                0x00000000000001c2       0x2d /home/joyal/Documents/MCUXpresso_11.1.1_3241/workspace/lpc_chip_175x_6x/Debug/liblpc_chip_175x_6x.a(chip_17xx_40xx.o)
 .ARM.attributes
                0x00000000000001ef       0x2d /home/joyal/Documents/MCUXpresso_11.1.1_3241/workspace/lpc_chip_175x_6x/Debug/liblpc_chip_175x_6x.a(clock_17xx_40xx.o)
 .ARM.attributes
                0x000000000000021c       0x2d /home/joyal/Documents/MCUXpresso_11.1.1_3241/workspace/lpc_chip_175x_6x/Debug/liblpc_chip_175x_6x.a(iocon_17xx_40xx.o)
 .ARM.attributes
                0x0000000000000249       0x2d /home/joyal/Documents/MCUXpresso_11.1.1_3241/workspace/lpc_chip_175x_6x/Debug/liblpc_chip_175x_6x.a(sysinit_17xx_40xx.o)
 .ARM.attributes
                0x0000000000000276       0x2d /home/joyal/Documents/MCUXpresso_11.1.1_3241/workspace/lpc_chip_175x_6x/Debug/liblpc_chip_175x_6x.a(uart_17xx_40xx.o)
 .ARM.attributes
                0x00000000000002a3       0x2d /usr/local/mcuxpressoide-11.1.1_3241/ide/plugins/com.nxp.mcuxpresso.tools.linux_11.1.0.202001081728/tools/bin/../lib/gcc/arm-none-eabi/8.3.1/../../../../arm-none-eabi/lib/thumb/v7-m/nofp/libcr_nohost.a(_cr__main.o)
 .ARM.attributes
                0x00000000000002d0       0x2d /usr/local/mcuxpressoide-11.1.1_3241/ide/plugins/com.nxp.mcuxpresso.tools.linux_11.1.0.202001081728/tools/bin/../lib/gcc/arm-none-eabi/8.3.1/../../../../arm-none-eabi/lib/thumb/v7-m/nofp/libcr_c.a(memset.o)
 .ARM.attributes
                0x00000000000002fd       0x2d /usr/local/mcuxpressoide-11.1.1_3241/ide/plugins/com.nxp.mcuxpresso.tools.linux_11.1.0.202001081728/tools/bin/../lib/gcc/arm-none-eabi/8.3.1/../../../../arm-none-eabi/lib/thumb/v7-m/nofp/libcr_c.a(alloc.o)
 .ARM.attributes
                0x000000000000032a       0x2d /usr/local/mcuxpressoide-11.1.1_3241/ide/plugins/com.nxp.mcuxpresso.tools.linux_11.1.0.202001081728/tools/bin/../lib/gcc/arm-none-eabi/8.3.1/../../../../arm-none-eabi/lib/thumb/v7-m/nofp/libcr_c.a(initio.o)
 .ARM.attributes
                0x0000000000000357       0x2d /usr/local/mcuxpressoide-11.1.1_3241/ide/plugins/com.nxp.mcuxpresso.tools.linux_11.1.0.202001081728/tools/bin/../lib/gcc/arm-none-eabi/8.3.1/../../../../arm-none-eabi/lib/thumb/v7-m/nofp/libcr_c.a(setvbuf.o)
 .ARM.attributes
                0x0000000000000384       0x2d /usr/local/mcuxpressoide-11.1.1_3241/ide/plugins/com.nxp.mcuxpresso.tools.linux_11.1.0.202001081728/tools/bin/../lib/gcc/arm-none-eabi/8.3.1/../../../../arm-none-eabi/lib/thumb/v7-m/nofp/libcr_c.a(strlen.o)
 .ARM.attributes
                0x00000000000003b1       0x2d /usr/local/mcuxpressoide-11.1.1_3241/ide/plugins/com.nxp.mcuxpresso.tools.linux_11.1.0.202001081728/tools/bin/../lib/gcc/arm-none-eabi/8.3.1/../../../../arm-none-eabi/lib/thumb/v7-m/nofp/libcr_c.a(__init_alloc.o)
 .ARM.attributes
                0x00000000000003de       0x2d /usr/local/mcuxpressoide-11.1.1_3241/ide/plugins/com.nxp.mcuxpresso.tools.linux_11.1.0.202001081728/tools/bin/../lib/gcc/arm-none-eabi/8.3.1/../../../../arm-none-eabi/lib/thumb/v7-m/nofp/libcr_c.a(_cr_sbrk.o)
 .ARM.attributes
                0x000000000000040b       0x2d /usr/local/mcuxpressoide-11.1.1_3241/ide/plugins/com.nxp.mcuxpresso.tools.linux_11.1.0.202001081728/tools/bin/../lib/gcc/arm-none-eabi/8.3.1/../../../../arm-none-eabi/lib/thumb/v7-m/nofp/libcr_c.a(_deferredlazyseek.o)
 .ARM.attributes
                0x0000000000000438       0x2d /usr/local/mcuxpressoide-11.1.1_3241/ide/plugins/com.nxp.mcuxpresso.tools.linux_11.1.0.202001081728/tools/bin/../lib/gcc/arm-none-eabi/8.3.1/../../../../arm-none-eabi/lib/thumb/v7-m/nofp/libcr_c.a(_fdopen.o)
 .ARM.attributes
                0x0000000000000465       0x2d /usr/local/mcuxpressoide-11.1.1_3241/ide/plugins/com.nxp.mcuxpresso.tools.linux_11.1.0.202001081728/tools/bin/../lib/gcc/arm-none-eabi/8.3.1/../../../../arm-none-eabi/lib/thumb/v7-m/nofp/libcr_c.a(_fflush.o)
 .ARM.attributes
                0x0000000000000492       0x2d /usr/local/mcuxpressoide-11.1.1_3241/ide/plugins/com.nxp.mcuxpresso.tools.linux_11.1.0.202001081728/tools/bin/../lib/gcc/arm-none-eabi/8.3.1/../../../../arm-none-eabi/lib/thumb/v7-m/nofp/libcr_c.a(_writebuf.o)
 .ARM.attributes
                0x00000000000004bf       0x33 /usr/local/mcuxpressoide-11.1.1_3241/ide/plugins/com.nxp.mcuxpresso.tools.linux_11.1.0.202001081728/tools/bin/../lib/gcc/arm-none-eabi/8.3.1/../../../../arm-none-eabi/lib/thumb/v7-m/nofp/libcr_c.a(errno.o)
 .ARM.attributes
                0x00000000000004f2       0x2d /usr/local/mcuxpressoide-11.1.1_3241/ide/plugins/com.nxp.mcuxpresso.tools.linux_11.1.0.202001081728/tools/bin/../lib/gcc/arm-none-eabi/8.3.1/../../../../arm-none-eabi/lib/thumb/v7-m/nofp/libcr_c.a(fclose.o)
 .ARM.attributes
                0x000000000000051f       0x2d /usr/local/mcuxpressoide-11.1.1_3241/ide/plugins/com.nxp.mcuxpresso.tools.linux_11.1.0.202001081728/tools/bin/../lib/gcc/arm-none-eabi/8.3.1/../../../../arm-none-eabi/lib/thumb/v7-m/nofp/libcr_c.a(fflush.o)
 .ARM.attributes
                0x000000000000054c       0x2d /usr/local/mcuxpressoide-11.1.1_3241/ide/plugins/com.nxp.mcuxpresso.tools.linux_11.1.0.202001081728/tools/bin/../lib/gcc/arm-none-eabi/8.3.1/../../../../arm-none-eabi/lib/thumb/v7-m/nofp/libcr_c.a(fseek.o)
 .ARM.attributes
                0x0000000000000579       0x2d /usr/local/mcuxpressoide-11.1.1_3241/ide/plugins/com.nxp.mcuxpresso.tools.linux_11.1.0.202001081728/tools/bin/../lib/gcc/arm-none-eabi/8.3.1/../../../../arm-none-eabi/lib/thumb/v7-m/nofp/libcr_c.a(ftell.o)
 .ARM.attributes
                0x00000000000005a6       0x2d /usr/local/mcuxpressoide-11.1.1_3241/ide/plugins/com.nxp.mcuxpresso.tools.linux_11.1.0.202001081728/tools/bin/../lib/gcc/arm-none-eabi/8.3.1/../../../../arm-none-eabi/lib/thumb/v7-m/nofp/libcr_c.a(remove.o)
 .ARM.attributes
                0x00000000000005d3       0x2d /usr/local/mcuxpressoide-11.1.1_3241/ide/plugins/com.nxp.mcuxpresso.tools.linux_11.1.0.202001081728/tools/bin/../lib/gcc/arm-none-eabi/8.3.1/../../../../arm-none-eabi/lib/thumb/v7-m/nofp/libcr_c.a(_cr_check_heap.o)
 .ARM.attributes
                0x0000000000000600       0x2d /usr/local/mcuxpressoide-11.1.1_3241/ide/plugins/com.nxp.mcuxpresso.tools.linux_11.1.0.202001081728/tools/bin/../lib/gcc/arm-none-eabi/8.3.1/../../../../arm-none-eabi/lib/thumb/v7-m/nofp/libcr_c.a(_do_fflush.o)
 .ARM.attributes
                0x000000000000062d       0x1b /usr/local/mcuxpressoide-11.1.1_3241/ide/plugins/com.nxp.mcuxpresso.tools.linux_11.1.0.202001081728/tools/bin/../lib/gcc/arm-none-eabi/8.3.1/thumb/v7-m/nofp/libcr_eabihelpers.a(memcpy.o)
 .ARM.attributes
                0x0000000000000648       0x33 /usr/local/mcuxpressoide-11.1.1_3241/ide/plugins/com.nxp.mcuxpresso.tools.linux_11.1.0.202001081728/tools/bin/../lib/gcc/arm-none-eabi/8.3.1/../../../../arm-none-eabi/lib/thumb/v7-m/nofp/libcr_nohost.a(__ciob.o)
 .ARM.attributes
                0x000000000000067b       0x2d /usr/local/mcuxpressoide-11.1.1_3241/ide/plugins/com.nxp.mcuxpresso.tools.linux_11.1.0.202001081728/tools/bin/../lib/gcc/arm-none-eabi/8.3.1/../../../../arm-none-eabi/lib/thumb/v7-m/nofp/libcr_nohost.a(__sys_close.o)
 .ARM.attributes
                0x00000000000006a8       0x2d /usr/local/mcuxpressoide-11.1.1_3241/ide/plugins/com.nxp.mcuxpresso.tools.linux_11.1.0.202001081728/tools/bin/../lib/gcc/arm-none-eabi/8.3.1/../../../../arm-none-eabi/lib/thumb/v7-m/nofp/libcr_nohost.a(__sys_flen.o)
 .ARM.attributes
                0x00000000000006d5       0x2d /usr/local/mcuxpressoide-11.1.1_3241/ide/plugins/com.nxp.mcuxpresso.tools.linux_11.1.0.202001081728/tools/bin/../lib/gcc/arm-none-eabi/8.3.1/../../../../arm-none-eabi/lib/thumb/v7-m/nofp/libcr_nohost.a(__sys_istty.o)
 .ARM.attributes
                0x0000000000000702       0x2d /usr/local/mcuxpressoide-11.1.1_3241/ide/plugins/com.nxp.mcuxpresso.tools.linux_11.1.0.202001081728/tools/bin/../lib/gcc/arm-none-eabi/8.3.1/../../../../arm-none-eabi/lib/thumb/v7-m/nofp/libcr_nohost.a(__sys_remove.o)
 .ARM.attributes
                0x000000000000072f       0x2d /usr/local/mcuxpressoide-11.1.1_3241/ide/plugins/com.nxp.mcuxpresso.tools.linux_11.1.0.202001081728/tools/bin/../lib/gcc/arm-none-eabi/8.3.1/../../../../arm-none-eabi/lib/thumb/v7-m/nofp/libcr_nohost.a(__sys_seek.o)
 .ARM.attributes
                0x000000000000075c       0x2d /usr/local/mcuxpressoide-11.1.1_3241/ide/plugins/com.nxp.mcuxpresso.tools.linux_11.1.0.202001081728/tools/bin/../lib/gcc/arm-none-eabi/8.3.1/../../../../arm-none-eabi/lib/thumb/v7-m/nofp/libcr_nohost.a(__sys_tmpnam.o)

.debug_frame    0x0000000000000000     0x1f1c
 .debug_frame   0x0000000000000000      0x170 ./source/src/cr_startup_lpc175x_6x.o
 .debug_frame   0x0000000000000170      0x10c ./source/src/onetaskproj.o
 .debug_frame   0x000000000000027c       0x34 ./source/src/sysinit.o
 .debug_frame   0x00000000000002b0       0xb0 ./freertos/src/FreeRTOSCommonHooks.o
 .debug_frame   0x0000000000000360       0x58 ./freertos/src/heap_3.o
 .debug_frame   0x00000000000003b8       0xd8 ./freertos/src/list.o
 .debug_frame   0x0000000000000490      0x198 ./freertos/src/port.o
 .debug_frame   0x0000000000000628      0x634 ./freertos/src/tasks.o
 .debug_frame   0x0000000000000c5c      0x640 /home/joyal/Documents/MCUXpresso_11.1.1_3241/workspace/lpc_board_nxp_lpcxpresso_1769/Debug/liblpc_board_nxp_lpcxpresso_1769.a(board.o)
 .debug_frame   0x000000000000129c       0x8c /home/joyal/Documents/MCUXpresso_11.1.1_3241/workspace/lpc_board_nxp_lpcxpresso_1769/Debug/liblpc_board_nxp_lpcxpresso_1769.a(board_sysinit.o)
 .debug_frame   0x0000000000001328       0x88 /home/joyal/Documents/MCUXpresso_11.1.1_3241/workspace/lpc_chip_175x_6x/Debug/liblpc_chip_175x_6x.a(chip_17xx_40xx.o)
 .debug_frame   0x00000000000013b0      0x490 /home/joyal/Documents/MCUXpresso_11.1.1_3241/workspace/lpc_chip_175x_6x/Debug/liblpc_chip_175x_6x.a(clock_17xx_40xx.o)
 .debug_frame   0x0000000000001840       0x80 /home/joyal/Documents/MCUXpresso_11.1.1_3241/workspace/lpc_chip_175x_6x/Debug/liblpc_chip_175x_6x.a(iocon_17xx_40xx.o)
 .debug_frame   0x00000000000018c0      0x12c /home/joyal/Documents/MCUXpresso_11.1.1_3241/workspace/lpc_chip_175x_6x/Debug/liblpc_chip_175x_6x.a(sysinit_17xx_40xx.o)
 .debug_frame   0x00000000000019ec      0x530 /home/joyal/Documents/MCUXpresso_11.1.1_3241/workspace/lpc_chip_175x_6x/Debug/liblpc_chip_175x_6x.a(uart_17xx_40xx.o)
