Archive member included to satisfy reference by file (symbol)

/home/joyal/Documents/MCUXpresso_11.1.1_3241/workspace/lpc_board_nxp_lpcxpresso_1769/Debug/liblpc_board_nxp_lpcxpresso_1769.a(board.o)
                              ./freertos/src/FreeRTOSCommonHooks.o (Board_UARTPutSTR)
/home/joyal/Documents/MCUXpresso_11.1.1_3241/workspace/lpc_board_nxp_lpcxpresso_1769/Debug/liblpc_board_nxp_lpcxpresso_1769.a(board_sysinit.o)
                              ./source/src/sysinit.o (Board_SystemInit)
/home/joyal/Documents/MCUXpresso_11.1.1_3241/workspace/lpc_chip_175x_6x/Debug/liblpc_chip_175x_6x.a(chip_17xx_40xx.o)
                              ./freertos/src/port.o (SystemCoreClock)
/home/joyal/Documents/MCUXpresso_11.1.1_3241/workspace/lpc_chip_175x_6x/Debug/liblpc_chip_175x_6x.a(clock_17xx_40xx.o)
                              /home/joyal/Documents/MCUXpresso_11.1.1_3241/workspace/lpc_chip_175x_6x/Debug/liblpc_chip_175x_6x.a(chip_17xx_40xx.o) (Chip_Clock_EnablePLL)
/home/joyal/Documents/MCUXpresso_11.1.1_3241/workspace/lpc_chip_175x_6x/Debug/liblpc_chip_175x_6x.a(i2s_17xx_40xx.o)
                              /home/joyal/Documents/MCUXpresso_11.1.1_3241/workspace/lpc_board_nxp_lpcxpresso_1769/Debug/liblpc_board_nxp_lpcxpresso_1769.a(board.o) (Chip_I2S_Init)
/home/joyal/Documents/MCUXpresso_11.1.1_3241/workspace/lpc_chip_175x_6x/Debug/liblpc_chip_175x_6x.a(iocon_17xx_40xx.o)
                              /home/joyal/Documents/MCUXpresso_11.1.1_3241/workspace/lpc_board_nxp_lpcxpresso_1769/Debug/liblpc_board_nxp_lpcxpresso_1769.a(board.o) (Chip_IOCON_PinMux)
/home/joyal/Documents/MCUXpresso_11.1.1_3241/workspace/lpc_chip_175x_6x/Debug/liblpc_chip_175x_6x.a(sysinit_17xx_40xx.o)
                              /home/joyal/Documents/MCUXpresso_11.1.1_3241/workspace/lpc_board_nxp_lpcxpresso_1769/Debug/liblpc_board_nxp_lpcxpresso_1769.a(board_sysinit.o) (Chip_SetupXtalClocking)
/home/joyal/Documents/MCUXpresso_11.1.1_3241/workspace/lpc_chip_175x_6x/Debug/liblpc_chip_175x_6x.a(uart_17xx_40xx.o)
                              /home/joyal/Documents/MCUXpresso_11.1.1_3241/workspace/lpc_board_nxp_lpcxpresso_1769/Debug/liblpc_board_nxp_lpcxpresso_1769.a(board.o) (Chip_UART_Init)
/home/joyal/Documents/MCUXpresso_11.1.1_3241/workspace/lpc_chip_175x_6x/Debug/liblpc_chip_175x_6x.a(ring_buffer.o)
                              /home/joyal/Documents/MCUXpresso_11.1.1_3241/workspace/lpc_chip_175x_6x/Debug/liblpc_chip_175x_6x.a(uart_17xx_40xx.o) (RingBuffer_Insert)
/usr/local/mcuxpressoide-11.1.1_3241/ide/plugins/com.nxp.mcuxpresso.tools.linux_11.1.0.202001081728/tools/bin/../lib/gcc/arm-none-eabi/8.3.1/../../../../arm-none-eabi/lib/thumb/v7-m/nofp/libcr_nohost.a(_cr__main.o)
                              ./source/src/cr_startup_lpc175x_6x.o (__main)
/usr/local/mcuxpressoide-11.1.1_3241/ide/plugins/com.nxp.mcuxpresso.tools.linux_11.1.0.202001081728/tools/bin/../lib/gcc/arm-none-eabi/8.3.1/../../../../arm-none-eabi/lib/thumb/v7-m/nofp/libcr_c.a(memcpy.o)
                              ./freertos/src/queue.o (memcpy)
/usr/local/mcuxpressoide-11.1.1_3241/ide/plugins/com.nxp.mcuxpresso.tools.linux_11.1.0.202001081728/tools/bin/../lib/gcc/arm-none-eabi/8.3.1/../../../../arm-none-eabi/lib/thumb/v7-m/nofp/libcr_c.a(memset.o)
                              ./freertos/src/tasks.o (memset)
/usr/local/mcuxpressoide-11.1.1_3241/ide/plugins/com.nxp.mcuxpresso.tools.linux_11.1.0.202001081728/tools/bin/../lib/gcc/arm-none-eabi/8.3.1/../../../../arm-none-eabi/lib/thumb/v7-m/nofp/libcr_c.a(alloc.o)
                              ./freertos/src/heap_3.o (malloc)
/usr/local/mcuxpressoide-11.1.1_3241/ide/plugins/com.nxp.mcuxpresso.tools.linux_11.1.0.202001081728/tools/bin/../lib/gcc/arm-none-eabi/8.3.1/../../../../arm-none-eabi/lib/thumb/v7-m/nofp/libcr_c.a(fpprintf.o)
                              ./freertos/src/FreeRTOSCommonHooks.o (printf)
/usr/local/mcuxpressoide-11.1.1_3241/ide/plugins/com.nxp.mcuxpresso.tools.linux_11.1.0.202001081728/tools/bin/../lib/gcc/arm-none-eabi/8.3.1/../../../../arm-none-eabi/lib/thumb/v7-m/nofp/libcr_c.a(initio.o)
                              /usr/local/mcuxpressoide-11.1.1_3241/ide/plugins/com.nxp.mcuxpresso.tools.linux_11.1.0.202001081728/tools/bin/../lib/gcc/arm-none-eabi/8.3.1/../../../../arm-none-eabi/lib/thumb/v7-m/nofp/libcr_nohost.a(_cr__main.o) (_initio)
/usr/local/mcuxpressoide-11.1.1_3241/ide/plugins/com.nxp.mcuxpresso.tools.linux_11.1.0.202001081728/tools/bin/../lib/gcc/arm-none-eabi/8.3.1/../../../../arm-none-eabi/lib/thumb/v7-m/nofp/libcr_c.a(printf.o)
                              /usr/local/mcuxpressoide-11.1.1_3241/ide/plugins/com.nxp.mcuxpresso.tools.linux_11.1.0.202001081728/tools/bin/../lib/gcc/arm-none-eabi/8.3.1/../../../../arm-none-eabi/lib/thumb/v7-m/nofp/libcr_c.a(fpprintf.o) (__vfprintf)
/usr/local/mcuxpressoide-11.1.1_3241/ide/plugins/com.nxp.mcuxpresso.tools.linux_11.1.0.202001081728/tools/bin/../lib/gcc/arm-none-eabi/8.3.1/../../../../arm-none-eabi/lib/thumb/v7-m/nofp/libcr_c.a(setvbuf.o)
[...]
Memory Configuration

Name             Origin             Length             Attributes
MFlash512        0x0000000000000000 0x0000000000080000 xr
RamLoc32         0x0000000010000000 0x0000000000008000 xrw
RamAHB32         0x000000002007c000 0x0000000000008000 xrw
*default*        0x0000000000000000 0xffffffffffffffff

Linker script and memory map

LOAD ./source/src/cr_startup_lpc175x_6x.o
LOAD ./source/src/critical.o
LOAD ./source/src/sysinit.o
LOAD ./freertos/src/FreeRTOSCommonHooks.o
LOAD ./freertos/src/heap_3.o
LOAD ./freertos/src/list.o
LOAD ./freertos/src/port.o
LOAD ./freertos/src/queue.o
LOAD ./freertos/src/tasks.o
LOAD /home/joyal/Documents/MCUXpresso_11.1.1_3241/workspace/lpc_board_nxp_lpcxpresso_1769/Debug/liblpc_board_nxp_lpcxpresso_1769.a
LOAD /home/joyal/Documents/MCUXpresso_11.1.1_3241/workspace/lpc_chip_175x_6x/Debug/liblpc_chip_175x_6x.a
START GROUP
LOAD /usr/local/mcuxpressoide-11.1.1_3241/ide/plugins/com.nxp.mcuxpresso.tools.linux_11.1.0.202001081728/tools/bin/../lib/gcc/arm-none-eabi/8.3.1/../../../../arm-none-eabi/lib/thumb/v7-m/nofp/libcr_nohost.a
LOAD /usr/local/mcuxpressoide-11.1.1_3241/ide/plugins/com.nxp.mcuxpresso.tools.linux_11.1.0.202001081728/tools/bin/../lib/gcc/arm-none-eabi/8.3.1/../../../../arm-none-eabi/lib/thumb/v7-m/nofp/libcr_c.a
LOAD /usr/local/mcuxpressoide-11.1.1_3241/ide/plugins/com.nxp.mcuxpresso.tools.linux_11.1.0.202001081728/tools/bin/../lib/gcc/arm-none-eabi/8.3.1/thumb/v7-m/nofp/libcr_eabihelpers.a
LOAD /usr/local/mcuxpressoide-11.1.1_3241/ide/plugins/com.nxp.mcuxpresso.tools.linux_11.1.0.202001081728/tools/bin/../lib/gcc/arm-none-eabi/8.3.1/thumb/v7-m/nofp/libgcc.a
END GROUP
                0x0000000000000000                __base_MFlash512 = 0x0
                0x0000000000000000                __base_Flash = 0x0
                0x0000000000080000                __top_MFlash512 = 0x80000
                0x0000000000080000                __top_Flash = 0x80000
                0x0000000010000000                __base_RamLoc32 = 0x10000000
                0x0000000010000000                __base_RAM = 0x10000000
                0x0000000010008000                __top_RamLoc32 = 0x10008000
                0x0000000010008000                __top_RAM = 0x10008000
                0x000000002007c000                __base_RamAHB32 = 0x2007c000
                0x000000002007c000                __base_RAM2 = 0x2007c000
                0x0000000020084000                __top_RamAHB32 = 0x20084000
                0x0000000020084000                __top_RAM2 = 0x20084000

.text           0x0000000000000000     0x25d8
 FILL mask 0xff
                0x0000000000000000                __vectors_start__ = ABSOLUTE (.)
 *(.isr_vector)
 .isr_vector    0x0000000000000000       0xcc ./source/src/cr_startup_lpc175x_6x.o
                0x0000000000000000                g_pfnVectors
                0x00000000000000cc                . = ALIGN (0x4)
                0x00000000000000cc                __section_table_start = .
                0x00000000000000cc                __data_section_table = .
                0x00000000000000cc        0x4 LONG 0x25d8 LOADADDR (.data)
                0x00000000000000d0        0x4 LONG 0x10000000 ADDR (.data)
                0x00000000000000d4        0x4 LONG 0x8 SIZEOF (.data)
                0x00000000000000d8        0x4 LONG 0x25d8 LOADADDR (.data_RAM2)
                0x00000000000000dc        0x4 LONG 0x2007c000 ADDR (.data_RAM2)
                0x00000000000000e0        0x4 LONG 0x0 SIZEOF (.data_RAM2)
                0x00000000000000e4                __data_section_table_end = .
                0x00000000000000e4                __bss_section_table = .
                0x00000000000000e4        0x4 LONG 0x10000008 ADDR (.bss)
                0x00000000000000e8        0x4 LONG 0x338 SIZEOF (.bss)
                0x00000000000000ec        0x4 LONG 0x2007c000 ADDR (.bss_RAM2)
                0x00000000000000f0        0x4 LONG 0x0 SIZEOF (.bss_RAM2)
                0x00000000000000f4                __bss_section_table_end = .
                0x00000000000000f4                __section_table_end = .
 *(.after_vectors*)
 .after_vectors
                0x00000000000000f4      0x12c ./source/src/cr_startup_lpc175x_6x.o
                0x00000000000000f4                data_init
                0x0000000000000136                bss_init
                0x000000000000016c                ResetISR
                0x00000000000001e4                NMI_Handler
                0x00000000000001ea                HardFault_Handler
                0x00000000000001f0                MemManage_Handler
                0x00000000000001f6                BusFault_Handler
                0x00000000000001fc                UsageFault_Handler
                0x0000000000000208                DebugMon_Handler
                0x000000000000021a                TIMER2_IRQHandler
                0x000000000000021a                RIT_IRQHandler
                0x000000000000021a                I2C0_IRQHandler
                0x000000000000021a                USBActivity_IRQHandler
                0x000000000000021a                PWM1_IRQHandler
                0x000000000000021a                I2C1_IRQHandler
                0x000000000000021a                EINT2_IRQHandler
                0x000000000000021a                UART1_IRQHandler
                0x000000000000021a                EINT3_IRQHandler
                0x000000000000021a                CANActivity_IRQHandler
                0x000000000000021a                TIMER3_IRQHandler
                0x000000000000021a                UART0_IRQHandler
                0x000000000000021a                IntDefaultHandler
                0x000000000000021a                PLL0_IRQHandler
                0x000000000000021a                CAN_IRQHandler
                0x000000000000021a                PLL1_IRQHandler
                0x000000000000021a                SSP0_IRQHandler
                0x000000000000021a                I2S_IRQHandler
                0x000000000000021a                I2C2_IRQHandler
                0x000000000000021a                RTC_IRQHandler
                0x000000000000021a                TIMER0_IRQHandler
                0x000000000000021a                SPI_IRQHandler
                0x000000000000021a                EINT1_IRQHandler
                0x000000000000021a                TIMER1_IRQHandler
                0x000000000000021a                UART2_IRQHandler
                0x000000000000021a                ADC_IRQHandler
                0x000000000000021a                SSP1_IRQHandler
                0x000000000000021a                USB_IRQHandler
                0x000000000000021a                BOD_IRQHandler
                0x000000000000021a                WDT_IRQHandler
                0x000000000000021a                QEI_IRQHandler
                0x000000000000021a                EINT0_IRQHandler
                0x000000000000021a                ETH_IRQHandler
                0x000000000000021a                DMA_IRQHandler
                0x000000000000021a                UART3_IRQHandler
                0x000000000000021a                MCPWM_IRQHandler
 *(.text*)
 .text.prvSetupHardware
                0x0000000000000220       0x28 ./source/src/critical.o
 .text.vLEDTask1
                0x0000000000000248       0x3c ./source/src/critical.o
 .text.vLEDTask2
                0x0000000000000284       0x4c ./source/src/critical.o
 .text.vLEDTask3
                0x00000000000002d0       0x44 ./source/src/critical.o
 .text.main     0x0000000000000314       0x84 ./source/src/critical.o
                0x0000000000000314                main
 .text.SystemInit
                0x0000000000000398       0x24 ./source/src/sysinit.o
                0x0000000000000398                SystemInit
 .text.vApplicationIdleHook
                0x00000000000003bc        0xe ./freertos/src/FreeRTOSCommonHooks.o
                0x00000000000003bc                vApplicationIdleHook
 .text.pvPortMalloc
                0x00000000000003ca       0x22 ./freertos/src/heap_3.o
                0x00000000000003ca                pvPortMalloc
 .text.vPortFree
                0x00000000000003ec       0x24 ./freertos/src/heap_3.o
                0x00000000000003ec                vPortFree
 .text.vListInitialise
                0x0000000000000410       0x3e ./freertos/src/list.o
                0x0000000000000410                vListInitialise
 .text.vListInitialiseItem
                0x000000000000044e       0x18 ./freertos/src/list.o
                0x000000000000044e                vListInitialiseItem
 .text.vListInsertEnd
                0x0000000000000466       0x46 ./freertos/src/list.o
                0x0000000000000466                vListInsertEnd
 .text.vListInsert
                0x00000000000004ac       0x70 ./freertos/src/list.o
                0x00000000000004ac                vListInsert
 .text.uxListRemove
                0x000000000000051c       0x52 ./freertos/src/list.o
                0x000000000000051c                uxListRemove
 *fill*         0x000000000000056e        0x2 ff
 .text.pxPortInitialiseStack
                0x0000000000000570       0x54 ./freertos/src/port.o
                0x0000000000000570                pxPortInitialiseStack
 .text.prvTaskExitError
                0x00000000000005c4        0xa ./freertos/src/port.o
 *fill*         0x00000000000005ce        0x2 ff
 .text.SVC_Handler
                0x00000000000005d0       0x24 ./freertos/src/port.o
                0x00000000000005d0                SVC_Handler
 .text.prvPortStartFirstTask
                0x00000000000005f4       0x18 ./freertos/src/port.o
 .text.xPortStartScheduler
                0x000000000000060c       0x38 ./freertos/src/port.o
                0x000000000000060c                xPortStartScheduler
 .text.vPortYield
                0x0000000000000644       0x20 ./freertos/src/port.o
                0x0000000000000644                vPortYield
 .text.vPortEnterCritical
                0x0000000000000664       0x24 ./freertos/src/port.o
                0x0000000000000664                vPortEnterCritical
 .text.vPortExitCritical
                0x0000000000000688       0x24 ./freertos/src/port.o
                0x0000000000000688                vPortExitCritical
 .text.ulPortSetInterruptMask
                0x00000000000006ac       0x12 ./freertos/src/port.o
                0x00000000000006ac                ulPortSetInterruptMask
 .text.vPortClearInterruptMask
                0x00000000000006be        0x8 ./freertos/src/port.o
                0x00000000000006be                vPortClearInterruptMask
 *fill*         0x00000000000006c6        0x2 ff
 .text.PendSV_Handler
                0x00000000000006c8       0x40 ./freertos/src/port.o
                0x00000000000006c8                PendSV_Handler
 .text.SysTick_Handler
                0x0000000000000708       0x28 ./freertos/src/port.o
                0x0000000000000708                SysTick_Handler
 .text.vPortSuppressTicksAndSleep
                0x0000000000000730      0x15c ./freertos/src/port.o
                0x0000000000000730                vPortSuppressTicksAndSleep
 .text.vPortSetupTimerInterrupt
                0x000000000000088c       0x68 ./freertos/src/port.o
                0x000000000000088c                vPortSetupTimerInterrupt
 .text.xTaskGenericCreate
                0x00000000000008f4      0x140 ./freertos/src/tasks.o
                0x00000000000008f4                xTaskGenericCreate
 .text.vTaskDelayUntil
                0x0000000000000a34       0x98 ./freertos/src/tasks.o
                0x0000000000000a34                vTaskDelayUntil
 .text.vTaskDelay
                0x0000000000000acc       0x54 ./freertos/src/tasks.o
                0x0000000000000acc                vTaskDelay
 .text.vTaskStartScheduler
                0x0000000000000b20       0x58 ./freertos/src/tasks.o
                0x0000000000000b20                vTaskStartScheduler
 .text.vTaskSuspendAll
                0x0000000000000b78       0x1c ./freertos/src/tasks.o
                0x0000000000000b78                vTaskSuspendAll
 .text.prvGetExpectedIdleTime
                0x0000000000000b94       0x4c ./freertos/src/tasks.o
 .text.xTaskResumeAll
                0x0000000000000be0       0xfc ./freertos/src/tasks.o
                0x0000000000000be0                xTaskResumeAll
 .text.xTaskGetTickCount
                0x0000000000000cdc       0x24 ./freertos/src/tasks.o
                0x0000000000000cdc                xTaskGetTickCount
 .text.vTaskStepTick
                0x0000000000000d00       0x24 ./freertos/src/tasks.o
                0x0000000000000d00                vTaskStepTick
 .text.xTaskIncrementTick
                0x0000000000000d24      0x18c ./freertos/src/tasks.o
                0x0000000000000d24                xTaskIncrementTick
 .text.vTaskSwitchContext
                0x0000000000000eb0       0x98 ./freertos/src/tasks.o
                0x0000000000000eb0                vTaskSwitchContext
 .text.prvIdleTask
                0x0000000000000f48       0x48 ./freertos/src/tasks.o
 .text.eTaskConfirmSleepModeStatus
                0x0000000000000f90       0x5c ./freertos/src/tasks.o
                0x0000000000000f90                eTaskConfirmSleepModeStatus
 .text.prvInitialiseTCBVariables
                0x0000000000000fec       0x98 ./freertos/src/tasks.o
 .text.prvInitialiseTaskLists
                0x0000000000001084       0x80 ./freertos/src/tasks.o
 .text.prvCheckTasksWaitingTermination
                0x0000000000001104       0x78 ./freertos/src/tasks.o
 .text.prvAddCurrentTaskToDelayedList
                0x000000000000117c       0x6c ./freertos/src/tasks.o
 .text.prvAllocateTCBAndStack
                0x00000000000011e8       0x62 ./freertos/src/tasks.o
 .text.prvDeleteTCB
                0x000000000000124a       0x20 ./freertos/src/tasks.o
 .text.Chip_IOCON_Init
                0x000000000000126a       0x16 /home/joyal/Documents/MCUXpresso_11.1.1_3241/workspace/lpc_board_nxp_lpcxpresso_1769/Debug/liblpc_board_nxp_lpcxpresso_1769.a(board.o)
 .text.Chip_GPIO_Init
                0x0000000000001280       0x16 /home/joyal/Documents/MCUXpresso_11.1.1_3241/workspace/lpc_board_nxp_lpcxpresso_1769/Debug/liblpc_board_nxp_lpcxpresso_1769.a(board.o)
 .text.Chip_GPIO_SetPinState
                0x0000000000001296       0x64 /home/joyal/Documents/MCUXpresso_11.1.1_3241/workspace/lpc_board_nxp_lpcxpresso_1769/Debug/liblpc_board_nxp_lpcxpresso_1769.a(board.o)
 .text.Chip_GPIO_WritePortBit
                0x00000000000012fa       0x2c /home/joyal/Documents/MCUXpresso_11.1.1_3241/workspace/lpc_board_nxp_lpcxpresso_1769/Debug/liblpc_board_nxp_lpcxpresso_1769.a(board.o)
 .text.Chip_GPIO_SetPinDIROutput
                0x0000000000001326       0x36 /home/joyal/Documents/MCUXpresso_11.1.1_3241/workspace/lpc_board_nxp_lpcxpresso_1769/Debug/liblpc_board_nxp_lpcxpresso_1769.a(board.o)
 .text.Chip_GPIO_SetPinDIRInput
                0x000000000000135c       0x3a /home/joyal/Documents/MCUXpresso_11.1.1_3241/workspace/lpc_board_nxp_lpcxpresso_1769/Debug/liblpc_board_nxp_lpcxpresso_1769.a(board.o)
 .text.Chip_GPIO_SetPinDIR
                0x0000000000001396       0x42 /home/joyal/Documents/MCUXpresso_11.1.1_3241/workspace/lpc_board_nxp_lpcxpresso_1769/Debug/liblpc_board_nxp_lpcxpresso_1769.a(board.o)
 .text.Chip_GPIO_WriteDirBit
                0x00000000000013d8       0x2e /home/joyal/Documents/MCUXpresso_11.1.1_3241/workspace/lpc_board_nxp_lpcxpresso_1769/Debug/liblpc_board_nxp_lpcxpresso_1769.a(board.o)
 .text.Chip_UART_SendByte
                0x0000000000001406       0x1c /home/joyal/Documents/MCUXpresso_11.1.1_3241/workspace/lpc_board_nxp_lpcxpresso_1769/Debug/liblpc_board_nxp_lpcxpresso_1769.a(board.o)
 .text.Chip_UART_ConfigData
                0x0000000000001422       0x1a /home/joyal/Documents/MCUXpresso_11.1.1_3241/workspace/lpc_board_nxp_lpcxpresso_1769/Debug/liblpc_board_nxp_lpcxpresso_1769.a(board.o)
 .text.Chip_UART_ReadLineStatus
                0x000000000000143c       0x16 /home/joyal/Documents/MCUXpresso_11.1.1_3241/workspace/lpc_board_nxp_lpcxpresso_1769/Debug/liblpc_board_nxp_lpcxpresso_1769.a(board.o)
 .text.__sys_write
                0x0000000000001452       0x38 /home/joyal/Documents/MCUXpresso_11.1.1_3241/workspace/lpc_board_nxp_lpcxpresso_1769/Debug/liblpc_board_nxp_lpcxpresso_1769.a(board.o)
                0x0000000000001452                __sys_write
 *fill*         0x000000000000148a        0x2 ff
 .text.Board_LED_Init
                0x000000000000148c       0x30 /home/joyal/Documents/MCUXpresso_11.1.1_3241/workspace/lpc_board_nxp_lpcxpresso_1769/Debug/liblpc_board_nxp_lpcxpresso_1769.a(board.o)
 .text.Board_UART_Init
                0x00000000000014bc       0x12 /home/joyal/Documents/MCUXpresso_11.1.1_3241/workspace/lpc_board_nxp_lpcxpresso_1769/Debug/liblpc_board_nxp_lpcxpresso_1769.a(board.o)
                0x00000000000014bc                Board_UART_Init
 *fill*         0x00000000000014ce        0x2 ff
 .text.Board_Debug_Init
                0x00000000000014d0       0x30 /home/joyal/Documents/MCUXpresso_11.1.1_3241/workspace/lpc_board_nxp_lpcxpresso_1769/Debug/liblpc_board_nxp_lpcxpresso_1769.a(board.o)
                0x00000000000014d0                Board_Debug_Init
 .text.Board_UARTPutChar
                0x0000000000001500       0x34 /home/joyal/Documents/MCUXpresso_11.1.1_3241/workspace/lpc_board_nxp_lpcxpresso_1769/Debug/liblpc_board_nxp_lpcxpresso_1769.a(board.o)
                0x0000000000001500                Board_UARTPutChar
 .text.Board_LED_Set
                0x0000000000001534       0x58 /home/joyal/Documents/MCUXpresso_11.1.1_3241/workspace/lpc_board_nxp_lpcxpresso_1769/Debug/liblpc_board_nxp_lpcxpresso_1769.a(board.o)
                0x0000000000001534                Board_LED_Set
 .text.Board_Init
                0x000000000000158c       0x24 /home/joyal/Documents/MCUXpresso_11.1.1_3241/workspace/lpc_board_nxp_lpcxpresso_1769/Debug/liblpc_board_nxp_lpcxpresso_1769.a(board.o)
                0x000000000000158c                Board_Init
 .text.Chip_SYSCTL_SetFLASHAccess
                0x00000000000015b0       0x30 /home/joyal/Documents/MCUXpresso_11.1.1_3241/workspace/lpc_board_nxp_lpcxpresso_1769/Debug/liblpc_board_nxp_lpcxpresso_1769.a(board_sysinit.o)
 .text.Board_SetupMuxing
                0x00000000000015e0       0x1c /home/joyal/Documents/MCUXpresso_11.1.1_3241/workspace/lpc_board_nxp_lpcxpresso_1769/Debug/liblpc_board_nxp_lpcxpresso_1769.a(board_sysinit.o)
                0x00000000000015e0                Board_SetupMuxing
 .text.Board_SetupClocking
                0x00000000000015fc       0x12 /home/joyal/Documents/MCUXpresso_11.1.1_3241/workspace/lpc_board_nxp_lpcxpresso_1769/Debug/liblpc_board_nxp_lpcxpresso_1769.a(board_sysinit.o)
                0x00000000000015fc                Board_SetupClocking
 .text.Board_SystemInit
                0x000000000000160e       0x10 /home/joyal/Documents/MCUXpresso_11.1.1_3241/workspace/lpc_board_nxp_lpcxpresso_1769/Debug/liblpc_board_nxp_lpcxpresso_1769.a(board_sysinit.o)
                0x000000000000160e                Board_SystemInit
 *fill*         0x000000000000161e        0x2 ff
 .text.SystemCoreClockUpdate
                0x0000000000001620       0x18 /home/joyal/Documents/MCUXpresso_11.1.1_3241/workspace/lpc_chip_175x_6x/Debug/liblpc_chip_175x_6x.a(chip_17xx_40xx.o)
                0x0000000000001620                SystemCoreClockUpdate
 .text.Chip_Clock_IsMainPLLEnabled
                0x0000000000001638       0x24 /home/joyal/Documents/MCUXpresso_11.1.1_3241/workspace/lpc_chip_175x_6x/Debug/liblpc_chip_175x_6x.a(clock_17xx_40xx.o)
 .text.Chip_Clock_IsMainPLLConnected
                0x000000000000165c       0x24 /home/joyal/Documents/MCUXpresso_11.1.1_3241/workspace/lpc_chip_175x_6x/Debug/liblpc_chip_175x_6x.a(clock_17xx_40xx.o)
 .text.Chip_Clock_FeedPLL
                0x0000000000001680       0x34 /home/joyal/Documents/MCUXpresso_11.1.1_3241/workspace/lpc_chip_175x_6x/Debug/liblpc_chip_175x_6x.a(clock_17xx_40xx.o)
 .text.Chip_Clock_GetMainPLLSource
                0x00000000000016b4       0x20 /home/joyal/Documents/MCUXpresso_11.1.1_3241/workspace/lpc_chip_175x_6x/Debug/liblpc_chip_175x_6x.a(clock_17xx_40xx.o)
 .text.Chip_Clock_GetMainOscRate
                0x00000000000016d4       0x14 /home/joyal/Documents/MCUXpresso_11.1.1_3241/workspace/lpc_chip_175x_6x/Debug/liblpc_chip_175x_6x.a(clock_17xx_40xx.o)
 .text.Chip_Clock_GetIntOscRate
                0x00000000000016e8       0x14 /home/joyal/Documents/MCUXpresso_11.1.1_3241/workspace/lpc_chip_175x_6x/Debug/liblpc_chip_175x_6x.a(clock_17xx_40xx.o)
 .text.Chip_Clock_GetRTCOscRate
                0x00000000000016fc       0x14 /home/joyal/Documents/MCUXpresso_11.1.1_3241/workspace/lpc_chip_175x_6x/Debug/liblpc_chip_175x_6x.a(clock_17xx_40xx.o)
 .text.Chip_Clock_GetMainPLLInClockRate
                0x0000000000001710        0xe /home/joyal/Documents/MCUXpresso_11.1.1_3241/workspace/lpc_chip_175x_6x/Debug/liblpc_chip_175x_6x.a(clock_17xx_40xx.o)
 *fill*         0x000000000000171e        0x2 ff
 .text.Chip_Clock_EnablePLL
                0x0000000000001720       0x44 /home/joyal/Documents/MCUXpresso_11.1.1_3241/workspace/lpc_chip_175x_6x/Debug/liblpc_chip_175x_6x.a(clock_17xx_40xx.o)
                0x0000000000001720                Chip_Clock_EnablePLL
 .text.Chip_Clock_DisablePLL
                0x0000000000001764       0x48 /home/joyal/Documents/MCUXpresso_11.1.1_3241/workspace/lpc_chip_175x_6x/Debug/liblpc_chip_175x_6x.a(clock_17xx_40xx.o)
                0x0000000000001764                Chip_Clock_DisablePLL
 .text.Chip_Clock_SetupPLL
                0x00000000000017ac       0x5c /home/joyal/Documents/MCUXpresso_11.1.1_3241/workspace/lpc_chip_175x_6x/Debug/liblpc_chip_175x_6x.a(clock_17xx_40xx.o)
                0x00000000000017ac                Chip_Clock_SetupPLL
 .text.Chip_Clock_EnablePeriphClock
                0x0000000000001808       0x34 /home/joyal/Documents/MCUXpresso_11.1.1_3241/workspace/lpc_chip_175x_6x/Debug/liblpc_chip_175x_6x.a(clock_17xx_40xx.o)
                0x0000000000001808                Chip_Clock_EnablePeriphClock
 .text.Chip_Clock_GetCPUClockSource
                0x000000000000183c       0x24 /home/joyal/Documents/MCUXpresso_11.1.1_3241/workspace/lpc_chip_175x_6x/Debug/liblpc_chip_175x_6x.a(clock_17xx_40xx.o)
                0x000000000000183c                Chip_Clock_GetCPUClockSource
 .text.Chip_Clock_SetCPUClockDiv
                0x0000000000001860       0x20 /home/joyal/Documents/MCUXpresso_11.1.1_3241/workspace/lpc_chip_175x_6x/Debug/liblpc_chip_175x_6x.a(clock_17xx_40xx.o)
                0x0000000000001860                Chip_Clock_SetCPUClockDiv
 .text.Chip_Clock_GetCPUClockDiv
                0x0000000000001880       0x1c /home/joyal/Documents/MCUXpresso_11.1.1_3241/workspace/lpc_chip_175x_6x/Debug/liblpc_chip_175x_6x.a(clock_17xx_40xx.o)
                0x0000000000001880                Chip_Clock_GetCPUClockDiv
 .text.Chip_Clock_GetPCLKDiv
                0x000000000000189c       0x8c /home/joyal/Documents/MCUXpresso_11.1.1_3241/workspace/lpc_chip_175x_6x/Debug/liblpc_chip_175x_6x.a(clock_17xx_40xx.o)
                0x000000000000189c                Chip_Clock_GetPCLKDiv
 .text.Chip_Clock_GetSYSCLKRate
                0x0000000000001928       0x34 /home/joyal/Documents/MCUXpresso_11.1.1_3241/workspace/lpc_chip_175x_6x/Debug/liblpc_chip_175x_6x.a(clock_17xx_40xx.o)
                0x0000000000001928                Chip_Clock_GetSYSCLKRate
 .text.Chip_Clock_GetMainPLLOutClockRate
                0x000000000000195c       0x54 /home/joyal/Documents/MCUXpresso_11.1.1_3241/workspace/lpc_chip_175x_6x/Debug/liblpc_chip_175x_6x.a(clock_17xx_40xx.o)
                0x000000000000195c                Chip_Clock_GetMainPLLOutClockRate
 .text.Chip_Clock_GetMainClockRate
                0x00000000000019b0       0x28 /home/joyal/Documents/MCUXpresso_11.1.1_3241/workspace/lpc_chip_175x_6x/Debug/liblpc_chip_175x_6x.a(clock_17xx_40xx.o)
                0x00000000000019b0                Chip_Clock_GetMainClockRate
 .text.Chip_Clock_GetSystemClockRate
                0x00000000000019d8       0x18 /home/joyal/Documents/MCUXpresso_11.1.1_3241/workspace/lpc_chip_175x_6x/Debug/liblpc_chip_175x_6x.a(clock_17xx_40xx.o)
                0x00000000000019d8                Chip_Clock_GetSystemClockRate
 .text.Chip_Clock_GetPeripheralClockRate
                0x00000000000019f0       0x26 /home/joyal/Documents/MCUXpresso_11.1.1_3241/workspace/lpc_chip_175x_6x/Debug/liblpc_chip_175x_6x.a(clock_17xx_40xx.o)
                0x00000000000019f0                Chip_Clock_GetPeripheralClockRate
 .text.Chip_IOCON_PinMuxSet
                0x0000000000001a16       0x36 /home/joyal/Documents/MCUXpresso_11.1.1_3241/workspace/lpc_chip_175x_6x/Debug/liblpc_chip_175x_6x.a(iocon_17xx_40xx.o)
                0x0000000000001a16                Chip_IOCON_PinMuxSet
 .text.Chip_IOCON_PinMux
                0x0000000000001a4c       0x94 /home/joyal/Documents/MCUXpresso_11.1.1_3241/workspace/lpc_chip_175x_6x/Debug/liblpc_chip_175x_6x.a(iocon_17xx_40xx.o)
                0x0000000000001a4c                Chip_IOCON_PinMux
 .text.Chip_IOCON_SetPinMuxing
                0x0000000000001ae0       0x62 /home/joyal/Documents/MCUXpresso_11.1.1_3241/workspace/lpc_chip_175x_6x/Debug/liblpc_chip_175x_6x.a(iocon_17xx_40xx.o)
                0x0000000000001ae0                Chip_IOCON_SetPinMuxing
 *fill*         0x0000000000001b42        0x2 ff
 .text.Chip_Clock_IsMainPLLEnabled
                0x0000000000001b44       0x24 /home/joyal/Documents/MCUXpresso_11.1.1_3241/workspace/lpc_chip_175x_6x/Debug/liblpc_chip_175x_6x.a(sysinit_17xx_40xx.o)
 .text.Chip_Clock_IsMainPLLLocked
                0x0000000000001b68       0x24 /home/joyal/Documents/MCUXpresso_11.1.1_3241/workspace/lpc_chip_175x_6x/Debug/liblpc_chip_175x_6x.a(sysinit_17xx_40xx.o)
 .text.Chip_Clock_IsMainPLLConnected
                0x0000000000001b8c       0x24 /home/joyal/Documents/MCUXpresso_11.1.1_3241/workspace/lpc_chip_175x_6x/Debug/liblpc_chip_175x_6x.a(sysinit_17xx_40xx.o)
 .text.Chip_Clock_EnableCrystal
                0x0000000000001bb0       0x20 /home/joyal/Documents/MCUXpresso_11.1.1_3241/workspace/lpc_chip_175x_6x/Debug/liblpc_chip_175x_6x.a(sysinit_17xx_40xx.o)
 .text.Chip_Clock_IsCrystalEnabled
                0x0000000000001bd0       0x24 /home/joyal/Documents/MCUXpresso_11.1.1_3241/workspace/lpc_chip_175x_6x/Debug/liblpc_chip_175x_6x.a(sysinit_17xx_40xx.o)
 .text.Chip_Clock_SetMainPLLSource
                0x0000000000001bf4       0x20 /home/joyal/Documents/MCUXpresso_11.1.1_3241/workspace/lpc_chip_175x_6x/Debug/liblpc_chip_175x_6x.a(sysinit_17xx_40xx.o)
 .text.Chip_SetupXtalClocking
                0x0000000000001c14       0x90 /home/joyal/Documents/MCUXpresso_11.1.1_3241/workspace/lpc_chip_175x_6x/Debug/liblpc_chip_175x_6x.a(sysinit_17xx_40xx.o)
                0x0000000000001c14                Chip_SetupXtalClocking
 .text.Chip_UART_SetupFIFOS
                0x0000000000001ca4       0x1a /home/joyal/Documents/MCUXpresso_11.1.1_3241/workspace/lpc_chip_175x_6x/Debug/liblpc_chip_175x_6x.a(uart_17xx_40xx.o)
 .text.Chip_UART_ConfigData
                0x0000000000001cbe       0x1a /home/joyal/Documents/MCUXpresso_11.1.1_3241/workspace/lpc_chip_175x_6x/Debug/liblpc_chip_175x_6x.a(uart_17xx_40xx.o)
 .text.Chip_UART_EnableDivisorAccess
                0x0000000000001cd8       0x1e /home/joyal/Documents/MCUXpresso_11.1.1_3241/workspace/lpc_chip_175x_6x/Debug/liblpc_chip_175x_6x.a(uart_17xx_40xx.o)
 .text.Chip_UART_DisableDivisorAccess
                0x0000000000001cf6       0x1e /home/joyal/Documents/MCUXpresso_11.1.1_3241/workspace/lpc_chip_175x_6x/Debug/liblpc_chip_175x_6x.a(uart_17xx_40xx.o)
 .text.Chip_UART_SetDivisorLatches
                0x0000000000001d14       0x26 /home/joyal/Documents/MCUXpresso_11.1.1_3241/workspace/lpc_chip_175x_6x/Debug/liblpc_chip_175x_6x.a(uart_17xx_40xx.o)
 *fill*         0x0000000000001d3a        0x2 ff
 .text.Chip_UART_GetClockIndex
                0x0000000000001d3c       0x50 /home/joyal/Documents/MCUXpresso_11.1.1_3241/workspace/lpc_chip_175x_6x/Debug/liblpc_chip_175x_6x.a(uart_17xx_40xx.o)
 .text.Chip_UART_GetClkIndex
                0x0000000000001d8c       0x50 /home/joyal/Documents/MCUXpresso_11.1.1_3241/workspace/lpc_chip_175x_6x/Debug/liblpc_chip_175x_6x.a(uart_17xx_40xx.o)
 .text.Chip_UART_Init
                0x0000000000001ddc       0x78 /home/joyal/Documents/MCUXpresso_11.1.1_3241/workspace/lpc_chip_175x_6x/Debug/liblpc_chip_175x_6x.a(uart_17xx_40xx.o)
                0x0000000000001ddc                Chip_UART_Init
 .text.Chip_UART_TXEnable
                0x0000000000001e54       0x18 /home/joyal/Documents/MCUXpresso_11.1.1_3241/workspace/lpc_chip_175x_6x/Debug/liblpc_chip_175x_6x.a(uart_17xx_40xx.o)
                0x0000000000001e54                Chip_UART_TXEnable
 .text.Chip_UART_TXDisable
                0x0000000000001e6c       0x18 /home/joyal/Documents/MCUXpresso_11.1.1_3241/workspace/lpc_chip_175x_6x/Debug/liblpc_chip_175x_6x.a(uart_17xx_40xx.o)
                0x0000000000001e6c                Chip_UART_TXDisable
 .text.Chip_UART_SetBaud
                0x0000000000001e84       0x62 /home/joyal/Documents/MCUXpresso_11.1.1_3241/workspace/lpc_chip_175x_6x/Debug/liblpc_chip_175x_6x.a(uart_17xx_40xx.o)
                0x0000000000001e84                Chip_UART_SetBaud
 .text.__main   0x0000000000001ee6        0xe /usr/local/mcuxpressoide-11.1.1_3241/ide/plugins/com.nxp.mcuxpresso.tools.linux_11.1.0.202001081728/tools/bin/../lib/gcc/arm-none-eabi/8.3.1/../../../../arm-none-eabi/lib/thumb/v7-m/nofp/libcr_nohost.a(_cr__main.o)
                0x0000000000001ee6                __main
 .text.memset   0x0000000000001ef4        0x4 /usr/local/mcuxpressoide-11.1.1_3241/ide/plugins/com.nxp.mcuxpresso.tools.linux_11.1.0.202001081728/tools/bin/../lib/gcc/arm-none-eabi/8.3.1/../../../../arm-none-eabi/lib/thumb/v7-m/nofp/libcr_c.a(memset.o)
                0x0000000000001ef4                memset
 .text.malloc   0x0000000000001ef8       0xc8 /usr/local/mcuxpressoide-11.1.1_3241/ide/plugins/com.nxp.mcuxpresso.tools.linux_11.1.0.202001081728/tools/bin/../lib/gcc/arm-none-eabi/8.3.1/../../../../arm-none-eabi/lib/thumb/v7-m/nofp/libcr_c.a(alloc.o)
                0x0000000000001ef8                malloc
 .text.free     0x0000000000001fc0       0x30 /usr/local/mcuxpressoide-11.1.1_3241/ide/plugins/com.nxp.mcuxpresso.tools.linux_11.1.0.202001081728/tools/bin/../lib/gcc/arm-none-eabi/8.3.1/../../../../arm-none-eabi/lib/thumb/v7-m/nofp/libcr_c.a(alloc.o)
                0x0000000000001fc0                free
 .text._initio  0x0000000000001ff0       0x78 /usr/local/mcuxpressoide-11.1.1_3241/ide/plugins/com.nxp.mcuxpresso.tools.linux_11.1.0.202001081728/tools/bin/../lib/gcc/arm-none-eabi/8.3.1/../../../../arm-none-eabi/lib/thumb/v7-m/nofp/libcr_c.a(initio.o)
                0x0000000000001ff0                _initio
 .text.setvbuf  0x0000000000002068       0x40 /usr/local/mcuxpressoide-11.1.1_3241/ide/plugins/com.nxp.mcuxpresso.tools.linux_11.1.0.202001081728/tools/bin/../lib/gcc/arm-none-eabi/8.3.1/../../../../arm-none-eabi/lib/thumb/v7-m/nofp/libcr_c.a(setvbuf.o)
                0x0000000000002068                setvbuf
 .text.strlen   0x00000000000020a8       0x4c /usr/local/mcuxpressoide-11.1.1_3241/ide/plugins/com.nxp.mcuxpresso.tools.linux_11.1.0.202001081728/tools/bin/../lib/gcc/arm-none-eabi/8.3.1/../../../../arm-none-eabi/lib/thumb/v7-m/nofp/libcr_c.a(strlen.o)
                0x00000000000020a8                strlen
 .text._sbrk    0x00000000000020f4       0x3c /usr/local/mcuxpressoide-11.1.1_3241/ide/plugins/com.nxp.mcuxpresso.tools.linux_11.1.0.202001081728/tools/bin/../lib/gcc/arm-none-eabi/8.3.1/../../../../arm-none-eabi/lib/thumb/v7-m/nofp/libcr_c.a(_cr_sbrk.o)
                0x00000000000020f4                _sbrk
 .text._deferredlazyseek
                0x0000000000002130       0x40 /usr/local/mcuxpressoide-11.1.1_3241/ide/plugins/com.nxp.mcuxpresso.tools.linux_11.1.0.202001081728/tools/bin/../lib/gcc/arm-none-eabi/8.3.1/../../../../arm-none-eabi/lib/thumb/v7-m/nofp/libcr_c.a(_deferredlazyseek.o)
                0x0000000000002130                _deferredlazyseek
 .text._fdopen  0x0000000000002170       0x68 /usr/local/mcuxpressoide-11.1.1_3241/ide/plugins/com.nxp.mcuxpresso.tools.linux_11.1.0.202001081728/tools/bin/../lib/gcc/arm-none-eabi/8.3.1/../../../../arm-none-eabi/lib/thumb/v7-m/nofp/libcr_c.a(_fdopen.o)
                0x0000000000002170                _fdopen
 .text._fflush  0x00000000000021d8       0x52 /usr/local/mcuxpressoide-11.1.1_3241/ide/plugins/com.nxp.mcuxpresso.tools.linux_11.1.0.202001081728/tools/bin/../lib/gcc/arm-none-eabi/8.3.1/../../../../arm-none-eabi/lib/thumb/v7-m/nofp/libcr_c.a(_fflush.o)
                0x00000000000021d8                _fflush
 *fill*         0x000000000000222a        0x2 ff
 .text._Cwritebuf
                0x000000000000222c       0x6c /usr/local/mcuxpressoide-11.1.1_3241/ide/plugins/com.nxp.mcuxpresso.tools.linux_11.1.0.202001081728/tools/bin/../lib/gcc/arm-none-eabi/8.3.1/../../../../arm-none-eabi/lib/thumb/v7-m/nofp/libcr_c.a(_writebuf.o)
                0x000000000000222c                _Cwritebuf
 .text.fclose   0x0000000000002298       0x58 /usr/local/mcuxpressoide-11.1.1_3241/ide/plugins/com.nxp.mcuxpresso.tools.linux_11.1.0.202001081728/tools/bin/../lib/gcc/arm-none-eabi/8.3.1/../../../../arm-none-eabi/lib/thumb/v7-m/nofp/libcr_c.a(fclose.o)
                0x0000000000002298                fclose
 .text.fflush   0x00000000000022f0       0x44 /usr/local/mcuxpressoide-11.1.1_3241/ide/plugins/com.nxp.mcuxpresso.tools.linux_11.1.0.202001081728/tools/bin/../lib/gcc/arm-none-eabi/8.3.1/../../../../arm-none-eabi/lib/thumb/v7-m/nofp/libcr_c.a(fflush.o)
                0x00000000000022f0                fflush
 .text.fseek    0x0000000000002334      0x100 /usr/local/mcuxpressoide-11.1.1_3241/ide/plugins/com.nxp.mcuxpresso.tools.linux_11.1.0.202001081728/tools/bin/../lib/gcc/arm-none-eabi/8.3.1/../../../../arm-none-eabi/lib/thumb/v7-m/nofp/libcr_c.a(fseek.o)
                0x0000000000002334                fseek
 .text.ftell    0x0000000000002434       0x48 /usr/local/mcuxpressoide-11.1.1_3241/ide/plugins/com.nxp.mcuxpresso.tools.linux_11.1.0.202001081728/tools/bin/../lib/gcc/arm-none-eabi/8.3.1/../../../../arm-none-eabi/lib/thumb/v7-m/nofp/libcr_c.a(ftell.o)
                0x0000000000002434                ftell
 .text.remove   0x000000000000247c       0x14 /usr/local/mcuxpressoide-11.1.1_3241/ide/plugins/com.nxp.mcuxpresso.tools.linux_11.1.0.202001081728/tools/bin/../lib/gcc/arm-none-eabi/8.3.1/../../../../arm-none-eabi/lib/thumb/v7-m/nofp/libcr_c.a(remove.o)
                0x000000000000247c                remove
 .text.__check_heap_overflow
                0x0000000000002490       0x18 /usr/local/mcuxpressoide-11.1.1_3241/ide/plugins/com.nxp.mcuxpresso.tools.linux_11.1.0.202001081728/tools/bin/../lib/gcc/arm-none-eabi/8.3.1/../../../../arm-none-eabi/lib/thumb/v7-m/nofp/libcr_c.a(_cr_check_heap.o)
                0x0000000000002490                __check_heap_overflow
 .text._do_fflush
                0x00000000000024a8       0x40 /usr/local/mcuxpressoide-11.1.1_3241/ide/plugins/com.nxp.mcuxpresso.tools.linux_11.1.0.202001081728/tools/bin/../lib/gcc/arm-none-eabi/8.3.1/../../../../arm-none-eabi/lib/thumb/v7-m/nofp/libcr_c.a(_do_fflush.o)
                0x00000000000024a8                _do_fflush
 .text.__aeabi_memset_lowlevel
                0x00000000000024e8       0x32 /usr/local/mcuxpressoide-11.1.1_3241/ide/plugins/com.nxp.mcuxpresso.tools.linux_11.1.0.202001081728/tools/bin/../lib/gcc/arm-none-eabi/8.3.1/thumb/v7-m/nofp/libcr_eabihelpers.a(memcpy.o)
                0x00000000000024e8                __aeabi_lowlevel_memset
 .text.__sys_close
                0x000000000000251a        0x6 /usr/local/mcuxpressoide-11.1.1_3241/ide/plugins/com.nxp.mcuxpresso.tools.linux_11.1.0.202001081728/tools/bin/../lib/gcc/arm-none-eabi/8.3.1/../../../../arm-none-eabi/lib/thumb/v7-m/nofp/libcr_nohost.a(__sys_close.o)
                0x000000000000251a                __sys_close
 .text.__sys_flen
                0x0000000000002520        0x6 /usr/local/mcuxpressoide-11.1.1_3241/ide/plugins/com.nxp.mcuxpresso.tools.linux_11.1.0.202001081728/tools/bin/../lib/gcc/arm-none-eabi/8.3.1/../../../../arm-none-eabi/lib/thumb/v7-m/nofp/libcr_nohost.a(__sys_flen.o)
                0x0000000000002520                __sys_flen
 .text.__sys_istty
                0x0000000000002526        0x6 /usr/local/mcuxpressoide-11.1.1_3241/ide/plugins/com.nxp.mcuxpresso.tools.linux_11.1.0.202001081728/tools/bin/../lib/gcc/arm-none-eabi/8.3.1/../../../../arm-none-eabi/lib/thumb/v7-m/nofp/libcr_nohost.a(__sys_istty.o)
                0x0000000000002526                __sys_istty
 .text.__sys_remove
                0x000000000000252c        0x6 /usr/local/mcuxpressoide-11.1.1_3241/ide/plugins/com.nxp.mcuxpresso.tools.linux_11.1.0.202001081728/tools/bin/../lib/gcc/arm-none-eabi/8.3.1/../../../../arm-none-eabi/lib/thumb/v7-m/nofp/libcr_nohost.a(__sys_remove.o)
                0x000000000000252c                __sys_remove
 .text.__sys_seek
                0x0000000000002532        0x6 /usr/local/mcuxpressoide-11.1.1_3241/ide/plugins/com.nxp.mcuxpresso.tools.linux_11.1.0.202001081728/tools/bin/../lib/gcc/arm-none-eabi/8.3.1/../../../../arm-none-eabi/lib/thumb/v7-m/nofp/libcr_nohost.a(__sys_seek.o)
                0x0000000000002532                __sys_seek
 .text.__sys_tmpnam
                0x0000000000002538        0x6 /usr/local/mcuxpressoide-11.1.1_3241/ide/plugins/com.nxp.mcuxpresso.tools.linux_11.1.0.202001081728/tools/bin/../lib/gcc/arm-none-eabi/8.3.1/../../../../arm-none-eabi/lib/thumb/v7-m/nofp/libcr_nohost.a(__sys_tmpnam.o)
                0x0000000000002538                __sys_tmpnam
 *(.rodata .rodata.* .constdata .constdata.*)
 *fill*         0x000000000000253e        0x2 ff
 .rodata.main.str1.4
                0x0000000000002540       0x22 ./source/src/critical.o
 *fill*         0x0000000000002562        0x2 ff
 .rodata.vTaskStartScheduler.str1.4
                0x0000000000002564        0x8 ./freertos/src/tasks.o
                                          0x5 (size before relaxing)
 .rodata.OscRateIn
                0x000000000000256c        0x4 /home/joyal/Documents/MCUXpresso_11.1.1_3241/workspace/lpc_board_nxp_lpcxpresso_1769/Debug/liblpc_board_nxp_lpcxpresso_1769.a(board.o)
                0x000000000000256c                OscRateIn
 .rodata.RTCOscRateIn
                0x0000000000002570        0x4 /home/joyal/Documents/MCUXpresso_11.1.1_3241/workspace/lpc_board_nxp_lpcxpresso_1769/Debug/liblpc_board_nxp_lpcxpresso_1769.a(board.o)
                0x0000000000002570                RTCOscRateIn
 .rodata.pinmuxing
                0x0000000000002574       0x5c /home/joyal/Documents/MCUXpresso_11.1.1_3241/workspace/lpc_board_nxp_lpcxpresso_1769/Debug/liblpc_board_nxp_lpcxpresso_1769.a(board_sysinit.o)
 .rodata._initio.str1.1
                0x00000000000025d0        0x4 /usr/local/mcuxpressoide-11.1.1_3241/ide/plugins/com.nxp.mcuxpresso.tools.linux_11.1.0.202001081728/tools/bin/../lib/gcc/arm-none-eabi/8.3.1/../../../../arm-none-eabi/lib/thumb/v7-m/nofp/libcr_c.a(initio.o)
 .rodata.__num_Ciob_streams
                0x00000000000025d4        0x4 /usr/local/mcuxpressoide-11.1.1_3241/ide/plugins/com.nxp.mcuxpresso.tools.linux_11.1.0.202001081728/tools/bin/../lib/gcc/arm-none-eabi/8.3.1/../../../../arm-none-eabi/lib/thumb/v7-m/nofp/libcr_nohost.a(__ciob.o)
                0x00000000000025d4                __num_Ciob_streams
                0x00000000000025d8                . = ALIGN (0x4)

.glue_7         0x00000000000025d8        0x0
 .glue_7        0x00000000000025d8        0x0 linker stubs

.glue_7t        0x00000000000025d8        0x0
 .glue_7t       0x00000000000025d8        0x0 linker stubs

.vfp11_veneer   0x00000000000025d8        0x0
 .vfp11_veneer  0x00000000000025d8        0x0 linker stubs

.v4_bx          0x00000000000025d8        0x0
 .v4_bx         0x00000000000025d8        0x0 linker stubs

.iplt           0x00000000000025d8        0x0
 .iplt          0x00000000000025d8        0x0 ./source/src/cr_startup_lpc175x_6x.o

.rel.dyn        0x00000000000025d8        0x0
 .rel.iplt      0x00000000000025d8        0x0 ./source/src/cr_startup_lpc175x_6x.o

.ARM.extab
 *(.ARM.extab* .gnu.linkonce.armextab.*)

.ARM.exidx      0x00000000000025d8        0x0
                0x00000000000025d8                __exidx_start = .
 *(.ARM.exidx* .gnu.linkonce.armexidx.*)
                0x00000000000025d8                __exidx_end = .
                0x00000000000025d8                _etext = .

.data_RAM2      0x000000002007c000        0x0 load address 0x00000000000025d8
 FILL mask 0xff
                [!provide]                        PROVIDE (__start_data_RAM2 = .)
                [!provide]                        PROVIDE (__start_data_RamAHB32 = .)
 *(.ramfunc.$RAM2)
 *(.ramfunc.$RamAHB32)
 *(.data.$RAM2)
 *(.data.$RamAHB32)
 *(.data.$RAM2.*)
 *(.data.$RamAHB32.*)
                0x000000002007c000                . = ALIGN (0x4)
                [!provide]                        PROVIDE (__end_data_RAM2 = .)
                [!provide]                        PROVIDE (__end_data_RamAHB32 = .)

.uninit_RESERVED
                0x0000000010000000        0x0
                0x0000000010000000                _start_uninit_RESERVED = .
 *(.bss.$RESERVED*)
                0x0000000010000000                . = ALIGN (0x4)
                0x0000000010000000                _end_uninit_RESERVED = .

.data           0x0000000010000000        0x8 load address 0x00000000000025d8
 FILL mask 0xff
                0x0000000010000000                _data = .
                [!provide]                        PROVIDE (__start_data_RAM = .)
                [!provide]                        PROVIDE (__start_data_RamLoc32 = .)
 *(vtable)
 *(.ramfunc*)
 *(CodeQuickAccess)
 *(DataQuickAccess)
 *(RamFunction)
 *(.data*)
 .data.uxCriticalNesting
                0x0000000010000000        0x4 ./freertos/src/port.o
 .data.xNextTaskUnblockTime
                0x0000000010000004        0x4 ./freertos/src/tasks.o
                0x0000000010000008                . = ALIGN (0x4)
                0x0000000010000008                _edata = .
                [!provide]                        PROVIDE (__end_data_RAM = .)
                [!provide]                        PROVIDE (__end_data_RamLoc32 = .)

.igot.plt       0x0000000010000008        0x0 load address 0x00000000000025e0
 .igot.plt      0x0000000010000008        0x0 ./source/src/cr_startup_lpc175x_6x.o

.bss_RAM2       0x000000002007c000        0x0
                [!provide]                        PROVIDE (__start_bss_RAM2 = .)
                [!provide]                        PROVIDE (__start_bss_RamAHB32 = .)
 *(.bss.$RAM2)
 *(.bss.$RamAHB32)
 *(.bss.$RAM2.*)
 *(.bss.$RamAHB32.*)
                0x000000002007c000                . = ALIGN ((. != 0x0)?0x4:0x1)
                [!provide]                        PROVIDE (__end_bss_RAM2 = .)
                [!provide]                        PROVIDE (__end_bss_RamAHB32 = .)

.bss            0x0000000010000008      0x338
                0x0000000010000008                _bss = .
                [!provide]                        PROVIDE (__start_bss_RAM = .)
                [!provide]                        PROVIDE (__start_bss_RamLoc32 = .)
 *(.bss*)
 .bss.ulTimerCountsForOneTick
                0x0000000010000008        0x4 ./freertos/src/port.o
 .bss.xMaximumPossibleSuppressedTicks
                0x000000001000000c        0x4 ./freertos/src/port.o
 .bss.ulStoppedTimerCompensation
                0x0000000010000010        0x4 ./freertos/src/port.o
 .bss.pxCurrentTCB
                0x0000000010000014        0x4 ./freertos/src/tasks.o
                0x0000000010000014                pxCurrentTCB
 .bss.pxReadyTasksLists
                0x0000000010000018       0xa0 ./freertos/src/tasks.o
 .bss.xDelayedTaskList1
                0x00000000100000b8       0x14 ./freertos/src/tasks.o
 .bss.xDelayedTaskList2
                0x00000000100000cc       0x14 ./freertos/src/tasks.o
 .bss.pxDelayedTaskList
                0x00000000100000e0        0x4 ./freertos/src/tasks.o
 .bss.pxOverflowDelayedTaskList
                0x00000000100000e4        0x4 ./freertos/src/tasks.o
 .bss.xPendingReadyList
                0x00000000100000e8       0x14 ./freertos/src/tasks.o
 .bss.xTasksWaitingTermination
                0x00000000100000fc       0x14 ./freertos/src/tasks.o
 .bss.uxTasksDeleted
                0x0000000010000110        0x4 ./freertos/src/tasks.o
 .bss.xSuspendedTaskList
                0x0000000010000114       0x14 ./freertos/src/tasks.o
 .bss.uxCurrentNumberOfTasks
                0x0000000010000128        0x4 ./freertos/src/tasks.o
 .bss.xTickCount
                0x000000001000012c        0x4 ./freertos/src/tasks.o
 .bss.uxTopReadyPriority
                0x0000000010000130        0x4 ./freertos/src/tasks.o
 .bss.xSchedulerRunning
                0x0000000010000134        0x4 ./freertos/src/tasks.o
 .bss.uxSchedulerSuspended
                0x0000000010000138        0x4 ./freertos/src/tasks.o
 .bss.uxPendedTicks
                0x000000001000013c        0x4 ./freertos/src/tasks.o
 .bss.xYieldPending
                0x0000000010000140        0x4 ./freertos/src/tasks.o
 .bss.xNumOfOverflows
                0x0000000010000144        0x4 ./freertos/src/tasks.o
 .bss.uxTaskNumber
                0x0000000010000148        0x4 ./freertos/src/tasks.o
 .bss.__end_of_heap
                0x000000001000014c        0x4 /usr/local/mcuxpressoide-11.1.1_3241/ide/plugins/com.nxp.mcuxpresso.tools.linux_11.1.0.202001081728/tools/bin/../lib/gcc/arm-none-eabi/8.3.1/../../../../arm-none-eabi/lib/thumb/v7-m/nofp/libcr_c.a(__init_alloc.o)
                0x000000001000014c                __end_of_heap
 .bss.__heaps   0x0000000010000150        0x4 /usr/local/mcuxpressoide-11.1.1_3241/ide/plugins/com.nxp.mcuxpresso.tools.linux_11.1.0.202001081728/tools/bin/../lib/gcc/arm-none-eabi/8.3.1/../../../../arm-none-eabi/lib/thumb/v7-m/nofp/libcr_c.a(__init_alloc.o)
                0x0000000010000150                __heaps
 .bss.errno     0x0000000010000154        0x4 /usr/local/mcuxpressoide-11.1.1_3241/ide/plugins/com.nxp.mcuxpresso.tools.linux_11.1.0.202001081728/tools/bin/../lib/gcc/arm-none-eabi/8.3.1/../../../../arm-none-eabi/lib/thumb/v7-m/nofp/libcr_c.a(errno.o)
                0x0000000010000154                errno
 .bss.__Ciob    0x0000000010000158      0x1e0 /usr/local/mcuxpressoide-11.1.1_3241/ide/plugins/com.nxp.mcuxpresso.tools.linux_11.1.0.202001081728/tools/bin/../lib/gcc/arm-none-eabi/8.3.1/../../../../arm-none-eabi/lib/thumb/v7-m/nofp/libcr_nohost.a(__ciob.o)
                0x0000000010000158                __Ciob
 *(COMMON)
 COMMON         0x0000000010000338        0x4 ./source/src/critical.o
                0x0000000010000338                xLastWakeTime
 COMMON         0x000000001000033c        0x4 /home/joyal/Documents/MCUXpresso_11.1.1_3241/workspace/lpc_chip_175x_6x/Debug/liblpc_chip_175x_6x.a(chip_17xx_40xx.o)
                0x000000001000033c                SystemCoreClock
                0x0000000010000340                . = ALIGN (0x4)
                0x0000000010000340                _ebss = .
                [!provide]                        PROVIDE (__end_bss_RAM = .)
                [!provide]                        PROVIDE (__end_bss_RamLoc32 = .)
                [!provide]                        PROVIDE (end = .)

.noinit_RAM2    0x000000002007c000        0x0
                [!provide]                        PROVIDE (__start_noinit_RAM2 = .)
                [!provide]                        PROVIDE (__start_noinit_RamAHB32 = .)
 *(.noinit.$RAM2)
 *(.noinit.$RamAHB32)
 *(.noinit.$RAM2.*)
 *(.noinit.$RamAHB32.*)
                0x000000002007c000                . = ALIGN (0x4)
                [!provide]                        PROVIDE (__end_noinit_RAM2 = .)
                [!provide]                        PROVIDE (__end_noinit_RamAHB32 = .)

.noinit         0x0000000010000340        0x0
                0x0000000010000340                _noinit = .
                [!provide]                        PROVIDE (__start_noinit_RAM = .)
                [!provide]                        PROVIDE (__start_noinit_RamLoc32 = .)
 *(.noinit*)
                0x0000000010000340                . = ALIGN (0x4)
                0x0000000010000340                _end_noinit = .
                [!provide]                        PROVIDE (__end_noinit_RAM = .)
                [!provide]                        PROVIDE (__end_noinit_RamLoc32 = .)
                0x0000000010000340                PROVIDE (_pvHeapStart = DEFINED (__user_heap_base)?__user_heap_base:.)
                0x0000000010008000                PROVIDE (_vStackTop = DEFINED (__user_stack_top)?__user_stack_top:(__top_RamLoc32 - 0x0))
                [!provide]                        PROVIDE (__valid_user_code_checksum = (0x0 - ((((((_vStackTop + (ResetISR + 0x1)) + (NMI_Handler + 0x1)) + (HardFault_Handler + 0x1)) + (DEFINED (MemManage_Handler)?MemManage_Handler:0x0 + 0x1)) + (DEFINED (BusFault_Handler)?BusFault_Handler:0x0 + 0x1)) + (DEFINED (UsageFault_Handler)?UsageFault_Handler:0x0 + 0x1))))
                0x0000000000000000                _image_start = LOADADDR (.text)
                0x00000000000025e0                _image_end = (LOADADDR (.data) + SIZEOF (.data))
                0x00000000000025e0                _image_size = (_image_end - _image_start)
OUTPUT(critical blinky.axf elf32-littlearm)

.debug_info     0x0000000000000000     0x7344
 .debug_info    0x0000000000000000      0x272 ./source/src/cr_startup_lpc175x_6x.o
 .debug_info    0x0000000000000272      0x394 ./source/src/critical.o
 .debug_info    0x0000000000000606      0x250 ./source/src/sysinit.o
 .debug_info    0x0000000000000856      0x2f8 ./freertos/src/FreeRTOSCommonHooks.o
 .debug_info    0x0000000000000b4e      0x282 ./freertos/src/heap_3.o
 .debug_info    0x0000000000000dd0      0x439 ./freertos/src/list.o
 .debug_info    0x0000000000001209      0x53e ./freertos/src/port.o
 .debug_info    0x0000000000001747     0x1436 ./freertos/src/tasks.o
 .debug_info    0x0000000000002b7d     0x171e /home/joyal/Documents/MCUXpresso_11.1.1_3241/workspace/lpc_board_nxp_lpcxpresso_1769/Debug/liblpc_board_nxp_lpcxpresso_1769.a(board.o)
 .debug_info    0x000000000000429b      0x71d /home/joyal/Documents/MCUXpresso_11.1.1_3241/workspace/lpc_board_nxp_lpcxpresso_1769/Debug/liblpc_board_nxp_lpcxpresso_1769.a(board_sysinit.o)
 .debug_info    0x00000000000049b8      0x591 /home/joyal/Documents/MCUXpresso_11.1.1_3241/workspace/lpc_chip_175x_6x/Debug/liblpc_chip_175x_6x.a(chip_17xx_40xx.o)
 .debug_info    0x0000000000004f49      0xc2a /home/joyal/Documents/MCUXpresso_11.1.1_3241/workspace/lpc_chip_175x_6x/Debug/liblpc_chip_175x_6x.a(clock_17xx_40xx.o)
 .debug_info    0x0000000000005b73      0x347 /home/joyal/Documents/MCUXpresso_11.1.1_3241/workspace/lpc_chip_175x_6x/Debug/liblpc_chip_175x_6x.a(iocon_17xx_40xx.o)
 .debug_info    0x0000000000005eba      0x4b0 /home/joyal/Documents/MCUXpresso_11.1.1_3241/workspace/lpc_chip_175x_6x/Debug/liblpc_chip_175x_6x.a(sysinit_17xx_40xx.o)
 .debug_info    0x000000000000636a      0xfda /home/joyal/Documents/MCUXpresso_11.1.1_3241/workspace/lpc_chip_175x_6x/Debug/liblpc_chip_175x_6x.a(uart_17xx_40xx.o)

.debug_abbrev   0x0000000000000000     0x1cdd
 .debug_abbrev  0x0000000000000000      0x117 ./source/src/cr_startup_lpc175x_6x.o
 .debug_abbrev  0x0000000000000117      0x14e ./source/src/critical.o
 .debug_abbrev  0x0000000000000265       0xeb ./source/src/sysinit.o
 .debug_abbrev  0x0000000000000350      0x181 ./freertos/src/FreeRTOSCommonHooks.o
 .debug_abbrev  0x00000000000004d1      0x12b ./freertos/src/heap_3.o
 .debug_abbrev  0x00000000000005fc      0x136 ./freertos/src/list.o
 .debug_abbrev  0x0000000000000732      0x243 ./freertos/src/port.o
 .debug_abbrev  0x0000000000000975      0x291 ./freertos/src/tasks.o
 .debug_abbrev  0x0000000000000c06      0x413 /home/joyal/Documents/MCUXpresso_11.1.1_3241/workspace/lpc_board_nxp_lpcxpresso_1769/Debug/liblpc_board_nxp_lpcxpresso_1769.a(board.o)
 .debug_abbrev  0x0000000000001019      0x1a2 /home/joyal/Documents/MCUXpresso_11.1.1_3241/workspace/lpc_board_nxp_lpcxpresso_1769/Debug/liblpc_board_nxp_lpcxpresso_1769.a(board_sysinit.o)
 .debug_abbrev  0x00000000000011bb      0x16d /home/joyal/Documents/MCUXpresso_11.1.1_3241/workspace/lpc_chip_175x_6x/Debug/liblpc_chip_175x_6x.a(chip_17xx_40xx.o)
 .debug_abbrev  0x0000000000001328      0x34d /home/joyal/Documents/MCUXpresso_11.1.1_3241/workspace/lpc_chip_175x_6x/Debug/liblpc_chip_175x_6x.a(clock_17xx_40xx.o)
 .debug_abbrev  0x0000000000001675      0x164 /home/joyal/Documents/MCUXpresso_11.1.1_3241/workspace/lpc_chip_175x_6x/Debug/liblpc_chip_175x_6x.a(iocon_17xx_40xx.o)
 .debug_abbrev  0x00000000000017d9      0x1b0 /home/joyal/Documents/MCUXpresso_11.1.1_3241/workspace/lpc_chip_175x_6x/Debug/liblpc_chip_175x_6x.a(sysinit_17xx_40xx.o)
 .debug_abbrev  0x0000000000001989      0x354 /home/joyal/Documents/MCUXpresso_11.1.1_3241/workspace/lpc_chip_175x_6x/Debug/liblpc_chip_175x_6x.a(uart_17xx_40xx.o)

.debug_aranges  0x0000000000000000      0x848
 .debug_aranges
                0x0000000000000000       0x80 ./source/src/cr_startup_lpc175x_6x.o
 .debug_aranges
                0x0000000000000080       0x40 ./source/src/critical.o
 .debug_aranges
                0x00000000000000c0       0x20 ./source/src/sysinit.o
 .debug_aranges
                0x00000000000000e0       0x40 ./freertos/src/FreeRTOSCommonHooks.o
 .debug_aranges
                0x0000000000000120       0x28 ./freertos/src/heap_3.o
 .debug_aranges
                0x0000000000000148       0x40 ./freertos/src/list.o
 .debug_aranges
                0x0000000000000188       0x90 ./freertos/src/port.o
 .debug_aranges
                0x0000000000000218      0x170 ./freertos/src/tasks.o
 .debug_aranges
                0x0000000000000388      0x178 /home/joyal/Documents/MCUXpresso_11.1.1_3241/workspace/lpc_board_nxp_lpcxpresso_1769/Debug/liblpc_board_nxp_lpcxpresso_1769.a(board.o)
 .debug_aranges
                0x0000000000000500       0x38 /home/joyal/Documents/MCUXpresso_11.1.1_3241/workspace/lpc_board_nxp_lpcxpresso_1769/Debug/liblpc_board_nxp_lpcxpresso_1769.a(board_sysinit.o)
 .debug_aranges
                0x0000000000000538       0x38 /home/joyal/Documents/MCUXpresso_11.1.1_3241/workspace/lpc_chip_175x_6x/Debug/liblpc_chip_175x_6x.a(chip_17xx_40xx.o)
 .debug_aranges
                0x0000000000000570      0x120 /home/joyal/Documents/MCUXpresso_11.1.1_3241/workspace/lpc_chip_175x_6x/Debug/liblpc_chip_175x_6x.a(clock_17xx_40xx.o)
 .debug_aranges
                0x0000000000000690       0x30 /home/joyal/Documents/MCUXpresso_11.1.1_3241/workspace/lpc_chip_175x_6x/Debug/liblpc_chip_175x_6x.a(iocon_17xx_40xx.o)
 .debug_aranges
                0x00000000000006c0       0x60 /home/joyal/Documents/MCUXpresso_11.1.1_3241/workspace/lpc_chip_175x_6x/Debug/liblpc_chip_175x_6x.a(sysinit_17xx_40xx.o)
 .debug_aranges
                0x0000000000000720      0x128 /home/joyal/Documents/MCUXpresso_11.1.1_3241/workspace/lpc_chip_175x_6x/Debug/liblpc_chip_175x_6x.a(uart_17xx_40xx.o)

.debug_ranges   0x0000000000000000      0x758
 .debug_ranges  0x0000000000000000       0x70 ./source/src/cr_startup_lpc175x_6x.o
 .debug_ranges  0x0000000000000070       0x30 ./source/src/critical.o
 .debug_ranges  0x00000000000000a0       0x10 ./source/src/sysinit.o
 .debug_ranges  0x00000000000000b0       0x30 ./freertos/src/FreeRTOSCommonHooks.o
 .debug_ranges  0x00000000000000e0       0x18 ./freertos/src/heap_3.o
 .debug_ranges  0x00000000000000f8       0x30 ./freertos/src/list.o
 .debug_ranges  0x0000000000000128       0x80 ./freertos/src/port.o
 .debug_ranges  0x00000000000001a8      0x160 ./freertos/src/tasks.o
 .debug_ranges  0x0000000000000308      0x168 /home/joyal/Documents/MCUXpresso_11.1.1_3241/workspace/lpc_board_nxp_lpcxpresso_1769/Debug/liblpc_board_nxp_lpcxpresso_1769.a(board.o)
 .debug_ranges  0x0000000000000470       0x28 /home/joyal/Documents/MCUXpresso_11.1.1_3241/workspace/lpc_board_nxp_lpcxpresso_1769/Debug/liblpc_board_nxp_lpcxpresso_1769.a(board_sysinit.o)
 .debug_ranges  0x0000000000000498       0x28 /home/joyal/Documents/MCUXpresso_11.1.1_3241/workspace/lpc_chip_175x_6x/Debug/liblpc_chip_175x_6x.a(chip_17xx_40xx.o)
 .debug_ranges  0x00000000000004c0      0x110 /home/joyal/Documents/MCUXpresso_11.1.1_3241/workspace/lpc_chip_175x_6x/Debug/liblpc_chip_175x_6x.a(clock_17xx_40xx.o)
 .debug_ranges  0x00000000000005d0       0x20 /home/joyal/Documents/MCUXpresso_11.1.1_3241/workspace/lpc_chip_175x_6x/Debug/liblpc_chip_175x_6x.a(iocon_17xx_40xx.o)
 .debug_ranges  0x00000000000005f0       0x50 /home/joyal/Documents/MCUXpresso_11.1.1_3241/workspace/lpc_chip_175x_6x/Debug/liblpc_chip_175x_6x.a(sysinit_17xx_40xx.o)
 .debug_ranges  0x0000000000000640      0x118 /home/joyal/Documents/MCUXpresso_11.1.1_3241/workspace/lpc_chip_175x_6x/Debug/liblpc_chip_175x_6x.a(uart_17xx_40xx.o)

.debug_macro    0x0000000000000000     0x62d9
 .debug_macro   0x0000000000000000       0x1d ./source/src/cr_startup_lpc175x_6x.o
 .debug_macro   0x000000000000001d      0xa9c ./source/src/cr_startup_lpc175x_6x.o
 .debug_macro   0x0000000000000ab9      0x28c ./source/src/critical.o
 .debug_macro   0x0000000000000d45       0x10 ./source/src/critical.o
 .debug_macro   0x0000000000000d55      0x12e ./source/src/critical.o
 .debug_macro   0x0000000000000e83      0x5b3 ./source/src/critical.o
 .debug_macro   0x0000000000001436       0x22 ./source/src/critical.o
 .debug_macro   0x0000000000001458       0x7b ./source/src/critical.o
 .debug_macro   0x00000000000014d3       0x10 ./source/src/critical.o
 .debug_macro   0x00000000000014e3       0x2d ./source/src/critical.o
 .debug_macro   0x0000000000001510       0x3a ./source/src/critical.o
 .debug_macro   0x000000000000154a       0x2d ./source/src/critical.o
 .debug_macro   0x0000000000001577      0xbb1 ./source/src/critical.o
 .debug_macro   0x0000000000002128      0x22c ./source/src/critical.o
 .debug_macro   0x0000000000002354       0x42 ./source/src/critical.o
 .debug_macro   0x0000000000002396       0x52 ./source/src/critical.o
 .debug_macro   0x00000000000023e8       0x78 ./source/src/critical.o
 .debug_macro   0x0000000000002460       0x82 ./source/src/critical.o
 .debug_macro   0x00000000000024e2      0x48c ./source/src/critical.o
 .debug_macro   0x000000000000296e       0x34 ./source/src/critical.o
 .debug_macro   0x00000000000029a2      0x4c5 ./source/src/critical.o
 .debug_macro   0x0000000000002e67      0x1b7 ./source/src/critical.o
 .debug_macro   0x000000000000301e       0x10 ./source/src/critical.o
 .debug_macro   0x000000000000302e      0x21b ./source/src/critical.o
 .debug_macro   0x0000000000003249      0x1b9 ./source/src/critical.o
 .debug_macro   0x0000000000003402       0x40 ./source/src/critical.o
 .debug_macro   0x0000000000003442       0x22 ./source/src/critical.o
 .debug_macro   0x0000000000003464      0x162 ./source/src/critical.o
 .debug_macro   0x00000000000035c6       0x94 ./source/src/critical.o
 .debug_macro   0x000000000000365a       0xb8 ./source/src/critical.o
 .debug_macro   0x0000000000003712       0x4c ./source/src/critical.o
 .debug_macro   0x000000000000375e       0x16 ./source/src/critical.o
 .debug_macro   0x0000000000003774      0x328 ./source/src/critical.o
 .debug_macro   0x0000000000003a9c       0x49 ./source/src/critical.o
 .debug_macro   0x0000000000003ae5       0x16 ./source/src/critical.o
 .debug_macro   0x0000000000003afb       0xca ./source/src/critical.o
 .debug_macro   0x0000000000003bc5       0x18 ./source/src/critical.o
 .debug_macro   0x0000000000003bdd       0x8e ./source/src/critical.o
 .debug_macro   0x0000000000003c6b       0x9a ./source/src/critical.o
 .debug_macro   0x0000000000003d05       0x20 ./source/src/critical.o
 .debug_macro   0x0000000000003d25       0x28 ./source/src/critical.o
 .debug_macro   0x0000000000003d4d       0x10 ./source/src/critical.o
 .debug_macro   0x0000000000003d5d       0x46 ./source/src/critical.o
 .debug_macro   0x0000000000003da3       0xf4 ./source/src/critical.o
 .debug_macro   0x0000000000003e97       0xab ./source/src/critical.o
 .debug_macro   0x0000000000003f42       0x12 ./source/src/critical.o
 .debug_macro   0x0000000000003f54       0x1f ./source/src/critical.o
 .debug_macro   0x0000000000003f73      0x257 ./source/src/critical.o
 .debug_macro   0x00000000000041ca       0x64 ./source/src/critical.o
 .debug_macro   0x000000000000422e       0x57 ./source/src/critical.o
 .debug_macro   0x0000000000004285      0x217 ./source/src/sysinit.o
 .debug_macro   0x000000000000449c      0x29c ./freertos/src/FreeRTOSCommonHooks.o
 .debug_macro   0x0000000000004738       0x16 ./freertos/src/FreeRTOSCommonHooks.o
 .debug_macro   0x000000000000474e       0x74 ./freertos/src/FreeRTOSCommonHooks.o
 .debug_macro   0x00000000000047c2       0x11 ./freertos/src/FreeRTOSCommonHooks.o
 .debug_macro   0x00000000000047d3       0xee ./freertos/src/FreeRTOSCommonHooks.o
 .debug_macro   0x00000000000048c1      0x2b2 ./freertos/src/heap_3.o
 .debug_macro   0x0000000000004b73       0x28 ./freertos/src/heap_3.o
 .debug_macro   0x0000000000004b9b      0x297 ./freertos/src/list.o
 .debug_macro   0x0000000000004e32      0x329 ./freertos/src/port.o
 .debug_macro   0x000000000000515b      0x336 ./freertos/src/tasks.o
 .debug_macro   0x0000000000005491       0x5b ./freertos/src/tasks.o
 .debug_macro   0x00000000000054ec       0x16 ./freertos/src/tasks.o
 .debug_macro   0x0000000000005502      0x2ad /home/joyal/Documents/MCUXpresso_11.1.1_3241/workspace/lpc_board_nxp_lpcxpresso_1769/Debug/liblpc_board_nxp_lpcxpresso_1769.a(board.o)
 .debug_macro   0x00000000000057af       0x12 /home/joyal/Documents/MCUXpresso_11.1.1_3241/workspace/lpc_board_nxp_lpcxpresso_1769/Debug/liblpc_board_nxp_lpcxpresso_1769.a(board.o)
 .debug_macro   0x00000000000057c1      0x217 /home/joyal/Documents/MCUXpresso_11.1.1_3241/workspace/lpc_board_nxp_lpcxpresso_1769/Debug/liblpc_board_nxp_lpcxpresso_1769.a(board_sysinit.o)
 .debug_macro   0x00000000000059d8      0x1cd /home/joyal/Documents/MCUXpresso_11.1.1_3241/workspace/lpc_chip_175x_6x/Debug/liblpc_chip_175x_6x.a(chip_17xx_40xx.o)
 .debug_macro   0x0000000000005ba5      0x1cd /home/joyal/Documents/MCUXpresso_11.1.1_3241/workspace/lpc_chip_175x_6x/Debug/liblpc_chip_175x_6x.a(clock_17xx_40xx.o)
 .debug_macro   0x0000000000005d72      0x1cd /home/joyal/Documents/MCUXpresso_11.1.1_3241/workspace/lpc_chip_175x_6x/Debug/liblpc_chip_175x_6x.a(iocon_17xx_40xx.o)
 .debug_macro   0x0000000000005f3f      0x1cd /home/joyal/Documents/MCUXpresso_11.1.1_3241/workspace/lpc_chip_175x_6x/Debug/liblpc_chip_175x_6x.a(sysinit_17xx_40xx.o)
 .debug_macro   0x000000000000610c      0x1cd /home/joyal/Documents/MCUXpresso_11.1.1_3241/workspace/lpc_chip_175x_6x/Debug/liblpc_chip_175x_6x.a(uart_17xx_40xx.o)

.debug_line     0x0000000000000000     0x7399
 .debug_line    0x0000000000000000      0x167 ./source/src/cr_startup_lpc175x_6x.o
 .debug_line    0x0000000000000167      0x733 ./source/src/critical.o
 .debug_line    0x000000000000089a      0x521 ./source/src/sysinit.o
 .debug_line    0x0000000000000dbb      0x6dc ./freertos/src/FreeRTOSCommonHooks.o
 .debug_line    0x0000000000001497      0x67e ./freertos/src/heap_3.o
 .debug_line    0x0000000000001b15      0x747 ./freertos/src/list.o
 .debug_line    0x000000000000225c      0x90f ./freertos/src/port.o
 .debug_line    0x0000000000002b6b     0x132a ./freertos/src/tasks.o
 .debug_line    0x0000000000003e95      0xb45 /home/joyal/Documents/MCUXpresso_11.1.1_3241/workspace/lpc_board_nxp_lpcxpresso_1769/Debug/liblpc_board_nxp_lpcxpresso_1769.a(board.o)
 .debug_line    0x00000000000049da      0x573 /home/joyal/Documents/MCUXpresso_11.1.1_3241/workspace/lpc_board_nxp_lpcxpresso_1769/Debug/liblpc_board_nxp_lpcxpresso_1769.a(board_sysinit.o)
 .debug_line    0x0000000000004f4d      0x523 /home/joyal/Documents/MCUXpresso_11.1.1_3241/workspace/lpc_chip_175x_6x/Debug/liblpc_chip_175x_6x.a(chip_17xx_40xx.o)
 .debug_line    0x0000000000005470      0x98a /home/joyal/Documents/MCUXpresso_11.1.1_3241/workspace/lpc_chip_175x_6x/Debug/liblpc_chip_175x_6x.a(clock_17xx_40xx.o)
 .debug_line    0x0000000000005dfa      0x53f /home/joyal/Documents/MCUXpresso_11.1.1_3241/workspace/lpc_chip_175x_6x/Debug/liblpc_chip_175x_6x.a(iocon_17xx_40xx.o)
 .debug_line    0x0000000000006339      0x5fc /home/joyal/Documents/MCUXpresso_11.1.1_3241/workspace/lpc_chip_175x_6x/Debug/liblpc_chip_175x_6x.a(sysinit_17xx_40xx.o)
 .debug_line    0x0000000000006935      0xa64 /home/joyal/Documents/MCUXpresso_11.1.1_3241/workspace/lpc_chip_175x_6x/Debug/liblpc_chip_175x_6x.a(uart_17xx_40xx.o)

.debug_str      0x0000000000000000    0x176af
 .debug_str     0x0000000000000000     0x2f6b ./source/src/cr_startup_lpc175x_6x.o
                                       0x2fa9 (size before relaxing)
 .debug_str     0x0000000000002f6b    0x108b3 ./source/src/critical.o
                                      0x13702 (size before relaxing)
 .debug_str     0x000000000001381e       0x6b ./source/src/sysinit.o
                                      0x113ee (size before relaxing)
 .debug_str     0x0000000000013889       0xe7 ./freertos/src/FreeRTOSCommonHooks.o
                                      0x135a5 (size before relaxing)
 .debug_str     0x0000000000013970      0x103 ./freertos/src/heap_3.o
                                      0x135b9 (size before relaxing)
 .debug_str     0x0000000000013a73      0x12e ./freertos/src/list.o
                                      0x132fe (size before relaxing)
 .debug_str     0x0000000000013ba1      0x747 ./freertos/src/port.o
                                      0x13df5 (size before relaxing)
 .debug_str     0x00000000000142e8     0x153a ./freertos/src/tasks.o
                                      0x14dc0 (size before relaxing)
 .debug_str     0x0000000000015822      0xe4b /home/joyal/Documents/MCUXpresso_11.1.1_3241/workspace/lpc_board_nxp_lpcxpresso_1769/Debug/liblpc_board_nxp_lpcxpresso_1769.a(board.o)
                                      0x123f2 (size before relaxing)
 .debug_str     0x000000000001666d      0x22d /home/joyal/Documents/MCUXpresso_11.1.1_3241/workspace/lpc_board_nxp_lpcxpresso_1769/Debug/liblpc_board_nxp_lpcxpresso_1769.a(board_sysinit.o)
                                      0x11801 (size before relaxing)
 .debug_str     0x000000000001689a       0xc1 /home/joyal/Documents/MCUXpresso_11.1.1_3241/workspace/lpc_chip_175x_6x/Debug/liblpc_chip_175x_6x.a(chip_17xx_40xx.o)
                                      0x113e5 (size before relaxing)
 .debug_str     0x000000000001695b      0x857 /home/joyal/Documents/MCUXpresso_11.1.1_3241/workspace/lpc_chip_175x_6x/Debug/liblpc_chip_175x_6x.a(clock_17xx_40xx.o)
                                      0x11a63 (size before relaxing)
 .debug_str     0x00000000000171b2       0x79 /home/joyal/Documents/MCUXpresso_11.1.1_3241/workspace/lpc_chip_175x_6x/Debug/liblpc_chip_175x_6x.a(iocon_17xx_40xx.o)
                                      0x10ee0 (size before relaxing)
 .debug_str     0x000000000001722b       0xc4 /home/joyal/Documents/MCUXpresso_11.1.1_3241/workspace/lpc_chip_175x_6x/Debug/liblpc_chip_175x_6x.a(sysinit_17xx_40xx.o)
                                      0x110c8 (size before relaxing)
 .debug_str     0x00000000000172ef      0x3c0 /home/joyal/Documents/MCUXpresso_11.1.1_3241/workspace/lpc_chip_175x_6x/Debug/liblpc_chip_175x_6x.a(uart_17xx_40xx.o)
                                      0x11938 (size before relaxing)

.comment        0x0000000000000000       0x76
 .comment       0x0000000000000000       0x76 ./source/src/cr_startup_lpc175x_6x.o
                                         0x77 (size before relaxing)
 .comment       0x0000000000000076       0x77 ./source/src/critical.o
 .comment       0x0000000000000076       0x77 ./source/src/sysinit.o
 .comment       0x0000000000000076       0x77 ./freertos/src/FreeRTOSCommonHooks.o
 .comment       0x0000000000000076       0x77 ./freertos/src/heap_3.o
 .comment       0x0000000000000076       0x77 ./freertos/src/list.o
 .comment       0x0000000000000076       0x77 ./freertos/src/port.o
 .comment       0x0000000000000076       0x77 ./freertos/src/tasks.o
 .comment       0x0000000000000076       0x77 /home/joyal/Documents/MCUXpresso_11.1.1_3241/workspace/lpc_board_nxp_lpcxpresso_1769/Debug/liblpc_board_nxp_lpcxpresso_1769.a(board.o)
 .comment       0x0000000000000076       0x77 /home/joyal/Documents/MCUXpresso_11.1.1_3241/workspace/lpc_board_nxp_lpcxpresso_1769/Debug/liblpc_board_nxp_lpcxpresso_1769.a(board_sysinit.o)
 .comment       0x0000000000000076       0x77 /home/joyal/Documents/MCUXpresso_11.1.1_3241/workspace/lpc_chip_175x_6x/Debug/liblpc_chip_175x_6x.a(chip_17xx_40xx.o)
 .comment       0x0000000000000076       0x77 /home/joyal/Documents/MCUXpresso_11.1.1_3241/workspace/lpc_chip_175x_6x/Debug/liblpc_chip_175x_6x.a(clock_17xx_40xx.o)
 .comment       0x0000000000000076       0x77 /home/joyal/Documents/MCUXpresso_11.1.1_3241/workspace/lpc_chip_175x_6x/Debug/liblpc_chip_175x_6x.a(iocon_17xx_40xx.o)
 .comment       0x0000000000000076       0x77 /home/joyal/Documents/MCUXpresso_11.1.1_3241/workspace/lpc_chip_175x_6x/Debug/liblpc_chip_175x_6x.a(sysinit_17xx_40xx.o)
 .comment       0x0000000000000076       0x77 /home/joyal/Documents/MCUXpresso_11.1.1_3241/workspace/lpc_chip_175x_6x/Debug/liblpc_chip_175x_6x.a(uart_17xx_40xx.o)
 .comment       0x0000000000000076       0x77 /usr/local/mcuxpressoide-11.1.1_3241/ide/plugins/com.nxp.mcuxpresso.tools.linux_11.1.0.202001081728/tools/bin/../lib/gcc/arm-none-eabi/8.3.1/../../../../arm-none-eabi/lib/thumb/v7-m/nofp/libcr_nohost.a(_cr__main.o)
 .comment       0x0000000000000076       0x77 /usr/local/mcuxpressoide-11.1.1_3241/ide/plugins/com.nxp.mcuxpresso.tools.linux_11.1.0.202001081728/tools/bin/../lib/gcc/arm-none-eabi/8.3.1/../../../../arm-none-eabi/lib/thumb/v7-m/nofp/libcr_c.a(memset.o)
 .comment       0x0000000000000076       0x77 /usr/local/mcuxpressoide-11.1.1_3241/ide/plugins/com.nxp.mcuxpresso.tools.linux_11.1.0.202001081728/tools/bin/../lib/gcc/arm-none-eabi/8.3.1/../../../../arm-none-eabi/lib/thumb/v7-m/nofp/libcr_c.a(alloc.o)
 .comment       0x0000000000000076       0x77 /usr/local/mcuxpressoide-11.1.1_3241/ide/plugins/com.nxp.mcuxpresso.tools.linux_11.1.0.202001081728/tools/bin/../lib/gcc/arm-none-eabi/8.3.1/../../../../arm-none-eabi/lib/thumb/v7-m/nofp/libcr_c.a(initio.o)
 .comment       0x0000000000000076       0x77 /usr/local/mcuxpressoide-11.1.1_3241/ide/plugins/com.nxp.mcuxpresso.tools.linux_11.1.0.202001081728/tools/bin/../lib/gcc/arm-none-eabi/8.3.1/../../../../arm-none-eabi/lib/thumb/v7-m/nofp/libcr_c.a(setvbuf.o)
 .comment       0x0000000000000076       0x77 /usr/local/mcuxpressoide-11.1.1_3241/ide/plugins/com.nxp.mcuxpresso.tools.linux_11.1.0.202001081728/tools/bin/../lib/gcc/arm-none-eabi/8.3.1/../../../../arm-none-eabi/lib/thumb/v7-m/nofp/libcr_c.a(strlen.o)
 .comment       0x0000000000000076       0x77 /usr/local/mcuxpressoide-11.1.1_3241/ide/plugins/com.nxp.mcuxpresso.tools.linux_11.1.0.202001081728/tools/bin/../lib/gcc/arm-none-eabi/8.3.1/../../../../arm-none-eabi/lib/thumb/v7-m/nofp/libcr_c.a(__init_alloc.o)
 .comment       0x0000000000000076       0x77 /usr/local/mcuxpressoide-11.1.1_3241/ide/plugins/com.nxp.mcuxpresso.tools.linux_11.1.0.202001081728/tools/bin/../lib/gcc/arm-none-eabi/8.3.1/../../../../arm-none-eabi/lib/thumb/v7-m/nofp/libcr_c.a(_cr_sbrk.o)
 .comment       0x0000000000000076       0x77 /usr/local/mcuxpressoide-11.1.1_3241/ide/plugins/com.nxp.mcuxpresso.tools.linux_11.1.0.202001081728/tools/bin/../lib/gcc/arm-none-eabi/8.3.1/../../../../arm-none-eabi/lib/thumb/v7-m/nofp/libcr_c.a(_deferredlazyseek.o)
 .comment       0x0000000000000076       0x77 /usr/local/mcuxpressoide-11.1.1_3241/ide/plugins/com.nxp.mcuxpresso.tools.linux_11.1.0.202001081728/tools/bin/../lib/gcc/arm-none-eabi/8.3.1/../../../../arm-none-eabi/lib/thumb/v7-m/nofp/libcr_c.a(_fdopen.o)
 .comment       0x0000000000000076       0x77 /usr/local/mcuxpressoide-11.1.1_3241/ide/plugins/com.nxp.mcuxpresso.tools.linux_11.1.0.202001081728/tools/bin/../lib/gcc/arm-none-eabi/8.3.1/../../../../arm-none-eabi/lib/thumb/v7-m/nofp/libcr_c.a(_fflush.o)
 .comment       0x0000000000000076       0x77 /usr/local/mcuxpressoide-11.1.1_3241/ide/plugins/com.nxp.mcuxpresso.tools.linux_11.1.0.202001081728/tools/bin/../lib/gcc/arm-none-eabi/8.3.1/../../../../arm-none-eabi/lib/thumb/v7-m/nofp/libcr_c.a(_writebuf.o)
 .comment       0x0000000000000076       0x77 /usr/local/mcuxpressoide-11.1.1_3241/ide/plugins/com.nxp.mcuxpresso.tools.linux_11.1.0.202001081728/tools/bin/../lib/gcc/arm-none-eabi/8.3.1/../../../../arm-none-eabi/lib/thumb/v7-m/nofp/libcr_c.a(errno.o)
 .comment       0x0000000000000076       0x77 /usr/local/mcuxpressoide-11.1.1_3241/ide/plugins/com.nxp.mcuxpresso.tools.linux_11.1.0.202001081728/tools/bin/../lib/gcc/arm-none-eabi/8.3.1/../../../../arm-none-eabi/lib/thumb/v7-m/nofp/libcr_c.a(fclose.o)
 .comment       0x0000000000000076       0x77 /usr/local/mcuxpressoide-11.1.1_3241/ide/plugins/com.nxp.mcuxpresso.tools.linux_11.1.0.202001081728/tools/bin/../lib/gcc/arm-none-eabi/8.3.1/../../../../arm-none-eabi/lib/thumb/v7-m/nofp/libcr_c.a(fflush.o)
 .comment       0x0000000000000076       0x77 /usr/local/mcuxpressoide-11.1.1_3241/ide/plugins/com.nxp.mcuxpresso.tools.linux_11.1.0.202001081728/tools/bin/../lib/gcc/arm-none-eabi/8.3.1/../../../../arm-none-eabi/lib/thumb/v7-m/nofp/libcr_c.a(fseek.o)
 .comment       0x0000000000000076       0x77 /usr/local/mcuxpressoide-11.1.1_3241/ide/plugins/com.nxp.mcuxpresso.tools.linux_11.1.0.202001081728/tools/bin/../lib/gcc/arm-none-eabi/8.3.1/../../../../arm-none-eabi/lib/thumb/v7-m/nofp/libcr_c.a(ftell.o)
 .comment       0x0000000000000076       0x77 /usr/local/mcuxpressoide-11.1.1_3241/ide/plugins/com.nxp.mcuxpresso.tools.linux_11.1.0.202001081728/tools/bin/../lib/gcc/arm-none-eabi/8.3.1/../../../../arm-none-eabi/lib/thumb/v7-m/nofp/libcr_c.a(remove.o)
 .comment       0x0000000000000076       0x77 /usr/local/mcuxpressoide-11.1.1_3241/ide/plugins/com.nxp.mcuxpresso.tools.linux_11.1.0.202001081728/tools/bin/../lib/gcc/arm-none-eabi/8.3.1/../../../../arm-none-eabi/lib/thumb/v7-m/nofp/libcr_c.a(_cr_check_heap.o)
 .comment       0x0000000000000076       0x77 /usr/local/mcuxpressoide-11.1.1_3241/ide/plugins/com.nxp.mcuxpresso.tools.linux_11.1.0.202001081728/tools/bin/../lib/gcc/arm-none-eabi/8.3.1/../../../../arm-none-eabi/lib/thumb/v7-m/nofp/libcr_c.a(_do_fflush.o)
 .comment       0x0000000000000076       0x77 /usr/local/mcuxpressoide-11.1.1_3241/ide/plugins/com.nxp.mcuxpresso.tools.linux_11.1.0.202001081728/tools/bin/../lib/gcc/arm-none-eabi/8.3.1/../../../../arm-none-eabi/lib/thumb/v7-m/nofp/libcr_nohost.a(__ciob.o)
 .comment       0x0000000000000076       0x77 /usr/local/mcuxpressoide-11.1.1_3241/ide/plugins/com.nxp.mcuxpresso.tools.linux_11.1.0.202001081728/tools/bin/../lib/gcc/arm-none-eabi/8.3.1/../../../../arm-none-eabi/lib/thumb/v7-m/nofp/libcr_nohost.a(__sys_close.o)
 .comment       0x0000000000000076       0x77 /usr/local/mcuxpressoide-11.1.1_3241/ide/plugins/com.nxp.mcuxpresso.tools.linux_11.1.0.202001081728/tools/bin/../lib/gcc/arm-none-eabi/8.3.1/../../../../arm-none-eabi/lib/thumb/v7-m/nofp/libcr_nohost.a(__sys_flen.o)
 .comment       0x0000000000000076       0x77 /usr/local/mcuxpressoide-11.1.1_3241/ide/plugins/com.nxp.mcuxpresso.tools.linux_11.1.0.202001081728/tools/bin/../lib/gcc/arm-none-eabi/8.3.1/../../../../arm-none-eabi/lib/thumb/v7-m/nofp/libcr_nohost.a(__sys_istty.o)
 .comment       0x0000000000000076       0x77 /usr/local/mcuxpressoide-11.1.1_3241/ide/plugins/com.nxp.mcuxpresso.tools.linux_11.1.0.202001081728/tools/bin/../lib/gcc/arm-none-eabi/8.3.1/../../../../arm-none-eabi/lib/thumb/v7-m/nofp/libcr_nohost.a(__sys_remove.o)
 .comment       0x0000000000000076       0x77 /usr/local/mcuxpressoide-11.1.1_3241/ide/plugins/com.nxp.mcuxpresso.tools.linux_11.1.0.202001081728/tools/bin/../lib/gcc/arm-none-eabi/8.3.1/../../../../arm-none-eabi/lib/thumb/v7-m/nofp/libcr_nohost.a(__sys_seek.o)
 .comment       0x0000000000000076       0x77 /usr/local/mcuxpressoide-11.1.1_3241/ide/plugins/com.nxp.mcuxpresso.tools.linux_11.1.0.202001081728/tools/bin/../lib/gcc/arm-none-eabi/8.3.1/../../../../arm-none-eabi/lib/thumb/v7-m/nofp/libcr_nohost.a(__sys_tmpnam.o)

.ARM.attributes
                0x0000000000000000       0x2b
 .ARM.attributes
                0x0000000000000000       0x2d ./source/src/cr_startup_lpc175x_6x.o
 .ARM.attributes
                0x000000000000002d       0x2d ./source/src/critical.o
 .ARM.attributes
                0x000000000000005a       0x2d ./source/src/sysinit.o
 .ARM.attributes
                0x0000000000000087       0x2d ./freertos/src/FreeRTOSCommonHooks.o
 .ARM.attributes
                0x00000000000000b4       0x2d ./freertos/src/heap_3.o
 .ARM.attributes
                0x00000000000000e1       0x2d ./freertos/src/list.o
 .ARM.attributes
                0x000000000000010e       0x2d ./freertos/src/port.o
 .ARM.attributes
                0x000000000000013b       0x2d ./freertos/src/tasks.o
 .ARM.attributes
                0x0000000000000168       0x2d /home/joyal/Documents/MCUXpresso_11.1.1_3241/workspace/lpc_board_nxp_lpcxpresso_1769/Debug/liblpc_board_nxp_lpcxpresso_1769.a(board.o)
 .ARM.attributes
                0x0000000000000195       0x2d /home/joyal/Documents/MCUXpresso_11.1.1_3241/workspace/lpc_board_nxp_lpcxpresso_1769/Debug/liblpc_board_nxp_lpcxpresso_1769.a(board_sysinit.o)
 .ARM.attributes
                0x00000000000001c2       0x2d /home/joyal/Documents/MCUXpresso_11.1.1_3241/workspace/lpc_chip_175x_6x/Debug/liblpc_chip_175x_6x.a(chip_17xx_40xx.o)
 .ARM.attributes
                0x00000000000001ef       0x2d /home/joyal/Documents/MCUXpresso_11.1.1_3241/workspace/lpc_chip_175x_6x/Debug/liblpc_chip_175x_6x.a(clock_17xx_40xx.o)
 .ARM.attributes
                0x000000000000021c       0x2d /home/joyal/Documents/MCUXpresso_11.1.1_3241/workspace/lpc_chip_175x_6x/Debug/liblpc_chip_175x_6x.a(iocon_17xx_40xx.o)
 .ARM.attributes
                0x0000000000000249       0x2d /home/joyal/Documents/MCUXpresso_11.1.1_3241/workspace/lpc_chip_175x_6x/Debug/liblpc_chip_175x_6x.a(sysinit_17xx_40xx.o)
 .ARM.attributes
                0x0000000000000276       0x2d /home/joyal/Documents/MCUXpresso_11.1.1_3241/workspace/lpc_chip_175x_6x/Debug/liblpc_chip_175x_6x.a(uart_17xx_40xx.o)
 .ARM.attributes
                0x00000000000002a3       0x2d /usr/local/mcuxpressoide-11.1.1_3241/ide/plugins/com.nxp.mcuxpresso.tools.linux_11.1.0.202001081728/tools/bin/../lib/gcc/arm-none-eabi/8.3.1/../../../../arm-none-eabi/lib/thumb/v7-m/nofp/libcr_nohost.a(_cr__main.o)
 .ARM.attributes
                0x00000000000002d0       0x2d /usr/local/mcuxpressoide-11.1.1_3241/ide/plugins/com.nxp.mcuxpresso.tools.linux_11.1.0.202001081728/tools/bin/../lib/gcc/arm-none-eabi/8.3.1/../../../../arm-none-eabi/lib/thumb/v7-m/nofp/libcr_c.a(memset.o)
 .ARM.attributes
                0x00000000000002fd       0x2d /usr/local/mcuxpressoide-11.1.1_3241/ide/plugins/com.nxp.mcuxpresso.tools.linux_11.1.0.202001081728/tools/bin/../lib/gcc/arm-none-eabi/8.3.1/../../../../arm-none-eabi/lib/thumb/v7-m/nofp/libcr_c.a(alloc.o)
 .ARM.attributes
                0x000000000000032a       0x2d /usr/local/mcuxpressoide-11.1.1_3241/ide/plugins/com.nxp.mcuxpresso.tools.linux_11.1.0.202001081728/tools/bin/../lib/gcc/arm-none-eabi/8.3.1/../../../../arm-none-eabi/lib/thumb/v7-m/nofp/libcr_c.a(initio.o)
 .ARM.attributes
                0x0000000000000357       0x2d /usr/local/mcuxpressoide-11.1.1_3241/ide/plugins/com.nxp.mcuxpresso.tools.linux_11.1.0.202001081728/tools/bin/../lib/gcc/arm-none-eabi/8.3.1/../../../../arm-none-eabi/lib/thumb/v7-m/nofp/libcr_c.a(setvbuf.o)
 .ARM.attributes
                0x0000000000000384       0x2d /usr/local/mcuxpressoide-11.1.1_3241/ide/plugins/com.nxp.mcuxpresso.tools.linux_11.1.0.202001081728/tools/bin/../lib/gcc/arm-none-eabi/8.3.1/../../../../arm-none-eabi/lib/thumb/v7-m/nofp/libcr_c.a(strlen.o)
 .ARM.attributes
                0x00000000000003b1       0x2d /usr/local/mcuxpressoide-11.1.1_3241/ide/plugins/com.nxp.mcuxpresso.tools.linux_11.1.0.202001081728/tools/bin/../lib/gcc/arm-none-eabi/8.3.1/../../../../arm-none-eabi/lib/thumb/v7-m/nofp/libcr_c.a(__init_alloc.o)
 .ARM.attributes
                0x00000000000003de       0x2d /usr/local/mcuxpressoide-11.1.1_3241/ide/plugins/com.nxp.mcuxpresso.tools.linux_11.1.0.202001081728/tools/bin/../lib/gcc/arm-none-eabi/8.3.1/../../../../arm-none-eabi/lib/thumb/v7-m/nofp/libcr_c.a(_cr_sbrk.o)
 .ARM.attributes
                0x000000000000040b       0x2d /usr/local/mcuxpressoide-11.1.1_3241/ide/plugins/com.nxp.mcuxpresso.tools.linux_11.1.0.202001081728/tools/bin/../lib/gcc/arm-none-eabi/8.3.1/../../../../arm-none-eabi/lib/thumb/v7-m/nofp/libcr_c.a(_deferredlazyseek.o)
 .ARM.attributes
                0x0000000000000438       0x2d /usr/local/mcuxpressoide-11.1.1_3241/ide/plugins/com.nxp.mcuxpresso.tools.linux_11.1.0.202001081728/tools/bin/../lib/gcc/arm-none-eabi/8.3.1/../../../../arm-none-eabi/lib/thumb/v7-m/nofp/libcr_c.a(_fdopen.o)
 .ARM.attributes
                0x0000000000000465       0x2d /usr/local/mcuxpressoide-11.1.1_3241/ide/plugins/com.nxp.mcuxpresso.tools.linux_11.1.0.202001081728/tools/bin/../lib/gcc/arm-none-eabi/8.3.1/../../../../arm-none-eabi/lib/thumb/v7-m/nofp/libcr_c.a(_fflush.o)
 .ARM.attributes
                0x0000000000000492       0x2d /usr/local/mcuxpressoide-11.1.1_3241/ide/plugins/com.nxp.mcuxpresso.tools.linux_11.1.0.202001081728/tools/bin/../lib/gcc/arm-none-eabi/8.3.1/../../../../arm-none-eabi/lib/thumb/v7-m/nofp/libcr_c.a(_writebuf.o)
 .ARM.attributes
                0x00000000000004bf       0x33 /usr/local/mcuxpressoide-11.1.1_3241/ide/plugins/com.nxp.mcuxpresso.tools.linux_11.1.0.202001081728/tools/bin/../lib/gcc/arm-none-eabi/8.3.1/../../../../arm-none-eabi/lib/thumb/v7-m/nofp/libcr_c.a(errno.o)
 .ARM.attributes
                0x00000000000004f2       0x2d /usr/local/mcuxpressoide-11.1.1_3241/ide/plugins/com.nxp.mcuxpresso.tools.linux_11.1.0.202001081728/tools/bin/../lib/gcc/arm-none-eabi/8.3.1/../../../../arm-none-eabi/lib/thumb/v7-m/nofp/libcr_c.a(fclose.o)
 .ARM.attributes
                0x000000000000051f       0x2d /usr/local/mcuxpressoide-11.1.1_3241/ide/plugins/com.nxp.mcuxpresso.tools.linux_11.1.0.202001081728/tools/bin/../lib/gcc/arm-none-eabi/8.3.1/../../../../arm-none-eabi/lib/thumb/v7-m/nofp/libcr_c.a(fflush.o)
 .ARM.attributes
                0x000000000000054c       0x2d /usr/local/mcuxpressoide-11.1.1_3241/ide/plugins/com.nxp.mcuxpresso.tools.linux_11.1.0.202001081728/tools/bin/../lib/gcc/arm-none-eabi/8.3.1/../../../../arm-none-eabi/lib/thumb/v7-m/nofp/libcr_c.a(fseek.o)
 .ARM.attributes
                0x0000000000000579       0x2d /usr/local/mcuxpressoide-11.1.1_3241/ide/plugins/com.nxp.mcuxpresso.tools.linux_11.1.0.202001081728/tools/bin/../lib/gcc/arm-none-eabi/8.3.1/../../../../arm-none-eabi/lib/thumb/v7-m/nofp/libcr_c.a(ftell.o)
 .ARM.attributes
                0x00000000000005a6       0x2d /usr/local/mcuxpressoide-11.1.1_3241/ide/plugins/com.nxp.mcuxpresso.tools.linux_11.1.0.202001081728/tools/bin/../lib/gcc/arm-none-eabi/8.3.1/../../../../arm-none-eabi/lib/thumb/v7-m/nofp/libcr_c.a(remove.o)
 .ARM.attributes
                0x00000000000005d3       0x2d /usr/local/mcuxpressoide-11.1.1_3241/ide/plugins/com.nxp.mcuxpresso.tools.linux_11.1.0.202001081728/tools/bin/../lib/gcc/arm-none-eabi/8.3.1/../../../../arm-none-eabi/lib/thumb/v7-m/nofp/libcr_c.a(_cr_check_heap.o)
 .ARM.attributes
                0x0000000000000600       0x2d /usr/local/mcuxpressoide-11.1.1_3241/ide/plugins/com.nxp.mcuxpresso.tools.linux_11.1.0.202001081728/tools/bin/../lib/gcc/arm-none-eabi/8.3.1/../../../../arm-none-eabi/lib/thumb/v7-m/nofp/libcr_c.a(_do_fflush.o)
 .ARM.attributes
                0x000000000000062d       0x1b /usr/local/mcuxpressoide-11.1.1_3241/ide/plugins/com.nxp.mcuxpresso.tools.linux_11.1.0.202001081728/tools/bin/../lib/gcc/arm-none-eabi/8.3.1/thumb/v7-m/nofp/libcr_eabihelpers.a(memcpy.o)
 .ARM.attributes
                0x0000000000000648       0x33 /usr/local/mcuxpressoide-11.1.1_3241/ide/plugins/com.nxp.mcuxpresso.tools.linux_11.1.0.202001081728/tools/bin/../lib/gcc/arm-none-eabi/8.3.1/../../../../arm-none-eabi/lib/thumb/v7-m/nofp/libcr_nohost.a(__ciob.o)
 .ARM.attributes
                0x000000000000067b       0x2d /usr/local/mcuxpressoide-11.1.1_3241/ide/plugins/com.nxp.mcuxpresso.tools.linux_11.1.0.202001081728/tools/bin/../lib/gcc/arm-none-eabi/8.3.1/../../../../arm-none-eabi/lib/thumb/v7-m/nofp/libcr_nohost.a(__sys_close.o)
 .ARM.attributes
                0x00000000000006a8       0x2d /usr/local/mcuxpressoide-11.1.1_3241/ide/plugins/com.nxp.mcuxpresso.tools.linux_11.1.0.202001081728/tools/bin/../lib/gcc/arm-none-eabi/8.3.1/../../../../arm-none-eabi/lib/thumb/v7-m/nofp/libcr_nohost.a(__sys_flen.o)
 .ARM.attributes
                0x00000000000006d5       0x2d /usr/local/mcuxpressoide-11.1.1_3241/ide/plugins/com.nxp.mcuxpresso.tools.linux_11.1.0.202001081728/tools/bin/../lib/gcc/arm-none-eabi/8.3.1/../../../../arm-none-eabi/lib/thumb/v7-m/nofp/libcr_nohost.a(__sys_istty.o)
 .ARM.attributes
                0x0000000000000702       0x2d /usr/local/mcuxpressoide-11.1.1_3241/ide/plugins/com.nxp.mcuxpresso.tools.linux_11.1.0.202001081728/tools/bin/../lib/gcc/arm-none-eabi/8.3.1/../../../../arm-none-eabi/lib/thumb/v7-m/nofp/libcr_nohost.a(__sys_remove.o)
 .ARM.attributes
                0x000000000000072f       0x2d /usr/local/mcuxpressoide-11.1.1_3241/ide/plugins/com.nxp.mcuxpresso.tools.linux_11.1.0.202001081728/tools/bin/../lib/gcc/arm-none-eabi/8.3.1/../../../../arm-none-eabi/lib/thumb/v7-m/nofp/libcr_nohost.a(__sys_seek.o)
 .ARM.attributes
                0x000000000000075c       0x2d /usr/local/mcuxpressoide-11.1.1_3241/ide/plugins/com.nxp.mcuxpresso.tools.linux_11.1.0.202001081728/tools/bin/../lib/gcc/arm-none-eabi/8.3.1/../../../../arm-none-eabi/lib/thumb/v7-m/nofp/libcr_nohost.a(__sys_tmpnam.o)

.debug_frame    0x0000000000000000     0x1ec0
 .debug_frame   0x0000000000000000      0x170 ./source/src/cr_startup_lpc175x_6x.o
 .debug_frame   0x0000000000000170       0xb0 ./source/src/critical.o
 .debug_frame   0x0000000000000220       0x34 ./source/src/sysinit.o
 .debug_frame   0x0000000000000254       0xb0 ./freertos/src/FreeRTOSCommonHooks.o
 .debug_frame   0x0000000000000304       0x58 ./freertos/src/heap_3.o
 .debug_frame   0x000000000000035c       0xd8 ./freertos/src/list.o
 .debug_frame   0x0000000000000434      0x198 ./freertos/src/port.o
 .debug_frame   0x00000000000005cc      0x634 ./freertos/src/tasks.o
 .debug_frame   0x0000000000000c00      0x640 /home/joyal/Documents/MCUXpresso_11.1.1_3241/workspace/lpc_board_nxp_lpcxpresso_1769/Debug/liblpc_board_nxp_lpcxpresso_1769.a(board.o)
 .debug_frame   0x0000000000001240       0x8c /home/joyal/Documents/MCUXpresso_11.1.1_3241/workspace/lpc_board_nxp_lpcxpresso_1769/Debug/liblpc_board_nxp_lpcxpresso_1769.a(board_sysinit.o)
 .debug_frame   0x00000000000012cc       0x88 /home/joyal/Documents/MCUXpresso_11.1.1_3241/workspace/lpc_chip_175x_6x/Debug/liblpc_chip_175x_6x.a(chip_17xx_40xx.o)
 .debug_frame   0x0000000000001354      0x490 /home/joyal/Documents/MCUXpresso_11.1.1_3241/workspace/lpc_chip_175x_6x/Debug/liblpc_chip_175x_6x.a(clock_17xx_40xx.o)
 .debug_frame   0x00000000000017e4       0x80 /home/joyal/Documents/MCUXpresso_11.1.1_3241/workspace/lpc_chip_175x_6x/Debug/liblpc_chip_175x_6x.a(iocon_17xx_40xx.o)
 .debug_frame   0x0000000000001864      0x12c /home/joyal/Documents/MCUXpresso_11.1.1_3241/workspace/lpc_chip_175x_6x/Debug/liblpc_chip_175x_6x.a(sysinit_17xx_40xx.o)
 .debug_frame   0x0000000000001990      0x530 /home/joyal/Documents/MCUXpresso_11.1.1_3241/workspace/lpc_chip_175x_6x/Debug/liblpc_chip_175x_6x.a(uart_17xx_40xx.o)
